2026-09-03 21:53:32,474 [WARNING] UniProt:P01848 attempt 1/3 failed
2026-09-03 21:53:32,476 [WARNING] UniProt:P01848 attempt 1/3 failed
2026-09-03 21:53:34,379 [WARNING] [1BD2:E] 2 UniProt mappings found (A0A0K0K1A5, A0A5B9) — forcing GO fallback
2026-09-03 21:53:35,221 [WARNING] [1BD2:D] 2 UniProt mappings found (P04437, P01848) — forcing GO fallback
2026-09-03 21:53:38,636 [WARNING] UniProt:P01850 attempt 1/3 failed
2026-09-03 21:53:38,710 [WARNING] UniProt:P01848 attempt 1/3 failed
2026-09-03 21:53:39,796 [WARNING] UniProt:P01848 attempt 1/3 failed
2026-09-03 21:53:41,253 [WARNING] [2BNQ:E] 2 UniProt mappings found (A0A0K0K1A5, P01850) — forcing GO fallback
2026-09-03 21:53:42,275 [WARNING] [2BNQ:D] 2 UniProt mappings found (A0A0B4J279, P01848) — forcing GO fallback
2026-09-03 21:53:45,238 [WARNING] [2BNR:E] 2 UniProt mappings found (A0A0K0K1A5, P01850) — forcing GO fallback
2026-09-03 21:53:48,309 [WARNING] [2BNR:D] 2 UniProt mappings found (A0A0B4J279, P01848) — forcing GO fallback
2026-09-03 21:53:49,229 [WARNING] [1AO7:D] 2 UniProt mappings found (A0A075B6T6, P01848) — forcing GO fallback
2026-09-03 21:54:01,752 [INFO] [4EN3:A] GO fallback forced via FORCE_GO_FALLBACK override — skipping SIFTS/UniProt lookup
2026-09-03 21:54:01,913 [INFO] [4EN3:B] GO fallback forced via FORCE_GO_FALLBACK override — skipping SIFTS/UniProt lookup
2026-09-03 21:54:08,242 [INFO] [4MJI:D] GO fallback forced via FORCE_GO_FALLBACK override — skipping SIFTS/UniProt lookup
2026-09-03 21:54:25,870 [WARNING] UniProt:P01848 attempt 1/3 failed
2026-09-03 21:54:26,725 [WARNING] UniProt:P02768 attempt 1/3 failed
2026-09-03 21:54:41,241 [INFO] [5E6I:G] GO fallback forced via FORCE_GO_FALLBACK override — skipping SIFTS/UniProt lookup
2026-09-03 21:54:48,224 [WARNING] [4WW2:A] 2 UniProt mappings found (A0A0B4J279, P01848) — forcing GO fallback
2026-09-03 21:54:51,370 [WARNING] [5BRZ:E] 2 UniProt mappings found (A0A578, A0A5B9) — forcing GO fallback
2026-09-03 21:54:52,228 [WARNING] [5C07:D] 2 UniProt mappings found (A0A0B4J271, P01848) — forcing GO fallback
2026-09-03 21:54:52,241 [WARNING] [5C0C:I] 2 UniProt mappings found (A0A0B4J271, P01848) — forcing GO fallback
2026-09-03 21:54:53,233 [WARNING] [5C08:D] 2 UniProt mappings found (A0A0B4J271, P01848) — forcing GO fallback
2026-09-03 21:54:55,210 [WARNING] [5C09:E] 2 UniProt mappings found (A0A0B4J2E0, A0A5B9) — forcing GO fallback
2026-09-03 21:54:55,215 [WARNING] [4WWK:B] 2 UniProt mappings found (A0A0K0K1A5, A0A5B9) — forcing GO fallback
2026-09-03 21:54:56,216 [WARNING] [5C09:D] 2 UniProt mappings found (A0A0B4J271, P01848) — forcing GO fallback
2026-09-03 21:54:56,230 [WARNING] [5BS0:E] 2 UniProt mappings found (A0A578, A0A5B9) — forcing GO fallback
2026-09-03 21:54:56,513 [WARNING] UniProt:A0A0B4J2E0 attempt 1/3 failed
2026-09-03 21:54:57,280 [WARNING] [4WWK:A] 2 UniProt mappings found (A0A0B4J271, P01848) — forcing GO fallback
2026-09-03 21:54:58,211 [WARNING] [5BRZ:D] 2 UniProt mappings found (A0A0B4J279, P01848) — forcing GO fallback
2026-09-03 21:54:58,749 [WARNING] UniProt:P01848 attempt 1/3 failed
2026-09-03 21:54:59,236 [WARNING] [5C0B:D] 2 UniProt mappings found (A0A0B4J271, P01848) — forcing GO fallback
2026-09-03 21:55:00,217 [WARNING] [5C0A:D] 2 UniProt mappings found (A0A0B4J271, P01848) — forcing GO fallback
2026-09-03 21:55:01,294 [WARNING] [5C08:E] 2 UniProt mappings found (A0A0B4J2E0, A0A5B9) — forcing GO fallback
2026-09-03 21:55:02,228 [WARNING] [5C0B:E] 2 UniProt mappings found (A0A0B4J2E0, A0A5B9) — forcing GO fallback
2026-09-03 21:55:03,282 [WARNING] [5C0A:E] 2 UniProt mappings found (A0A0B4J2E0, A0A5B9) — forcing GO fallback
2026-09-03 21:55:04,235 [WARNING] [5C07:E] 2 UniProt mappings found (A0A0B4J2E0, A0A5B9) — forcing GO fallback
2026-09-03 21:55:04,294 [WARNING] [5EU6:E] 2 UniProt mappings found (A0A592, A0A5B9) — forcing GO fallback
2026-09-03 21:55:05,355 [WARNING] [5HHO:D] 2 UniProt mappings found (A0A087WT01, P01848) — forcing GO fallback
2026-09-03 21:55:06,365 [WARNING] [5EU6:D] 2 UniProt mappings found (A0A0B4J279, P01848) — forcing GO fallback
2026-09-03 21:55:08,226 [WARNING] [5BS0:D] 2 UniProt mappings found (A0A0B4J279, P01848) — forcing GO fallback
2026-09-03 21:55:09,324 [WARNING] [5HHM:D] 2 UniProt mappings found (A0A087WT01, P01848) — forcing GO fallback
2026-09-03 21:55:12,216 [WARNING] [5HHM:E] 2 UniProt mappings found (A0A075B6N1, A0A5B9) — forcing GO fallback
2026-09-03 21:55:14,238 [WARNING] [5C0C:J] 2 UniProt mappings found (A0A0B4J2E0, A0A5B9) — forcing GO fallback
2026-09-03 21:55:14,292 [WARNING] [5NHT:B] 2 UniProt mappings found (A0A5B3, A0A0C4ZKA8) — forcing GO fallback
2026-09-03 21:55:15,229 [INFO] [6BJ2:E] GO fallback forced via FORCE_GO_FALLBACK override — skipping SIFTS/UniProt lookup
2026-09-03 21:55:15,234 [WARNING] [5HYJ:E] 2 UniProt mappings found (A0A0B4J2E0, A0A5B9) — forcing GO fallback
2026-09-03 21:55:15,680 [INFO] [6BJ3:H] GO fallback forced via FORCE_GO_FALLBACK override — skipping SIFTS/UniProt lookup
2026-09-03 21:55:15,971 [INFO] [6BJ8:H] GO fallback forced via FORCE_GO_FALLBACK override — skipping SIFTS/UniProt lookup
2026-09-03 21:55:16,177 [WARNING] UniProt:A0A0K0K1A5 attempt 1/3 failed
2026-09-03 21:55:16,279 [WARNING] [5NHT:A] 2 UniProt mappings found (A0A075B6T6, K7N5N2) — forcing GO fallback
2026-09-03 21:55:16,574 [INFO] [6D78:D] GO fallback forced via FORCE_GO_FALLBACK override — skipping SIFTS/UniProt lookup
2026-09-03 21:55:16,736 [INFO] [6D78:E] GO fallback forced via FORCE_GO_FALLBACK override — skipping SIFTS/UniProt lookup
2026-09-03 21:55:17,224 [WARNING] [5MEN:D] 2 UniProt mappings found (A0A0B4J277, K7N5M3) — forcing GO fallback
2026-09-03 21:55:17,291 [WARNING] [5HHO:E] 2 UniProt mappings found (A0A075B6N1, A0A5B9) — forcing GO fallback
2026-09-03 21:55:20,769 [WARNING] UniProt:P01848 attempt 1/3 failed
2026-09-03 21:55:21,158 [WARNING] UniProt:P43629 attempt 1/3 failed
2026-09-03 21:55:28,318 [WARNING] [5WKH:D] 2 UniProt mappings found (A0A087WSZ9, K7N5N2) — forcing GO fallback
2026-09-03 21:55:29,342 [WARNING] [5HYJ:D] 2 UniProt mappings found (A0A0B4J271, P01848) — forcing GO fallback
2026-09-03 21:55:34,185 [WARNING] [5WKF:D] 2 UniProt mappings found (A0A087WSZ9, K7N5N2) — forcing GO fallback
2026-09-03 21:55:35,191 [WARNING] [5WKI:D] 2 UniProt mappings found (A0A087WT03, Q6P4G7) — forcing GO fallback
2026-09-03 21:55:37,302 [WARNING] [5MEN:E] 2 UniProt mappings found (A0A0K0K1A5, K7N5M4) — forcing GO fallback
2026-09-03 21:55:39,302 [WARNING] [6DKP:E] 2 UniProt mappings found (A0A1B0GXE1, K7N5M4) — forcing GO fallback
2026-09-03 21:55:39,502 [INFO] [6V80:D] GO fallback forced via FORCE_GO_FALLBACK override — skipping SIFTS/UniProt lookup
2026-09-03 21:55:40,319 [WARNING] [6DKP:D] 2 UniProt mappings found (A0A075B6T6, P01848) — forcing GO fallback
2026-09-03 21:55:49,704 [WARNING] [6R2L:E] 2 UniProt mappings found (K7N5M4, A0A584) — forcing GO fallback
2026-09-03 21:55:50,271 [WARNING] [6R2L:D] 2 UniProt mappings found (K7N5M3, A0A0B4J277) — forcing GO fallback
2026-09-03 21:55:55,478 [WARNING] [6V80:C] 2 UniProt mappings found (A0A0B4J240, K7N5M3) — forcing GO fallback
2026-09-03 21:56:07,407 [INFO] [7Q9B:EEE] GO fallback forced via FORCE_GO_FALLBACK override — skipping SIFTS/UniProt lookup
2026-09-03 21:56:23,450 [WARNING] [7NDQ:DDD] 3 UniProt mappings found (P0DSE1, A0A0B4J268, A0A075B6U7) — forcing GO fallback
2026-09-03 21:56:23,970 [WARNING] [7NDT:DDD] 3 UniProt mappings found (A0A087WT03, A0A087X096, P01848) — forcing GO fallback
2026-09-03 21:56:24,299 [WARNING] [7NDQ:EEE] 3 UniProt mappings found (P04435, A0A0J9YX06, K7N5M4) — forcing GO fallback
2026-09-03 21:56:25,301 [WARNING] [7NDT:EEE] 3 UniProt mappings found (A0A5B0, A0A0B4J200, A0A5B9) — forcing GO fallback
2026-09-03 21:56:26,191 [WARNING] [7NDU:DDD] 3 UniProt mappings found (P0DSE1, A0A0B4J268, A0A075B6U7) — forcing GO fallback
2026-09-03 21:56:27,268 [WARNING] [7NDU:EEE] 3 UniProt mappings found (P04435, A0A0J9YX06, K7N5M4) — forcing GO fallback
2026-09-03 21:56:28,717 [WARNING] [7RYM:C] 2 UniProt mappings found (A0A0C4DH28, P01850) — forcing GO fallback
2026-09-03 21:56:29,249 [WARNING] [7RYO:C] 2 UniProt mappings found (A0A0C4DH28, P01850) — forcing GO fallback
2026-09-03 21:56:44,978 [WARNING] [8RLT:D] 2 UniProt mappings found (A0A075B6T6, P0DTU3) — forcing GO fallback
2026-09-03 21:56:45,247 [WARNING] [8RLT:E] 2 UniProt mappings found (P0DTU4, A0A0K0K1A5) — forcing GO fallback
2026-09-03 21:56:46,027 [WARNING] [8RLU:E] 2 UniProt mappings found (P0DTU4, A0A0K0K1A5) — forcing GO fallback
2026-09-03 21:56:46,250 [WARNING] [8RLU:D] 2 UniProt mappings found (A0A075B6T6, P0DTU3) — forcing GO fallback
2026-09-03 21:56:46,928 [WARNING] [8RLV:D] 2 UniProt mappings found (A0A075B6T6, P0DTU3) — forcing GO fallback
2026-09-03 21:56:47,328 [WARNING] [8RLV:E] 2 UniProt mappings found (P0DTU4, A0A0K0K1A5) — forcing GO fallback
2026-09-03 21:57:27,548 [WARNING] [9WBD:A] 2 UniProt mappings found (A0A0B4J276, P01848) — forcing GO fallback
2026-09-03 21:57:28,025 [INFO] Kept 6 row(s) that failed the organism filter due to ORGANISM_FILTER_EXCEPTIONS (pdb_ids: ['6V7Y', '6V7Z', '6V80', '7BH8', '8SOS'])
2026-09-03 21:57:28,043 [INFO] No B2M-classified rows found; B2M CSV not written.
2026-09-03 21:57:28,043 [INFO] Reconciliation OK: 841 input chains = 841 kept + 0 errors.
