2026-08-18 00:28:56,155 [INFO] [START] AFDB annotations; rows=199
2026-08-18 00:28:56,164 [INFO] [1/199] [AFDB] AF-E9LY28-F1-model_v6
2026-08-18 00:28:56,164 [INFO] [2/199] [AFDB] AF-Q4ZHW0-F1-model_v6
2026-08-18 00:28:56,167 [INFO] [3/199] [AFDB] AF-G1EPK5-F1-model_v6
2026-08-18 00:28:56,168 [INFO] [4/199] [AFDB] AF-Q9TP47-F1-model_v6
2026-08-18 00:28:56,170 [INFO] [5/199] [AFDB] AF-D5FHX9-F1-model_v6
2026-08-18 00:28:56,172 [INFO] [6/199] [AFDB] AF-M1FUU1-F1-model_v6
2026-08-18 00:28:56,174 [INFO] [7/199] [AFDB] AF-D3XDG1-F1-model_v6
2026-08-18 00:28:56,175 [INFO] [8/199] [AFDB] AF-F2VYK1-F1-model_v6
2026-08-18 00:28:56,177 [INFO] [9/199] [AFDB] AF-C8CJE0-F1-model_v6
2026-08-18 00:28:56,178 [INFO] [10/199] [AFDB] AF-D9U3H4-F1-model_v6
2026-08-18 00:28:56,180 [INFO] [11/199] [AFDB] AF-D0VE37-F1-model_v6
2026-08-18 00:28:56,181 [INFO] [12/199] [AFDB] AF-I6QQT3-F1-model_v6
2026-08-18 00:28:56,183 [INFO] [13/199] [AFDB] AF-F4YZV1-F1-model_v6
2026-08-18 00:28:56,184 [INFO] [14/199] [AFDB] AF-A0A0N7A4Q6-F1-model_v6
2026-08-18 00:28:56,186 [INFO] [15/199] [AFDB] AF-C7FDS0-F1-model_v6
2026-08-18 00:28:56,186 [INFO] [16/199] [AFDB] AF-D3U494-F1-model_v6
2026-08-18 00:28:57,452 [WARNING] [UNIPROT] D3U494: protein name missing
2026-08-18 00:28:57,455 [WARNING] [UNIPROT] D3U494: gene name missing
2026-08-18 00:28:57,456 [WARNING] [UNIPROT] A0A0N7A4Q6: protein name missing
2026-08-18 00:28:57,458 [INFO] [17/199] [AFDB] AF-G1ENH0-F1-model_v6
2026-08-18 00:28:57,462 [WARNING] [UNIPROT] A0A0N7A4Q6: gene name missing
2026-08-18 00:28:57,463 [WARNING] [UNIPROT] G1EPK5: protein name missing
2026-08-18 00:28:57,464 [WARNING] [UNIPROT] Q9TP47: used submissionNames
2026-08-18 00:28:57,474 [INFO] [18/199] [AFDB] AF-F4YU60-F1-model_v6
2026-08-18 00:28:57,475 [WARNING] [UNIPROT] G1EPK5: gene name missing
2026-08-18 00:28:57,477 [INFO] [19/199] [AFDB] AF-A0A1C4HD47-F1-model_v6
2026-08-18 00:28:57,477 [INFO] [20/199] [AFDB] AF-A0A141AZ86-F1-model_v6
2026-08-18 00:28:58,516 [WARNING] [UNIPROT] D3XDG1: protein name missing
2026-08-18 00:28:58,520 [WARNING] [UNIPROT] Q4ZHW0: used submissionNames
2026-08-18 00:28:58,520 [WARNING] [UNIPROT] D3XDG1: gene name missing
2026-08-18 00:28:58,521 [INFO] [21/199] [AFDB] AF-G1C121-F1-model_v6
2026-08-18 00:28:58,522 [INFO] [22/199] [AFDB] AF-F4YU58-F1-model_v6
2026-08-18 00:28:58,562 [WARNING] [UNIPROT] C7FDS0: protein name missing
2026-08-18 00:28:58,564 [WARNING] [UNIPROT] C7FDS0: gene name missing
2026-08-18 00:28:58,565 [INFO] [23/199] [AFDB] AF-Q8HWL5-F1-model_v6
2026-08-18 00:28:58,668 [WARNING] [UNIPROT] E9LY28: protein name missing
2026-08-18 00:28:58,670 [WARNING] [UNIPROT] E9LY28: gene name missing
2026-08-18 00:28:58,671 [INFO] [24/199] [AFDB] AF-B5LZ22-F1-model_v6
2026-08-18 00:28:59,609 [WARNING] [UNIPROT] D0VE37: protein name missing
2026-08-18 00:28:59,609 [WARNING] [UNIPROT] D0VE37: gene name missing
2026-08-18 00:28:59,610 [INFO] [25/199] [AFDB] AF-Q29759-F1-model_v6
2026-08-18 00:28:59,633 [WARNING] [UNIPROT] D5FHX9: protein name missing
2026-08-18 00:28:59,634 [WARNING] [UNIPROT] D5FHX9: gene name missing
2026-08-18 00:28:59,635 [INFO] [26/199] [AFDB] AF-D1MEQ8-F1-model_v6
2026-08-18 00:28:59,722 [WARNING] [UNIPROT] F2VYK1: protein name missing
2026-08-18 00:28:59,723 [WARNING] [UNIPROT] F2VYK1: gene name missing
2026-08-18 00:28:59,723 [INFO] [27/199] [AFDB] AF-I6NS75-F1-model_v6
2026-08-18 00:28:59,737 [WARNING] [UNIPROT] C8CJE0: protein name missing
2026-08-18 00:28:59,738 [WARNING] [UNIPROT] C8CJE0: gene name missing
2026-08-18 00:28:59,738 [INFO] [28/199] [AFDB] AF-E2D5R3-F1-model_v6
2026-08-18 00:29:00,678 [WARNING] [UNIPROT] I6NS75: protein name missing
2026-08-18 00:29:00,679 [WARNING] [UNIPROT] I6NS75: gene name missing
2026-08-18 00:29:00,681 [WARNING] [UNIPROT] D9U3H4: protein name missing
2026-08-18 00:29:00,682 [INFO] [29/199] [AFDB] AF-D5FZT6-F1-model_v6
2026-08-18 00:29:00,683 [WARNING] [UNIPROT] D9U3H4: gene name missing
2026-08-18 00:29:00,685 [INFO] [30/199] [AFDB] AF-I6MHH7-F1-model_v6
2026-08-18 00:29:00,702 [WARNING] [UNIPROT] I6QQT3: protein name missing
2026-08-18 00:29:00,703 [WARNING] [UNIPROT] I6QQT3: gene name missing
2026-08-18 00:29:00,704 [INFO] [31/199] [AFDB] AF-D5FZK3-F1-model_v6
2026-08-18 00:29:00,824 [WARNING] [UNIPROT] F4YU60: protein name missing
2026-08-18 00:29:00,825 [WARNING] [UNIPROT] F4YU60: gene name missing
2026-08-18 00:29:00,826 [INFO] [32/199] [AFDB] AF-M4MEZ9-F1-model_v6
2026-08-18 00:29:01,798 [WARNING] [UNIPROT] M1FUU1: protein name missing
2026-08-18 00:29:01,801 [WARNING] [UNIPROT] M1FUU1: gene name missing
2026-08-18 00:29:01,803 [INFO] [33/199] [AFDB] AF-I6M554-F1-model_v6
2026-08-18 00:29:01,884 [WARNING] [UNIPROT] I6MHH7: protein name missing
2026-08-18 00:29:01,886 [WARNING] [UNIPROT] I6MHH7: gene name missing
2026-08-18 00:29:01,896 [WARNING] [UNIPROT] A0A141AZ86: protein name missing
2026-08-18 00:29:01,897 [INFO] [34/199] [AFDB] AF-E2D5R2-F1-model_v6
2026-08-18 00:29:01,897 [WARNING] [UNIPROT] A0A141AZ86: gene name missing
2026-08-18 00:29:01,899 [INFO] [35/199] [AFDB] AF-D4HPC5-F1-model_v6
2026-08-18 00:29:01,902 [WARNING] [UNIPROT] E2D5R3: protein name missing
2026-08-18 00:29:01,904 [WARNING] [UNIPROT] E2D5R3: gene name missing
2026-08-18 00:29:01,906 [INFO] [36/199] [AFDB] AF-R4N4G6-F1-model_v6
2026-08-18 00:29:02,844 [WARNING] [UNIPROT] A0A1C4HD47: protein name missing
2026-08-18 00:29:02,848 [WARNING] [UNIPROT] A0A1C4HD47: gene name missing
2026-08-18 00:29:02,850 [INFO] [37/199] [AFDB] AF-Q95363-F1-model_v6
2026-08-18 00:29:02,855 [WARNING] [UNIPROT] E2D5R2: protein name missing
2026-08-18 00:29:02,857 [WARNING] [UNIPROT] E2D5R2: gene name missing
2026-08-18 00:29:02,858 [INFO] [38/199] [AFDB] AF-A0A1L2BM86-F1-model_v6
2026-08-18 00:29:02,860 [WARNING] [UNIPROT] D4HPC5: protein name missing
2026-08-18 00:29:02,867 [WARNING] [UNIPROT] D4HPC5: gene name missing
2026-08-18 00:29:02,869 [INFO] [39/199] [AFDB] AF-A0A141AZB0-F1-model_v6
2026-08-18 00:29:02,882 [WARNING] [UNIPROT] F4YZV1: protein name missing
2026-08-18 00:29:02,883 [WARNING] [UNIPROT] F4YZV1: gene name missing
2026-08-18 00:29:02,884 [INFO] [40/199] [AFDB] AF-D2DKQ3-F1-model_v6
2026-08-18 00:29:03,954 [WARNING] [UNIPROT] A0A1L2BM86: protein name missing
2026-08-18 00:29:03,958 [WARNING] [UNIPROT] A0A1L2BM86: gene name missing
2026-08-18 00:29:03,958 [INFO] [41/199] [AFDB] AF-F8R8J4-F1-model_v6
2026-08-18 00:29:03,995 [WARNING] [UNIPROT] G1C121: protein name missing
2026-08-18 00:29:03,996 [WARNING] [UNIPROT] G1C121: gene name missing
2026-08-18 00:29:03,996 [INFO] [42/199] [AFDB] AF-F4YU34-F1-model_v6
2026-08-18 00:29:04,046 [WARNING] [UNIPROT] A0A141AZB0: protein name missing
2026-08-18 00:29:04,048 [WARNING] [UNIPROT] A0A141AZB0: gene name missing
2026-08-18 00:29:04,049 [INFO] [43/199] [AFDB] AF-A0A0A7C8S6-F1-model_v6
2026-08-18 00:29:04,055 [WARNING] [UNIPROT] G1ENH0: protein name missing
2026-08-18 00:29:04,057 [WARNING] [UNIPROT] G1ENH0: gene name missing
2026-08-18 00:29:04,058 [INFO] [44/199] [AFDB] AF-G9HW40-F1-model_v6
2026-08-18 00:29:05,004 [WARNING] [UNIPROT] G9HW40: protein name missing
2026-08-18 00:29:05,007 [WARNING] [UNIPROT] F4YU58: protein name missing
2026-08-18 00:29:05,009 [WARNING] [UNIPROT] G9HW40: gene name missing
2026-08-18 00:29:05,011 [WARNING] [UNIPROT] F4YU58: gene name missing
2026-08-18 00:29:05,012 [INFO] [45/199] [AFDB] AF-A0A2H4FZ31-F1-model_v6
2026-08-18 00:29:05,013 [INFO] [46/199] [AFDB] AF-E0YTJ6-F1-model_v6
2026-08-18 00:29:05,165 [WARNING] [UNIPROT] Q8HWL5: protein name missing
2026-08-18 00:29:05,166 [WARNING] [UNIPROT] Q8HWL5: gene name missing
2026-08-18 00:29:05,167 [INFO] [47/199] [AFDB] AF-E2GJM7-F1-model_v6
2026-08-18 00:29:05,210 [WARNING] [UNIPROT] B5LZ22: protein name missing
2026-08-18 00:29:05,211 [WARNING] [UNIPROT] B5LZ22: gene name missing
2026-08-18 00:29:05,213 [INFO] [48/199] [AFDB] AF-F6KRT4-F1-model_v6
2026-08-18 00:29:06,124 [WARNING] [UNIPROT] E0YTJ6: protein name missing
2026-08-18 00:29:06,125 [WARNING] [UNIPROT] E0YTJ6: gene name missing
2026-08-18 00:29:06,127 [INFO] [49/199] [AFDB] AF-C8C9V2-F1-model_v6
2026-08-18 00:29:06,132 [WARNING] [UNIPROT] A0A2H4FZ31: protein name missing
2026-08-18 00:29:06,133 [WARNING] [UNIPROT] A0A2H4FZ31: gene name missing
2026-08-18 00:29:06,134 [INFO] [50/199] [AFDB] AF-G1BEN3-F1-model_v6
2026-08-18 00:29:06,150 [WARNING] [UNIPROT] Q29759: protein name missing
2026-08-18 00:29:06,153 [WARNING] [UNIPROT] Q29759: gene name missing
2026-08-18 00:29:06,153 [INFO] [51/199] [AFDB] AF-D3U3V7-F1-model_v6
2026-08-18 00:29:06,254 [WARNING] [UNIPROT] D1MEQ8: protein name missing
2026-08-18 00:29:06,256 [WARNING] [UNIPROT] D1MEQ8: gene name missing
2026-08-18 00:29:06,257 [INFO] [52/199] [AFDB] AF-A0A0A7C7L8-F1-model_v6
2026-08-18 00:29:07,220 [WARNING] [UNIPROT] A0A0A7C7L8: protein name missing
2026-08-18 00:29:07,222 [WARNING] [UNIPROT] A0A0A7C7L8: gene name missing
2026-08-18 00:29:07,224 [INFO] [53/199] [AFDB] AF-R9QZ18-F1-model_v6
2026-08-18 00:29:07,251 [WARNING] [UNIPROT] M4MEZ9: protein name missing
2026-08-18 00:29:07,253 [WARNING] [UNIPROT] M4MEZ9: gene name missing
2026-08-18 00:29:07,254 [INFO] [54/199] [AFDB] AF-A0A0N7A4B5-F1-model_v6
2026-08-18 00:29:07,276 [WARNING] [UNIPROT] D5FZT6: protein name missing
2026-08-18 00:29:07,277 [WARNING] [UNIPROT] D5FZT6: gene name missing
2026-08-18 00:29:07,279 [INFO] [55/199] [AFDB] AF-A0A0A7C5D4-F1-model_v6
2026-08-18 00:29:07,534 [WARNING] [UNIPROT] I6M554: protein name missing
2026-08-18 00:29:07,536 [WARNING] [UNIPROT] I6M554: gene name missing
2026-08-18 00:29:07,537 [INFO] [56/199] [AFDB] AF-Q56FB0-F1-model_v6
2026-08-18 00:29:08,314 [WARNING] [UNIPROT] D5FZK3: protein name missing
2026-08-18 00:29:08,315 [WARNING] [UNIPROT] D5FZK3: gene name missing
2026-08-18 00:29:08,316 [INFO] [57/199] [AFDB] AF-I6NS77-F1-model_v6
2026-08-18 00:29:08,326 [WARNING] [UNIPROT] A0A0N7A4B5: protein name missing
2026-08-18 00:29:08,328 [WARNING] [UNIPROT] A0A0N7A4B5: gene name missing
2026-08-18 00:29:08,330 [INFO] [58/199] [AFDB] AF-D1G0T5-F1-model_v6
2026-08-18 00:29:08,343 [WARNING] [UNIPROT] D2DKQ3: protein name missing
2026-08-18 00:29:08,345 [WARNING] [UNIPROT] D2DKQ3: gene name missing
2026-08-18 00:29:08,346 [INFO] [59/199] [AFDB] AF-Q8WLT1-F1-model_v6
2026-08-18 00:29:08,496 [WARNING] [UNIPROT] R4N4G6: protein name missing
2026-08-18 00:29:08,498 [WARNING] [UNIPROT] R4N4G6: gene name missing
2026-08-18 00:29:08,499 [INFO] [60/199] [AFDB] AF-L7PG40-F1-model_v6
2026-08-18 00:29:09,421 [WARNING] [UNIPROT] Q95363: used submissionNames
2026-08-18 00:29:09,422 [INFO] [61/199] [AFDB] AF-A0A1X9I422-F1-model_v6
2026-08-18 00:29:09,436 [WARNING] [UNIPROT] F8R8J4: protein name missing
2026-08-18 00:29:09,438 [WARNING] [UNIPROT] F8R8J4: gene name missing
2026-08-18 00:29:09,441 [INFO] [62/199] [AFDB] AF-D5FWB7-F1-model_v6
2026-08-18 00:29:09,599 [WARNING] [UNIPROT] F4YU34: protein name missing
2026-08-18 00:29:09,600 [WARNING] [UNIPROT] F4YU34: gene name missing
2026-08-18 00:29:09,601 [INFO] [63/199] [AFDB] AF-F8R8J1-F1-model_v6
2026-08-18 00:29:09,641 [WARNING] [UNIPROT] G1BEN3: protein name missing
2026-08-18 00:29:09,642 [WARNING] [UNIPROT] G1BEN3: gene name missing
2026-08-18 00:29:09,643 [INFO] [64/199] [AFDB] AF-G1EPP2-F1-model_v6
2026-08-18 00:29:10,457 [WARNING] [UNIPROT] C8C9V2: protein name missing
2026-08-18 00:29:10,458 [WARNING] [UNIPROT] C8C9V2: gene name missing
2026-08-18 00:29:10,459 [INFO] [65/199] [AFDB] AF-K9L8C4-F1-model_v6
2026-08-18 00:29:10,602 [WARNING] [UNIPROT] A0A0A7C8S6: protein name missing
2026-08-18 00:29:10,603 [WARNING] [UNIPROT] A0A0A7C8S6: gene name missing
2026-08-18 00:29:10,604 [INFO] [66/199] [AFDB] AF-A0A0A7C4C6-F1-model_v6
2026-08-18 00:29:10,617 [WARNING] [UNIPROT] D3U3V7: protein name missing
2026-08-18 00:29:10,618 [WARNING] [UNIPROT] D3U3V7: gene name missing
2026-08-18 00:29:10,619 [INFO] [67/199] [AFDB] AF-D5FWD1-F1-model_v6
2026-08-18 00:29:10,639 [WARNING] [UNIPROT] A0A1X9I422: protein name missing
2026-08-18 00:29:10,640 [WARNING] [UNIPROT] A0A1X9I422: gene name missing
2026-08-18 00:29:10,641 [INFO] [68/199] [AFDB] AF-A0A180H6E7-F1-model_v6
2026-08-18 00:29:11,562 [WARNING] [UNIPROT] R9QZ18: protein name missing
2026-08-18 00:29:11,564 [WARNING] [UNIPROT] R9QZ18: gene name missing
2026-08-18 00:29:11,565 [INFO] [69/199] [AFDB] AF-D1G0U1-F1-model_v6
2026-08-18 00:29:11,584 [WARNING] [UNIPROT] A0A180H6E7: protein name missing
2026-08-18 00:29:11,588 [WARNING] [UNIPROT] A0A180H6E7: gene name missing
2026-08-18 00:29:11,589 [INFO] [70/199] [AFDB] AF-D3U467-F1-model_v6
2026-08-18 00:29:11,598 [WARNING] [UNIPROT] E2GJM7: protein name missing
2026-08-18 00:29:11,598 [WARNING] [UNIPROT] E2GJM7: gene name missing
2026-08-18 00:29:11,599 [INFO] [71/199] [AFDB] AF-E9LY47-F1-model_v6
2026-08-18 00:29:11,690 [WARNING] [UNIPROT] A0A0A7C5D4: protein name missing
2026-08-18 00:29:11,691 [WARNING] [UNIPROT] A0A0A7C5D4: gene name missing
2026-08-18 00:29:11,693 [INFO] [72/199] [AFDB] AF-D4HP91-F1-model_v6
2026-08-18 00:29:10,088 [WARNING] [UNIPROT] D1G0T5: protein name missing
2026-08-18 00:29:10,091 [WARNING] [UNIPROT] D1G0T5: gene name missing
2026-08-18 00:29:10,096 [INFO] [73/199] [AFDB] AF-C9WCU8-F1-model_v6
2026-08-18 00:29:10,127 [WARNING] [UNIPROT] F6KRT4: protein name missing
2026-08-18 00:29:10,129 [WARNING] [UNIPROT] F6KRT4: gene name missing
2026-08-18 00:29:10,130 [INFO] [74/199] [AFDB] AF-A8YQI6-F1-model_v6
2026-08-18 00:29:10,143 [WARNING] [UNIPROT] D4HP91: protein name missing
2026-08-18 00:29:10,144 [WARNING] [UNIPROT] D4HP91: gene name missing
2026-08-18 00:29:10,145 [INFO] [75/199] [AFDB] AF-D5FWD6-F1-model_v6
2026-08-18 00:29:10,252 [WARNING] [UNIPROT] F8R8J1: protein name missing
2026-08-18 00:29:10,254 [WARNING] [UNIPROT] F8R8J1: gene name missing
2026-08-18 00:29:10,254 [INFO] [76/199] [AFDB] AF-D5FZL5-F1-model_v6
2026-08-18 00:29:11,220 [WARNING] [UNIPROT] C9WCU8: protein name missing
2026-08-18 00:29:11,222 [WARNING] [UNIPROT] C9WCU8: gene name missing
2026-08-18 00:29:11,223 [INFO] [77/199] [AFDB] AF-D2DKL0-F1-model_v6
2026-08-18 00:29:11,242 [WARNING] [UNIPROT] K9L8C4: protein name missing
2026-08-18 00:29:11,243 [WARNING] [UNIPROT] K9L8C4: gene name missing
2026-08-18 00:29:11,244 [INFO] [78/199] [AFDB] AF-C0KLS1-F1-model_v6
2026-08-18 00:29:11,258 [WARNING] [UNIPROT] D5FZL5: protein name missing
2026-08-18 00:29:11,259 [WARNING] [UNIPROT] D5FZL5: gene name missing
2026-08-18 00:29:11,263 [WARNING] [UNIPROT] Q56FB0: protein name missing
2026-08-18 00:29:11,264 [INFO] [79/199] [AFDB] AF-A0A2H4G2A6-F1-model_v6
2026-08-18 00:29:11,264 [WARNING] [UNIPROT] Q56FB0: gene name missing
2026-08-18 00:29:11,266 [INFO] [80/199] [AFDB] AF-Q9TPS5-F1-model_v6
2026-08-18 00:29:12,260 [WARNING] [UNIPROT] I6NS77: protein name missing
2026-08-18 00:29:12,262 [WARNING] [UNIPROT] I6NS77: gene name missing
2026-08-18 00:29:12,264 [INFO] [81/199] [AFDB] AF-F6KRR5-F1-model_v6
2026-08-18 00:29:12,415 [WARNING] [UNIPROT] D5FWD1: protein name missing
2026-08-18 00:29:12,418 [WARNING] [UNIPROT] D5FWD1: gene name missing
2026-08-18 00:29:12,419 [INFO] [82/199] [AFDB] AF-F2X5V1-F1-model_v6
2026-08-18 00:29:12,455 [WARNING] [UNIPROT] A0A2H4G2A6: protein name missing
2026-08-18 00:29:12,458 [WARNING] [UNIPROT] A0A2H4G2A6: gene name missing
2026-08-18 00:29:12,458 [INFO] [83/199] [AFDB] AF-C9WCU6-F1-model_v6
2026-08-18 00:29:12,572 [WARNING] [UNIPROT] Q8WLT1: protein name missing
2026-08-18 00:29:12,575 [WARNING] [UNIPROT] Q8WLT1: gene name missing
2026-08-18 00:29:12,576 [INFO] [84/199] [AFDB] AF-C4PJL1-F1-model_v6
2026-08-18 00:29:13,330 [WARNING] [UNIPROT] L7PG40: protein name missing
2026-08-18 00:29:13,331 [WARNING] [UNIPROT] L7PG40: gene name missing
2026-08-18 00:29:13,332 [INFO] [85/199] [AFDB] AF-E0X5Z8-F1-model_v6
2026-08-18 00:29:13,410 [WARNING] [UNIPROT] C9WCU6: protein name missing
2026-08-18 00:29:13,412 [WARNING] [UNIPROT] C9WCU6: gene name missing
2026-08-18 00:29:13,413 [INFO] [86/199] [AFDB] AF-K7P5G2-F1-model_v6
2026-08-18 00:29:13,436 [WARNING] [UNIPROT] D1G0U1: protein name missing
2026-08-18 00:29:13,438 [WARNING] [UNIPROT] D1G0U1: gene name missing
2026-08-18 00:29:13,439 [INFO] [87/199] [AFDB] AF-G9I2K6-F1-model_v6
2026-08-18 00:29:13,508 [WARNING] [UNIPROT] D5FWB7: protein name missing
2026-08-18 00:29:13,509 [WARNING] [UNIPROT] D5FWB7: gene name missing
2026-08-18 00:29:13,510 [INFO] [88/199] [AFDB] AF-A0A8F4JDT8-F1-model_v6
2026-08-18 00:29:14,431 [WARNING] [UNIPROT] Q9TPS5: protein name missing
2026-08-18 00:29:14,433 [WARNING] [UNIPROT] Q9TPS5: gene name missing
2026-08-18 00:29:14,437 [INFO] [89/199] [AFDB] AF-Q9GJ54-F1-model_v6
2026-08-18 00:29:14,508 [WARNING] [UNIPROT] G9I2K6: protein name missing
2026-08-18 00:29:14,514 [WARNING] [UNIPROT] G1EPP2: protein name missing
2026-08-18 00:29:14,515 [WARNING] [UNIPROT] G9I2K6: gene name missing
2026-08-18 00:29:14,519 [WARNING] [UNIPROT] G1EPP2: gene name missing
2026-08-18 00:29:14,521 [INFO] [90/199] [AFDB] AF-H9BQ98-F1-model_v6
2026-08-18 00:29:14,521 [INFO] [91/199] [AFDB] AF-E2DH94-F1-model_v6
2026-08-18 00:29:14,614 [WARNING] [UNIPROT] F2X5V1: protein name missing
2026-08-18 00:29:14,617 [WARNING] [UNIPROT] F2X5V1: gene name missing
2026-08-18 00:29:14,618 [INFO] [92/199] [AFDB] AF-Q9GIM9-F1-model_v6
2026-08-18 00:29:15,587 [WARNING] [UNIPROT] A0A0A7C4C6: protein name missing
2026-08-18 00:29:15,589 [WARNING] [UNIPROT] A0A0A7C4C6: gene name missing
2026-08-18 00:29:15,590 [INFO] [93/199] [AFDB] AF-A0A1X9I409-F1-model_v6
2026-08-18 00:29:15,597 [WARNING] [UNIPROT] A0A8F4JDT8: used submissionNames
2026-08-18 00:29:15,598 [INFO] [94/199] [AFDB] AF-D2DKL9-F1-model_v6
2026-08-18 00:29:15,627 [WARNING] [UNIPROT] E2DH94: protein name missing
2026-08-18 00:29:15,628 [WARNING] [UNIPROT] E2DH94: gene name missing
2026-08-18 00:29:15,628 [INFO] [95/199] [AFDB] AF-J7I296-F1-model_v6
2026-08-18 00:29:15,703 [WARNING] [UNIPROT] D3U467: protein name missing
2026-08-18 00:29:15,704 [WARNING] [UNIPROT] D3U467: gene name missing
2026-08-18 00:29:15,705 [INFO] [96/199] [AFDB] AF-A0A0X7YYM4-F1-model_v6
2026-08-18 00:29:16,703 [WARNING] [UNIPROT] E9LY47: protein name missing
2026-08-18 00:29:16,704 [WARNING] [UNIPROT] E9LY47: gene name missing
2026-08-18 00:29:16,705 [INFO] [97/199] [AFDB] AF-L0BVL7-F1-model_v6
2026-08-18 00:29:16,796 [WARNING] [UNIPROT] A0A1X9I409: protein name missing
2026-08-18 00:29:16,797 [WARNING] [UNIPROT] A0A1X9I409: gene name missing
2026-08-18 00:29:16,797 [INFO] [98/199] [AFDB] AF-C9WCS0-F1-model_v6
2026-08-18 00:29:16,812 [WARNING] [UNIPROT] A8YQI6: protein name missing
2026-08-18 00:29:16,813 [WARNING] [UNIPROT] A8YQI6: gene name missing
2026-08-18 00:29:16,814 [INFO] [99/199] [AFDB] AF-A0A0G2R1P1-F1-model_v6
2026-08-18 00:29:16,919 [WARNING] [UNIPROT] D5FWD6: protein name missing
2026-08-18 00:29:16,920 [WARNING] [UNIPROT] D5FWD6: gene name missing
2026-08-18 00:29:16,921 [INFO] [100/199] [AFDB] AF-A0A0A7C9J4-F1-model_v6
2026-08-18 00:29:17,743 [WARNING] [UNIPROT] J7I296: protein name missing
2026-08-18 00:29:17,744 [WARNING] [UNIPROT] J7I296: gene name missing
2026-08-18 00:29:17,745 [INFO] [101/199] [AFDB] AF-A0A1X9I430-F1-model_v6
2026-08-18 00:29:17,761 [WARNING] [UNIPROT] C9WCS0: protein name missing
2026-08-18 00:29:17,764 [WARNING] [UNIPROT] A0A0G2R1P1: protein name missing
2026-08-18 00:29:17,766 [WARNING] [UNIPROT] C9WCS0: gene name missing
2026-08-18 00:29:17,767 [WARNING] [UNIPROT] A0A0G2R1P1: gene name missing
2026-08-18 00:29:17,767 [INFO] [102/199] [AFDB] AF-A0A2H4FZ29-F1-model_v6
2026-08-18 00:29:17,767 [INFO] [103/199] [AFDB] AF-G1EPQ9-F1-model_v6
2026-08-18 00:29:17,790 [WARNING] [UNIPROT] C0KLS1: protein name missing
2026-08-18 00:29:17,791 [WARNING] [UNIPROT] C0KLS1: gene name missing
2026-08-18 00:29:17,792 [INFO] [104/199] [AFDB] AF-G1EMP3-F1-model_v6
2026-08-18 00:29:18,744 [WARNING] [UNIPROT] A0A0A7C9J4: protein name missing
2026-08-18 00:29:18,745 [WARNING] [UNIPROT] A0A0A7C9J4: gene name missing
2026-08-18 00:29:18,745 [INFO] [105/199] [AFDB] AF-D1G0S9-F1-model_v6
2026-08-18 00:29:18,769 [WARNING] [UNIPROT] L0BVL7: protein name missing
2026-08-18 00:29:18,770 [WARNING] [UNIPROT] L0BVL7: gene name missing
2026-08-18 00:29:18,771 [INFO] [106/199] [AFDB] AF-Q3LA49-F1-model_v6
2026-08-18 00:29:18,880 [WARNING] [UNIPROT] D2DKL0: protein name missing
2026-08-18 00:29:18,881 [WARNING] [UNIPROT] D2DKL0: gene name missing
2026-08-18 00:29:18,882 [INFO] [107/199] [AFDB] AF-M1FUT1-F1-model_v6
2026-08-18 00:29:18,887 [WARNING] [UNIPROT] A0A2H4FZ29: protein name missing
2026-08-18 00:29:18,888 [WARNING] [UNIPROT] A0A2H4FZ29: gene name missing
2026-08-18 00:29:18,889 [INFO] [108/199] [AFDB] AF-D5FZK9-F1-model_v6
2026-08-18 00:29:19,823 [WARNING] [UNIPROT] F6KRR5: protein name missing
2026-08-18 00:29:19,824 [WARNING] [UNIPROT] F6KRR5: gene name missing
2026-08-18 00:29:19,825 [INFO] [109/199] [AFDB] AF-G1EPT6-F1-model_v6
2026-08-18 00:29:19,915 [WARNING] [UNIPROT] G1EPQ9: protein name missing
2026-08-18 00:29:19,917 [WARNING] [UNIPROT] G1EPQ9: gene name missing
2026-08-18 00:29:19,918 [INFO] [110/199] [AFDB] AF-E3SGA1-F1-model_v6
2026-08-18 00:29:19,962 [WARNING] [UNIPROT] C4PJL1: protein name missing
2026-08-18 00:29:19,964 [WARNING] [UNIPROT] C4PJL1: gene name missing
2026-08-18 00:29:19,965 [INFO] [111/199] [AFDB] AF-F8SKW7-F1-model_v6
2026-08-18 00:29:20,063 [WARNING] [UNIPROT] G1EMP3: protein name missing
2026-08-18 00:29:20,065 [WARNING] [UNIPROT] G1EMP3: gene name missing
2026-08-18 00:29:20,065 [INFO] [112/199] [AFDB] AF-G9HW83-F1-model_v6
2026-08-18 00:29:20,963 [WARNING] [UNIPROT] G1EPT6: protein name missing
2026-08-18 00:29:20,964 [WARNING] [UNIPROT] G1EPT6: gene name missing
2026-08-18 00:29:20,965 [INFO] [113/199] [AFDB] AF-M1FXU4-F1-model_v6
2026-08-18 00:29:20,978 [WARNING] [UNIPROT] E3SGA1: protein name missing
2026-08-18 00:29:20,980 [WARNING] [UNIPROT] E3SGA1: gene name missing
2026-08-18 00:29:20,980 [INFO] [114/199] [AFDB] AF-E0YTJ5-F1-model_v6
2026-08-18 00:29:21,096 [WARNING] [UNIPROT] E0X5Z8: protein name missing
2026-08-18 00:29:21,097 [WARNING] [UNIPROT] E0X5Z8: gene name missing
2026-08-18 00:29:21,098 [INFO] [115/199] [AFDB] AF-F8R1A6-F1-model_v6
2026-08-18 00:29:21,383 [WARNING] [UNIPROT] K7P5G2: protein name missing
2026-08-18 00:29:21,385 [WARNING] [UNIPROT] K7P5G2: gene name missing
2026-08-18 00:29:21,385 [INFO] [116/199] [AFDB] AF-C8CH89-F1-model_v6
2026-08-18 00:29:22,035 [WARNING] [UNIPROT] Q9GJ54: used submissionNames
2026-08-18 00:29:22,038 [INFO] [117/199] [AFDB] AF-F8R161-F1-model_v6
2026-08-18 00:29:22,056 [WARNING] [UNIPROT] F8R1A6: protein name missing
2026-08-18 00:29:22,057 [WARNING] [UNIPROT] F8R1A6: gene name missing
2026-08-18 00:29:22,058 [INFO] [118/199] [AFDB] AF-F8RHG5-F1-model_v6
2026-08-18 00:29:22,143 [WARNING] [UNIPROT] H9BQ98: protein name missing
2026-08-18 00:29:22,144 [WARNING] [UNIPROT] H9BQ98: gene name missing
2026-08-18 00:29:22,145 [INFO] [119/199] [AFDB] AF-A0A5B9GAB9-F1-model_v6
2026-08-18 00:29:22,274 [WARNING] [UNIPROT] Q9GIM9: protein name missing
2026-08-18 00:29:22,277 [WARNING] [UNIPROT] Q9GIM9: gene name missing
2026-08-18 00:29:22,279 [INFO] [120/199] [AFDB] AF-I6NN10-F1-model_v6
2026-08-18 00:29:23,066 [WARNING] [UNIPROT] D2DKL9: protein name missing
2026-08-18 00:29:23,067 [WARNING] [UNIPROT] D2DKL9: gene name missing
2026-08-18 00:29:23,068 [INFO] [121/199] [AFDB] AF-A0A0N7A4B8-F1-model_v6
2026-08-18 00:29:23,166 [WARNING] [UNIPROT] F8R161: protein name missing
2026-08-18 00:29:23,168 [WARNING] [UNIPROT] F8R161: gene name missing
2026-08-18 00:29:23,168 [INFO] [122/199] [AFDB] AF-F4YU61-F1-model_v6
2026-08-18 00:29:23,177 [WARNING] [UNIPROT] A0A0X7YYM4: protein name missing
2026-08-18 00:29:23,178 [WARNING] [UNIPROT] A0A0X7YYM4: gene name missing
2026-08-18 00:29:23,179 [INFO] [123/199] [AFDB] AF-F8R157-F1-model_v6
2026-08-18 00:29:23,228 [WARNING] [UNIPROT] F8RHG5: protein name missing
2026-08-18 00:29:23,230 [WARNING] [UNIPROT] F8RHG5: gene name missing
2026-08-18 00:29:23,231 [INFO] [124/199] [AFDB] AF-B0LUY5-F1-model_v6
2026-08-18 00:29:24,188 [WARNING] [UNIPROT] D1G0S9: protein name missing
2026-08-18 00:29:24,191 [WARNING] [UNIPROT] B0LUY5: protein name missing
2026-08-18 00:29:24,192 [WARNING] [UNIPROT] D1G0S9: gene name missing
2026-08-18 00:29:24,193 [WARNING] [UNIPROT] B0LUY5: gene name missing
2026-08-18 00:29:24,194 [INFO] [125/199] [AFDB] AF-F4YU57-F1-model_v6
2026-08-18 00:29:24,194 [INFO] [126/199] [AFDB] AF-M1F364-F1-model_v6
2026-08-18 00:29:24,201 [WARNING] [UNIPROT] A0A5B9GAB9: protein name missing
2026-08-18 00:29:24,202 [WARNING] [UNIPROT] A0A5B9GAB9: gene name missing
2026-08-18 00:29:24,202 [INFO] [127/199] [AFDB] AF-F4YU62-F1-model_v6
2026-08-18 00:29:24,343 [WARNING] [UNIPROT] Q3LA49: protein name missing
2026-08-18 00:29:24,344 [WARNING] [UNIPROT] Q3LA49: gene name missing
2026-08-18 00:29:24,345 [INFO] [128/199] [AFDB] AF-A0A0A7C475-F1-model_v6
2026-08-18 00:29:25,276 [WARNING] [UNIPROT] A0A1X9I430: protein name missing
2026-08-18 00:29:25,277 [WARNING] [UNIPROT] A0A1X9I430: gene name missing
2026-08-18 00:29:25,278 [INFO] [129/199] [AFDB] AF-S4T6R8-F1-model_v6
2026-08-18 00:29:25,294 [WARNING] [UNIPROT] A0A0A7C475: protein name missing
2026-08-18 00:29:25,295 [WARNING] [UNIPROT] A0A0A7C475: gene name missing
2026-08-18 00:29:25,296 [INFO] [130/199] [AFDB] AF-A0A583ZBH3-F1-model_v6
2026-08-18 00:29:25,402 [WARNING] [UNIPROT] I6NN10: protein name missing
2026-08-18 00:29:25,403 [WARNING] [UNIPROT] I6NN10: gene name missing
2026-08-18 00:29:25,404 [INFO] [131/199] [AFDB] AF-I6MHI1-F1-model_v6
2026-08-18 00:29:25,435 [WARNING] [UNIPROT] F4YU57: protein name missing
2026-08-18 00:29:25,436 [WARNING] [UNIPROT] F4YU57: gene name missing
2026-08-18 00:29:25,437 [INFO] [132/199] [AFDB] AF-D3U3Y5-F1-model_v6
2026-08-18 00:29:26,374 [WARNING] [UNIPROT] S4T6R8: protein name missing
2026-08-18 00:29:26,374 [WARNING] [UNIPROT] S4T6R8: gene name missing
2026-08-18 00:29:26,375 [INFO] [133/199] [AFDB] AF-D5FHV7-F1-model_v6
2026-08-18 00:29:26,422 [WARNING] [UNIPROT] M1FUT1: protein name missing
2026-08-18 00:29:26,423 [WARNING] [UNIPROT] M1FUT1: gene name missing
2026-08-18 00:29:26,424 [INFO] [134/199] [AFDB] AF-C9WEP4-F1-model_v6
2026-08-18 00:29:26,503 [WARNING] [UNIPROT] A0A583ZBH3: protein name missing
2026-08-18 00:29:26,504 [WARNING] [UNIPROT] A0A583ZBH3: gene name missing
2026-08-18 00:29:26,505 [INFO] [135/199] [AFDB] AF-A0A2H4FZT1-F1-model_v6
2026-08-18 00:29:26,590 [WARNING] [UNIPROT] D5FZK9: protein name missing
2026-08-18 00:29:26,590 [WARNING] [UNIPROT] D5FZK9: gene name missing
2026-08-18 00:29:26,591 [INFO] [136/199] [AFDB] AF-Q95HM0-F1-model_v6
2026-08-18 00:29:27,464 [WARNING] [UNIPROT] I6MHI1: protein name missing
2026-08-18 00:29:27,465 [WARNING] [UNIPROT] I6MHI1: gene name missing
2026-08-18 00:29:27,466 [INFO] [137/199] [AFDB] AF-C9WD04-F1-model_v6
2026-08-18 00:29:27,520 [WARNING] [UNIPROT] F8SKW7: protein name missing
2026-08-18 00:29:27,521 [WARNING] [UNIPROT] F8SKW7: gene name missing
2026-08-18 00:29:27,522 [INFO] [138/199] [AFDB] AF-G1ENI0-F1-model_v6
2026-08-18 00:29:27,571 [WARNING] [UNIPROT] D3U3Y5: protein name missing
2026-08-18 00:29:27,572 [WARNING] [UNIPROT] D3U3Y5: gene name missing
2026-08-18 00:29:27,573 [INFO] [139/199] [AFDB] AF-A0A180H704-F1-model_v6
2026-08-18 00:29:27,685 [WARNING] [UNIPROT] G9HW83: protein name missing
2026-08-18 00:29:27,686 [WARNING] [UNIPROT] G9HW83: gene name missing
2026-08-18 00:29:27,688 [INFO] [140/199] [AFDB] AF-D5L9C1-F1-model_v6
2026-08-18 00:29:28,597 [WARNING] [UNIPROT] D5FHV7: protein name missing
2026-08-18 00:29:28,599 [WARNING] [UNIPROT] D5FHV7: gene name missing
2026-08-18 00:29:28,600 [INFO] [141/199] [AFDB] AF-A0A186VN06-F1-model_v6
2026-08-18 00:29:28,603 [WARNING] [UNIPROT] C9WD04: protein name missing
2026-08-18 00:29:28,611 [WARNING] [UNIPROT] M1FXU4: protein name missing
2026-08-18 00:29:28,611 [WARNING] [UNIPROT] C9WD04: gene name missing
2026-08-18 00:29:28,613 [WARNING] [UNIPROT] M1FXU4: gene name missing
2026-08-18 00:29:28,614 [INFO] [142/199] [AFDB] AF-G1EPS4-F1-model_v6
2026-08-18 00:29:28,616 [INFO] [143/199] [AFDB] AF-A0A0A7C9G6-F1-model_v6
2026-08-18 00:29:28,785 [WARNING] [UNIPROT] E0YTJ5: protein name missing
2026-08-18 00:29:28,787 [WARNING] [UNIPROT] E0YTJ5: gene name missing
2026-08-18 00:29:28,788 [INFO] [144/199] [AFDB] AF-G0ZDT8-F1-model_v6
2026-08-18 00:29:29,621 [WARNING] [UNIPROT] C9WEP4: protein name missing
2026-08-18 00:29:29,622 [WARNING] [UNIPROT] C9WEP4: gene name missing
2026-08-18 00:29:29,623 [INFO] [145/199] [AFDB] AF-F8RHG7-F1-model_v6
2026-08-18 00:29:29,640 [WARNING] [UNIPROT] C8CH89: protein name missing
2026-08-18 00:29:29,641 [WARNING] [UNIPROT] C8CH89: gene name missing
2026-08-18 00:29:29,642 [INFO] [146/199] [AFDB] AF-A0A060VCZ5-F1-model_v6
2026-08-18 00:29:29,786 [WARNING] [UNIPROT] G1ENI0: protein name missing
2026-08-18 00:29:29,788 [WARNING] [UNIPROT] G1ENI0: gene name missing
2026-08-18 00:29:29,790 [INFO] [147/199] [AFDB] AF-T1WEP2-F1-model_v6
2026-08-18 00:29:29,813 [WARNING] [UNIPROT] A0A0N7A4B8: protein name missing
2026-08-18 00:29:29,815 [WARNING] [UNIPROT] A0A0N7A4B8: gene name missing
2026-08-18 00:29:29,815 [INFO] [148/199] [AFDB] AF-B2ZCW0-F1-model_v6
2026-08-18 00:29:30,656 [WARNING] [UNIPROT] F8R157: protein name missing
2026-08-18 00:29:30,657 [WARNING] [UNIPROT] F8R157: gene name missing
2026-08-18 00:29:30,658 [INFO] [149/199] [AFDB] AF-G1ENH5-F1-model_v6
2026-08-18 00:29:30,735 [WARNING] [UNIPROT] T1WEP2: protein name missing
2026-08-18 00:29:30,738 [WARNING] [UNIPROT] T1WEP2: gene name missing
2026-08-18 00:29:30,739 [INFO] [150/199] [AFDB] AF-F2X5W4-F1-model_v6
2026-08-18 00:29:30,749 [WARNING] [UNIPROT] A0A060VCZ5: protein name missing
2026-08-18 00:29:30,750 [WARNING] [UNIPROT] A0A060VCZ5: gene name missing
2026-08-18 00:29:30,751 [INFO] [151/199] [AFDB] AF-B0BK84-F1-model_v6
2026-08-18 00:29:30,854 [WARNING] [UNIPROT] F8RHG7: protein name missing
2026-08-18 00:29:30,855 [WARNING] [UNIPROT] F8RHG7: gene name missing
2026-08-18 00:29:30,856 [INFO] [152/199] [AFDB] AF-D5FHX8-F1-model_v6
2026-08-18 00:29:31,834 [WARNING] [UNIPROT] F4YU61: protein name missing
2026-08-18 00:29:31,837 [WARNING] [UNIPROT] F4YU61: gene name missing
2026-08-18 00:29:31,839 [INFO] [153/199] [AFDB] AF-A0A168GUU9-F1-model_v6
2026-08-18 00:29:31,900 [WARNING] [UNIPROT] F2X5W4: protein name missing
2026-08-18 00:29:31,905 [WARNING] [UNIPROT] F2X5W4: gene name missing
2026-08-18 00:29:31,913 [WARNING] [UNIPROT] F4YU62: protein name missing
2026-08-18 00:29:31,914 [INFO] [154/199] [AFDB] AF-F8R148-F1-model_v6
2026-08-18 00:29:31,916 [WARNING] [UNIPROT] F4YU62: gene name missing
2026-08-18 00:29:31,917 [INFO] [155/199] [AFDB] AF-A0A896SZ22-F1-model_v6
2026-08-18 00:29:32,034 [WARNING] [UNIPROT] B0BK84: protein name missing
2026-08-18 00:29:32,035 [WARNING] [UNIPROT] B0BK84: gene name missing
2026-08-18 00:29:32,036 [INFO] [156/199] [AFDB] AF-Q7JFI6-F1-model_v6
2026-08-18 00:29:32,874 [WARNING] [UNIPROT] A0A896SZ22: protein name missing
2026-08-18 00:29:32,877 [WARNING] [UNIPROT] A0A896SZ22: gene name missing
2026-08-18 00:29:32,883 [WARNING] [UNIPROT] M1F364: protein name missing
2026-08-18 00:29:32,883 [INFO] [157/199] [AFDB] AF-E9LY46-F1-model_v6
2026-08-18 00:29:32,883 [WARNING] [UNIPROT] M1F364: gene name missing
2026-08-18 00:29:32,886 [INFO] [158/199] [AFDB] AF-C8CH92-F1-model_v6
2026-08-18 00:29:32,995 [WARNING] [UNIPROT] A0A168GUU9: protein name missing
2026-08-18 00:29:32,998 [WARNING] [UNIPROT] A0A168GUU9: gene name missing
2026-08-18 00:29:32,999 [INFO] [159/199] [AFDB] AF-B2YG93-F1-model_v6
2026-08-18 00:29:33,025 [WARNING] [UNIPROT] A0A2H4FZT1: protein name missing
2026-08-18 00:29:33,026 [WARNING] [UNIPROT] A0A2H4FZT1: gene name missing
2026-08-18 00:29:33,028 [INFO] [160/199] [AFDB] AF-O19645-F1-model_v6
2026-08-18 00:29:33,995 [WARNING] [UNIPROT] E9LY46: protein name missing
2026-08-18 00:29:33,997 [WARNING] [UNIPROT] E9LY46: gene name missing
2026-08-18 00:29:33,998 [INFO] [161/199] [AFDB] AF-A0A0A7C4F9-F1-model_v6
2026-08-18 00:29:34,005 [WARNING] [UNIPROT] Q95HM0: used submissionNames
2026-08-18 00:29:34,011 [INFO] [162/199] [AFDB] AF-A0A1C8DT11-F1-model_v6
2026-08-18 00:29:34,019 [WARNING] [UNIPROT] Q7JFI6: used submissionNames
2026-08-18 00:29:34,020 [INFO] [163/199] [AFDB] AF-C7FDR5-F1-model_v6
2026-08-18 00:29:34,160 [WARNING] [UNIPROT] B2YG93: protein name missing
2026-08-18 00:29:34,163 [WARNING] [UNIPROT] B2YG93: gene name missing
2026-08-18 00:29:34,164 [INFO] [164/199] [AFDB] AF-J7F7B3-F1-model_v6
2026-08-18 00:29:35,077 [WARNING] [UNIPROT] A0A0A7C4F9: protein name missing
2026-08-18 00:29:35,079 [WARNING] [UNIPROT] A0A0A7C4F9: gene name missing
2026-08-18 00:29:35,080 [INFO] [165/199] [AFDB] AF-G1EMN0-F1-model_v6
2026-08-18 00:29:35,095 [WARNING] [UNIPROT] A0A180H704: protein name missing
2026-08-18 00:29:35,097 [WARNING] [UNIPROT] A0A180H704: gene name missing
2026-08-18 00:29:35,098 [INFO] [166/199] [AFDB] AF-A0A2P1E963-F1-model_v6
2026-08-18 00:29:35,174 [WARNING] [UNIPROT] A0A1C8DT11: protein name missing
2026-08-18 00:29:35,176 [WARNING] [UNIPROT] A0A1C8DT11: gene name missing
2026-08-18 00:29:35,178 [INFO] [167/199] [AFDB] AF-A0A186VN56-F1-model_v6
2026-08-18 00:29:35,251 [WARNING] [UNIPROT] D5L9C1: protein name missing
2026-08-18 00:29:35,253 [WARNING] [UNIPROT] D5L9C1: gene name missing
2026-08-18 00:29:35,253 [INFO] [168/199] [AFDB] AF-D4HPJ2-F1-model_v6
2026-08-18 00:29:36,130 [WARNING] [UNIPROT] A0A186VN56: protein name missing
2026-08-18 00:29:36,136 [WARNING] [UNIPROT] G1EMN0: protein name missing
2026-08-18 00:29:36,137 [WARNING] [UNIPROT] A0A186VN56: gene name missing
2026-08-18 00:29:36,138 [WARNING] [UNIPROT] G1EMN0: gene name missing
2026-08-18 00:29:36,139 [INFO] [169/199] [AFDB] AF-W0NXX4-F1-model_v6
2026-08-18 00:29:36,140 [INFO] [170/199] [AFDB] AF-F4YZU8-F1-model_v6
2026-08-18 00:29:36,160 [WARNING] [UNIPROT] G1EPS4: protein name missing
2026-08-18 00:29:36,161 [WARNING] [UNIPROT] G1EPS4: gene name missing
2026-08-18 00:29:36,162 [INFO] [171/199] [AFDB] AF-A0MVW9-F1-model_v6
2026-08-18 00:29:36,267 [WARNING] [UNIPROT] D4HPJ2: protein name missing
2026-08-18 00:29:36,270 [WARNING] [UNIPROT] D4HPJ2: gene name missing
2026-08-18 00:29:36,271 [INFO] [172/199] [AFDB] AF-R4N2M3-F1-model_v6
2026-08-18 00:29:37,384 [WARNING] [UNIPROT] A0A186VN06: protein name missing
2026-08-18 00:29:37,385 [WARNING] [UNIPROT] A0A186VN06: gene name missing
2026-08-18 00:29:37,386 [INFO] [173/199] [AFDB] AF-K4JES8-F1-model_v6
2026-08-18 00:29:37,601 [WARNING] [UNIPROT] A0A0A7C9G6: protein name missing
2026-08-18 00:29:37,607 [WARNING] [UNIPROT] A0A0A7C9G6: gene name missing
2026-08-18 00:29:37,607 [INFO] [174/199] [AFDB] AF-Q8WLU2-F1-model_v6
2026-08-18 00:29:37,685 [WARNING] [UNIPROT] G0ZDT8: protein name missing
2026-08-18 00:29:37,687 [WARNING] [UNIPROT] G0ZDT8: gene name missing
2026-08-18 00:29:37,687 [INFO] [175/199] [AFDB] AF-G1EPL7-F1-model_v6
2026-08-18 00:29:37,796 [WARNING] [UNIPROT] B2ZCW0: protein name missing
2026-08-18 00:29:37,797 [WARNING] [UNIPROT] B2ZCW0: gene name missing
2026-08-18 00:29:37,800 [INFO] [176/199] [AFDB] AF-J7JWL8-F1-model_v6
2026-08-18 00:29:38,344 [WARNING] [UNIPROT] K4JES8: protein name missing
2026-08-18 00:29:38,345 [WARNING] [UNIPROT] K4JES8: gene name missing
2026-08-18 00:29:38,346 [INFO] [177/199] [AFDB] AF-A0A2H4FZ85-F1-model_v6
2026-08-18 00:29:38,388 [WARNING] [UNIPROT] G1ENH5: protein name missing
2026-08-18 00:29:38,389 [WARNING] [UNIPROT] G1ENH5: gene name missing
2026-08-18 00:29:38,390 [INFO] [178/199] [AFDB] AF-Q9MYA7-F1-model_v6
2026-08-18 00:29:38,555 [WARNING] [UNIPROT] D5FHX8: protein name missing
2026-08-18 00:29:38,556 [WARNING] [UNIPROT] D5FHX8: gene name missing
2026-08-18 00:29:38,557 [INFO] [179/199] [AFDB] AF-C7FDS4-F1-model_v6
2026-08-18 00:29:38,645 [WARNING] [UNIPROT] G1EPL7: protein name missing
2026-08-18 00:29:38,646 [WARNING] [UNIPROT] G1EPL7: gene name missing
2026-08-18 00:29:38,646 [INFO] [180/199] [AFDB] AF-V5JAB1-F1-model_v6
2026-08-18 00:29:39,349 [WARNING] [UNIPROT] F8R148: protein name missing
2026-08-18 00:29:39,351 [WARNING] [UNIPROT] F8R148: gene name missing
2026-08-18 00:29:39,351 [INFO] [181/199] [AFDB] AF-C7E589-F1-model_v6
2026-08-18 00:29:39,490 [WARNING] [UNIPROT] C8CH92: protein name missing
2026-08-18 00:29:39,490 [WARNING] [UNIPROT] C8CH92: gene name missing
2026-08-18 00:29:39,491 [INFO] [182/199] [AFDB] AF-I2FK81-F1-model_v6
2026-08-18 00:29:39,542 [WARNING] [UNIPROT] C7FDS4: protein name missing
2026-08-18 00:29:39,543 [WARNING] [UNIPROT] C7FDS4: gene name missing
2026-08-18 00:29:39,543 [INFO] [183/199] [AFDB] AF-A1IVL5-F1-model_v6
2026-08-18 00:29:39,560 [WARNING] [UNIPROT] J7JWL8: protein name missing
2026-08-18 00:29:39,561 [WARNING] [UNIPROT] J7JWL8: gene name missing
2026-08-18 00:29:39,562 [INFO] [184/199] [AFDB] AF-A0A286MCG5-F1-model_v6
2026-08-18 00:29:40,486 [WARNING] [UNIPROT] A1IVL5: protein name missing
2026-08-18 00:29:40,487 [WARNING] [UNIPROT] A1IVL5: gene name missing
2026-08-18 00:29:40,488 [INFO] [185/199] [AFDB] AF-A0A1W5LVZ2-F1-model_v6
2026-08-18 00:29:40,496 [WARNING] [UNIPROT] O19645: used submissionNames
2026-08-18 00:29:40,499 [INFO] [186/199] [AFDB] AF-A0A6B7FVS2-F1-model_v6
2026-08-18 00:29:40,500 [WARNING] [UNIPROT] C7E589: protein name missing
2026-08-18 00:29:40,501 [WARNING] [UNIPROT] C7E589: gene name missing
2026-08-18 00:29:40,501 [INFO] [187/199] [AFDB] AF-A0A678ZHD7-F1-model_v6
2026-08-18 00:29:40,613 [WARNING] [UNIPROT] A0A286MCG5: protein name missing
2026-08-18 00:29:40,614 [WARNING] [UNIPROT] A0A286MCG5: gene name missing
2026-08-18 00:29:40,615 [INFO] [188/199] [AFDB] AF-A0A7L4X757-F1-model_v6
2026-08-18 00:29:41,595 [WARNING] [UNIPROT] A0A6B7FVS2: protein name missing
2026-08-18 00:29:41,597 [WARNING] [UNIPROT] A0A6B7FVS2: gene name missing
2026-08-18 00:29:41,598 [INFO] [189/199] [AFDB] AF-A0A167RQK8-F1-model_v6
2026-08-18 00:29:41,625 [WARNING] [UNIPROT] C7FDR5: protein name missing
2026-08-18 00:29:41,627 [WARNING] [UNIPROT] C7FDR5: gene name missing
2026-08-18 00:29:41,628 [INFO] [190/199] [AFDB] AF-A0A0D6K9C0-F1-model_v6
2026-08-18 00:29:41,720 [WARNING] [UNIPROT] A0A1W5LVZ2: protein name missing
2026-08-18 00:29:41,721 [WARNING] [UNIPROT] A0A1W5LVZ2: gene name missing
2026-08-18 00:29:41,722 [INFO] [191/199] [AFDB] AF-A0A6V6XYA5-F1-model_v6
2026-08-18 00:29:41,742 [WARNING] [UNIPROT] A0A678ZHD7: protein name missing
2026-08-18 00:29:41,743 [WARNING] [UNIPROT] A0A678ZHD7: gene name missing
2026-08-18 00:29:41,744 [INFO] [192/199] [AFDB] AF-A0A3S6RFT4-F1-model_v6
2026-08-18 00:29:40,212 [WARNING] [UNIPROT] J7F7B3: protein name missing
2026-08-18 00:29:40,213 [WARNING] [UNIPROT] J7F7B3: gene name missing
2026-08-18 00:29:40,214 [INFO] [193/199] [AFDB] AF-A0A6B7FV64-F1-model_v6
2026-08-18 00:29:40,265 [WARNING] [UNIPROT] A0A7L4X757: protein name missing
2026-08-18 00:29:40,266 [WARNING] [UNIPROT] A0A7L4X757: gene name missing
2026-08-18 00:29:40,267 [INFO] [194/199] [AFDB] AF-A0A6B7IH53-F1-model_v6
2026-08-18 00:29:40,302 [WARNING] [UNIPROT] A0A167RQK8: protein name missing
2026-08-18 00:29:40,303 [WARNING] [UNIPROT] A0A167RQK8: gene name missing
2026-08-18 00:29:40,304 [INFO] [195/199] [AFDB] AF-A0A678ZVY0-F1-model_v6
2026-08-18 00:29:40,392 [WARNING] [UNIPROT] A0A2P1E963: used submissionNames
2026-08-18 00:29:40,393 [INFO] [196/199] [AFDB] AF-A0A3Q8TKD6-F1-model_v6
2026-08-18 00:29:41,216 [WARNING] [UNIPROT] A0A6B7IH53: protein name missing
2026-08-18 00:29:41,216 [WARNING] [UNIPROT] A0A6B7IH53: gene name missing
2026-08-18 00:29:41,217 [INFO] [197/199] [AFDB] AF-Q45FY5-F1-model_v6
2026-08-18 00:29:41,284 [WARNING] [UNIPROT] W0NXX4: protein name missing
2026-08-18 00:29:41,285 [WARNING] [UNIPROT] W0NXX4: gene name missing
2026-08-18 00:29:41,288 [WARNING] [UNIPROT] A0A3S6RFT4: protein name missing
2026-08-18 00:29:41,289 [INFO] [198/199] [AFDB] AF-A0A140HLF2-F1-model_v6
2026-08-18 00:29:41,290 [WARNING] [UNIPROT] A0A3S6RFT4: gene name missing
2026-08-18 00:29:41,291 [INFO] [199/199] [AFDB] AF-A0A238TPE3-F1-model_v6
2026-08-18 00:29:41,329 [WARNING] [UNIPROT] A0A3Q8TKD6: protein name missing
2026-08-18 00:29:41,330 [WARNING] [UNIPROT] A0A3Q8TKD6: gene name missing
2026-08-18 00:29:42,316 [WARNING] [UNIPROT] Q45FY5: protein name missing
2026-08-18 00:29:42,317 [WARNING] [UNIPROT] Q45FY5: gene name missing
2026-08-18 00:29:42,354 [WARNING] [UNIPROT] F4YZU8: protein name missing
2026-08-18 00:29:42,356 [WARNING] [UNIPROT] F4YZU8: gene name missing
2026-08-18 00:29:42,421 [WARNING] [UNIPROT] A0A238TPE3: protein name missing
2026-08-18 00:29:42,422 [WARNING] [UNIPROT] A0A238TPE3: gene name missing
2026-08-18 00:29:42,565 [WARNING] [UNIPROT] A0MVW9: protein name missing
2026-08-18 00:29:42,566 [WARNING] [UNIPROT] A0MVW9: gene name missing
2026-08-18 00:29:43,503 [WARNING] [UNIPROT] R4N2M3: protein name missing
2026-08-18 00:29:43,505 [WARNING] [UNIPROT] R4N2M3: gene name missing
2026-08-18 00:29:43,626 [WARNING] [UNIPROT] Q8WLU2: protein name missing
2026-08-18 00:29:43,626 [WARNING] [UNIPROT] Q8WLU2: gene name missing
2026-08-18 00:29:43,796 [WARNING] [UNIPROT] A0A2H4FZ85: protein name missing
2026-08-18 00:29:43,798 [WARNING] [UNIPROT] A0A2H4FZ85: gene name missing
2026-08-18 00:29:43,940 [WARNING] [UNIPROT] Q9MYA7: protein name missing
2026-08-18 00:29:43,942 [WARNING] [UNIPROT] Q9MYA7: gene name missing
2026-08-18 00:29:44,599 [WARNING] [UNIPROT] V5JAB1: protein name missing
2026-08-18 00:29:44,601 [WARNING] [UNIPROT] V5JAB1: gene name missing
2026-08-18 00:29:44,702 [WARNING] [UNIPROT] I2FK81: protein name missing
2026-08-18 00:29:44,704 [WARNING] [UNIPROT] I2FK81: gene name missing
2026-08-18 00:29:44,923 [WARNING] [UNIPROT] A0A0D6K9C0: protein name missing
2026-08-18 00:29:44,924 [WARNING] [UNIPROT] A0A0D6K9C0: gene name missing
2026-08-18 00:29:45,059 [WARNING] [UNIPROT] A0A6V6XYA5: protein name missing
2026-08-18 00:29:45,060 [WARNING] [UNIPROT] A0A6V6XYA5: gene name missing
2026-08-18 00:29:45,619 [WARNING] [UNIPROT] A0A6B7FV64: protein name missing
2026-08-18 00:29:45,622 [WARNING] [UNIPROT] A0A678ZVY0: protein name missing
2026-08-18 00:29:45,624 [WARNING] [UNIPROT] A0A6B7FV64: gene name missing
2026-08-18 00:29:45,630 [WARNING] [UNIPROT] A0A140HLF2: used submissionNames
2026-08-18 00:29:45,630 [WARNING] [UNIPROT] A0A678ZVY0: gene name missing
2026-08-18 00:29:45,691 [INFO] [CSV] /mnt/c/Users/gio/Documents/foldseek_nefertari/filter/ligands_pipeline/afdb_pipeline/step2/afdb_mhc_annotations.csv
2026-08-18 00:29:45,693 [INFO] [CSV] /mnt/c/Users/gio/Documents/foldseek_nefertari/filter/ligands_pipeline/afdb_pipeline/step2/afdb_mhc_annotation_errors.csv
2026-08-18 00:29:45,694 [INFO] [DONE] AFDB annotations
