=== Prepare modified full complexes for step9 ===
Step7 input folder exists:     True
Step8 remodeled folder exists: True
Modified output folder:        modified_pdbs
Input CSV:                     /home/rocio.maidana/Documents/pMHCfold/version6/pdb_data/filter/step9/pdb/binder_removals.csv

[SUMMARY CSV] edited copies written
[SUMMARY CSV] step7_binders: rows=851, removed=10
[SUMMARY CSV] step7_ligands: rows=1234, removed=0

[SOURCE] 28IL: using step7 file
[REQUEST] 28IL: remove chains C
[OK] 28IL: modified full complex written; removed=1, not_found=0
[SOURCE] 7DZM: using step7 file
[REQUEST] 7DZM: remove chains B
[OK] 7DZM: modified full complex written; removed=1, not_found=0
[SOURCE] 7NDT: using step7 file
[REQUEST] 7NDT: remove chains F
[OK] 7NDT: modified full complex written; removed=1, not_found=0
[SOURCE] 7NUI: using step7 file
[REQUEST] 7NUI: remove chains B
[OK] 7NUI: modified full complex written; removed=1, not_found=0
[SOURCE] 8DV3: using step7 file
[REQUEST] 8DV3: remove chains B
[OK] 8DV3: modified full complex written; removed=1, not_found=0
[SOURCE] 9F13: using step7 file
[REQUEST] 9F13: remove chains D
[OK] 9F13: modified full complex written; removed=1, not_found=0
[SOURCE] 9NW9: using step7 file
[REQUEST] 9NW9: remove chains B
[OK] 9NW9: modified full complex written; removed=1, not_found=0
[SOURCE] 9O06: using step7 file
[REQUEST] 9O06: remove chains F
[OK] 9O06: modified full complex written; removed=1, not_found=0
[ERROR] 9Y0T: no step7 PDB found for 9Y0T
[SOURCE] 9Y0U: using step7 file
[REQUEST] 9Y0U: remove chains F
[OK] 9Y0U: modified full complex written; removed=1, not_found=0
[SOURCE] 9Y0W: using step7 file
[REQUEST] 9Y0W: remove chains F
[OK] 9Y0W: modified full complex written; removed=1, not_found=0

=== Pre-step9 summary ===
PDBs requested:        11
PDBs with output:      10
Chain removals done:   10
Chain requests missing:1
Modified PDB folder:   modified_pdbs
Path-free log:         modified_pdbs_log.csv
Edited binders CSV:    step9_binders.csv
Edited ligands CSV:    step9_ligands.csv
[DONE] Pre-step9 finished
