=== STEP9 configuration ===
INPUT_PDB_DIR (step7):  /mnt/c/Users/gio/Documents/foldseek_nefertari/filter/ligands_pipeline/step7_fix/pdb/1_filtered_structures | exists=True
STEP8_REMODELED_DIR:    /mnt/c/Users/gio/Documents/foldseek_nefertari/filter/ligands_pipeline/step8/pdb/mhc_remodeled | exists=True
MODIFIED_PDB_DIR:       /mnt/c/Users/gio/Documents/foldseek_nefertari/filter/ligands_pipeline/step9_fix/pdb/modified_pdbs | exists=True
BINDERS_CSV:            /mnt/c/Users/gio/Documents/foldseek_nefertari/filter/ligands_pipeline/step7_fix/pdb/summaries/step7_binders.csv | exists=True
LIGANDS_CSV:            /mnt/c/Users/gio/Documents/foldseek_nefertari/filter/ligands_pipeline/step7_fix/pdb/summaries/step7_ligands.csv | exists=True
STEP9_DIR:              /mnt/c/Users/gio/Documents/foldseek_nefertari/filter/ligands_pipeline/step9_fix/pdb
RESIDUES_CSV:           /mnt/c/Users/gio/Documents/foldseek_nefertari/filter/ligands_pipeline/step9_fix/pdb/step9_residues.csv
ANNOTATIONS_CSV:        /mnt/c/Users/gio/Documents/foldseek_nefertari/filter/ligands_pipeline/step2_1/functional_annotation/pdb/filtered/pdb_mhc_annotations_filtered.csv | exists=True
ANNOTATIONS_OUT_CSV:    /mnt/c/Users/gio/Documents/foldseek_nefertari/filter/ligands_pipeline/step9_fix/pdb/step9_annotations.csv

[INPUT] PDB files:            1158
[INPUT] PDBs with binders:    386
[INPUT] PDBs with ligands:    1097
[INPUT] PTM residues tracked: 54

=== STEP9 separating structures ===
[OK] 1A1M (step7): binders=0  ligands=1  flagged_residues=0
[OK] 1A1N (step7): binders=0  ligands=1  flagged_residues=0
[OK] 1A1O (step7): binders=0  ligands=1  flagged_residues=0
[OK] 1A6Z (step7): binders=0  ligands=0  flagged_residues=0
[OK] 1A9B (step7): binders=0  ligands=1  flagged_residues=0
[OK] 1A9E (step7): binders=0  ligands=1  flagged_residues=0
[OK] 1AGB (step7): binders=0  ligands=1  flagged_residues=0
[OK] 1AGC (step7): binders=0  ligands=1  flagged_residues=0
[OK] 1AGD (step7): binders=0  ligands=1  flagged_residues=0
[OK] 1AGE (step7): binders=0  ligands=1  flagged_residues=0
[OK] 1AGF (step7): binders=0  ligands=1  flagged_residues=0
[OK] 1AKJ (step7): binders=0  ligands=1  flagged_residues=0
[OK] 1AO7 (step7): binders=2  ligands=1  flagged_residues=0
[OK] 1B0G (step7): binders=0  ligands=1  flagged_residues=0
[OK] 1B0R (step7): binders=0  ligands=1  flagged_residues=1
[OK] 1BD2 (step7): binders=2  ligands=1  flagged_residues=0
[OK] 1CG9 (step7): binders=0  ligands=1  flagged_residues=0
[OK] 1DE4 (step7): binders=2  ligands=0  flagged_residues=0
[OK] 1DUY (step7): binders=0  ligands=1  flagged_residues=0
[OK] 1DUZ (step7): binders=0  ligands=1  flagged_residues=0
[OK] 1E27 (step7): binders=0  ligands=1  flagged_residues=0
[OK] 1E28 (step7): binders=0  ligands=1  flagged_residues=0
[OK] 1EEY (step7): binders=0  ligands=1  flagged_residues=0
[OK] 1EEZ (step7): binders=0  ligands=1  flagged_residues=0
[OK] 1EFX (step7): binders=1  ligands=1  flagged_residues=0
[SOURCE] 1EXU: using remodeled structure → 1exu_modeled_loop.pdb
[OK] 1EXU (remodeled): binders=0  ligands=0  flagged_residues=0
[OK] 1GZP (step7): binders=0  ligands=1  flagged_residues=1
[OK] 1GZQ (step7): binders=0  ligands=1  flagged_residues=1
[OK] 1HHG (step7): binders=0  ligands=1  flagged_residues=0
[OK] 1HHH (step7): binders=0  ligands=1  flagged_residues=0
[OK] 1HHI (step7): binders=0  ligands=1  flagged_residues=0
[OK] 1HHJ (step7): binders=0  ligands=1  flagged_residues=0
[OK] 1HHK (step7): binders=0  ligands=1  flagged_residues=0
[OK] 1HSA (step7): binders=0  ligands=1  flagged_residues=0
[OK] 1HSB (step7): binders=0  ligands=2  flagged_residues=0
[OK] 1HYR (step7): binders=2  ligands=0  flagged_residues=0
[OK] 1I1F (step7): binders=0  ligands=1  flagged_residues=0
[OK] 1I1Y (step7): binders=0  ligands=1  flagged_residues=0
[OK] 1I4F (step7): binders=0  ligands=1  flagged_residues=0
[OK] 1I7R (step7): binders=0  ligands=1  flagged_residues=0
[OK] 1I7T (step7): binders=0  ligands=1  flagged_residues=0
[OK] 1I7U (step7): binders=0  ligands=1  flagged_residues=0
[OK] 1IM3 (step7): binders=1  ligands=1  flagged_residues=0
[OK] 1IM9 (step7): binders=1  ligands=1  flagged_residues=0
[OK] 1JE6 (step7): binders=0  ligands=0  flagged_residues=0
[OK] 1JF1 (step7): binders=0  ligands=1  flagged_residues=0
[OK] 1JGD (step7): binders=0  ligands=1  flagged_residues=0
[OK] 1JGE (step7): binders=0  ligands=1  flagged_residues=0
[OK] 1JHT (step7): binders=0  ligands=1  flagged_residues=0
[OK] 1K5N (step7): binders=0  ligands=1  flagged_residues=0
[SOURCE] 1KCG: using remodeled structure → 1kcg_modeled_loop.pdb
[OK] 1KCG (remodeled): binders=2  ligands=0  flagged_residues=1
[OK] 1KPR (step7): binders=0  ligands=1  flagged_residues=0
[OK] 1KTL (step7): binders=0  ligands=1  flagged_residues=0
[OK] 1L8J (step7): binders=0  ligands=1  flagged_residues=1
[SOURCE] 1LP9: using modified structure → 1lp9_mhc_complex.pdb
[WARNING] 1LP9: binder chain D not found
[WARNING] 1LP9: binder chain E not found
[OK] 1LP9 (modified): binders=0  ligands=1  flagged_residues=0
[SOURCE] 1M05: using remodeled structure → 1m05_modeled_loop.pdb
[OK] 1M05 (remodeled): binders=0  ligands=1  flagged_residues=0
[OK] 1M6O (step7): binders=0  ligands=1  flagged_residues=0
[OK] 1MHE (step7): binders=0  ligands=1  flagged_residues=0
[OK] 1MI5 (step7): binders=2  ligands=1  flagged_residues=0
[OK] 1N2R (step7): binders=0  ligands=1  flagged_residues=0
[OK] 1OF2 (step7): binders=0  ligands=1  flagged_residues=0
[OK] 1OGA (step7): binders=2  ligands=1  flagged_residues=0
[OK] 1OGT (step7): binders=0  ligands=1  flagged_residues=0
[OK] 1ONQ (step7): binders=0  ligands=1  flagged_residues=1
[OK] 1P7Q (step7): binders=0  ligands=1  flagged_residues=0
[OK] 1Q94 (step7): binders=0  ligands=1  flagged_residues=0
[OK] 1QEW (step7): binders=0  ligands=1  flagged_residues=0
[OK] 1QQD (step7): binders=0  ligands=1  flagged_residues=0
[OK] 1QR1 (step7): binders=0  ligands=1  flagged_residues=0
[OK] 1QRN (step7): binders=2  ligands=1  flagged_residues=0
[OK] 1QSE (step7): binders=2  ligands=1  flagged_residues=0
[OK] 1QSF (step7): binders=2  ligands=1  flagged_residues=0
[OK] 1QVO (step7): binders=0  ligands=1  flagged_residues=0
[OK] 1S8D (step7): binders=0  ligands=1  flagged_residues=0
[OK] 1S9W (step7): binders=0  ligands=1  flagged_residues=0
[OK] 1S9X (step7): binders=0  ligands=1  flagged_residues=0
[OK] 1S9Y (step7): binders=0  ligands=1  flagged_residues=0
[OK] 1SYS (step7): binders=0  ligands=1  flagged_residues=0
[OK] 1SYV (step7): binders=0  ligands=1  flagged_residues=0
[OK] 1T1W (step7): binders=0  ligands=1  flagged_residues=0
[OK] 1T1X (step7): binders=0  ligands=1  flagged_residues=0
[OK] 1T1Y (step7): binders=0  ligands=1  flagged_residues=0
[OK] 1T1Z (step7): binders=0  ligands=1  flagged_residues=0
[OK] 1T20 (step7): binders=0  ligands=1  flagged_residues=0
[OK] 1T21 (step7): binders=0  ligands=1  flagged_residues=0
[OK] 1T22 (step7): binders=0  ligands=1  flagged_residues=0
[OK] 1T7V (step7): binders=0  ligands=1  flagged_residues=1
[OK] 1T7W (step7): binders=0  ligands=0  flagged_residues=0
[OK] 1T7X (step7): binders=0  ligands=0  flagged_residues=0
[OK] 1T7Y (step7): binders=0  ligands=0  flagged_residues=0
[OK] 1T7Z (step7): binders=0  ligands=0  flagged_residues=0
[OK] 1T80 (step7): binders=0  ligands=0  flagged_residues=0
[OK] 1TMC (step7): binders=0  ligands=1  flagged_residues=0
[OK] 1TVB (step7): binders=0  ligands=1  flagged_residues=0
[OK] 1TVH (step7): binders=0  ligands=1  flagged_residues=0
[OK] 1UQS (step7): binders=0  ligands=1  flagged_residues=1
[OK] 1UXS (step7): binders=0  ligands=1  flagged_residues=0
[OK] 1UXW (step7): binders=0  ligands=1  flagged_residues=0
[OK] 1W0V (step7): binders=0  ligands=1  flagged_residues=0
[OK] 1W0W (step7): binders=0  ligands=1  flagged_residues=0
[OK] 1W72 (step7): binders=2  ligands=1  flagged_residues=0
[OK] 1X7Q (step7): binders=0  ligands=1  flagged_residues=0
[OK] 1XH3 (step7): binders=0  ligands=1  flagged_residues=0
[OK] 1XR8 (step7): binders=0  ligands=1  flagged_residues=0
[OK] 1XR9 (step7): binders=0  ligands=1  flagged_residues=0
[OK] 1XZ0 (step7): binders=0  ligands=1  flagged_residues=1
[OK] 1YDP (step7): binders=0  ligands=1  flagged_residues=0
[OK] 1ZAG (step7): binders=0  ligands=0  flagged_residues=0
[OK] 1ZHK (step7): binders=0  ligands=1  flagged_residues=0
[OK] 1ZHL (step7): binders=0  ligands=1  flagged_residues=0
[OK] 1ZSD (step7): binders=0  ligands=1  flagged_residues=0
[OK] 1ZT4 (step7): binders=0  ligands=1  flagged_residues=1
[OK] 2A83 (step7): binders=0  ligands=1  flagged_residues=0
[OK] 2AK4 (step7): binders=2  ligands=1  flagged_residues=0
[OK] 2AV1 (step7): binders=0  ligands=1  flagged_residues=0
[OK] 2AV7 (step7): binders=0  ligands=1  flagged_residues=0
[OK] 2AXF (step7): binders=0  ligands=1  flagged_residues=0
[OK] 2AXG (step7): binders=0  ligands=1  flagged_residues=0
[OK] 2BCK (step7): binders=0  ligands=1  flagged_residues=0
[OK] 2BNQ (step7): binders=2  ligands=1  flagged_residues=0
[OK] 2BNR (step7): binders=2  ligands=1  flagged_residues=0
[OK] 2BSR (step7): binders=0  ligands=1  flagged_residues=0
[OK] 2BSS (step7): binders=0  ligands=1  flagged_residues=0
[OK] 2BST (step7): binders=0  ligands=1  flagged_residues=0
[OK] 2BVO (step7): binders=0  ligands=1  flagged_residues=0
[OK] 2BVP (step7): binders=0  ligands=1  flagged_residues=0
[OK] 2BVQ (step7): binders=0  ligands=1  flagged_residues=0
[OK] 2C7U (step7): binders=0  ligands=1  flagged_residues=0
[OK] 2CIK (step7): binders=0  ligands=1  flagged_residues=0
[OK] 2CLR (step7): binders=0  ligands=1  flagged_residues=0
[OK] 2D31 (step7): binders=0  ligands=1  flagged_residues=0
[OK] 2DYP (step7): binders=0  ligands=1  flagged_residues=0
[OK] 2ESV (step7): binders=2  ligands=1  flagged_residues=0
[OK] 2F53 (step7): binders=2  ligands=1  flagged_residues=0
[OK] 2F54 (step7): binders=2  ligands=1  flagged_residues=0
[OK] 2FYY (step7): binders=0  ligands=1  flagged_residues=0
[OK] 2FZ3 (step7): binders=0  ligands=1  flagged_residues=0
[OK] 2GIT (step7): binders=0  ligands=1  flagged_residues=0
[OK] 2GJ6 (step7): binders=2  ligands=1  flagged_residues=1
[OK] 2GT9 (step7): binders=0  ligands=1  flagged_residues=0
[OK] 2GTW (step7): binders=0  ligands=1  flagged_residues=0
[OK] 2GTZ (step7): binders=0  ligands=1  flagged_residues=0
[OK] 2GUO (step7): binders=0  ligands=1  flagged_residues=0
[OK] 2H26 (step7): binders=0  ligands=2  flagged_residues=2
[OK] 2H6P (step7): binders=0  ligands=1  flagged_residues=0
[OK] 2HJK (step7): binders=0  ligands=1  flagged_residues=0
[OK] 2HJL (step7): binders=0  ligands=1  flagged_residues=0
[OK] 2HLA (step7): binders=0  ligands=0  flagged_residues=0
[OK] 2HN7 (step7): binders=0  ligands=1  flagged_residues=0
[SOURCE] 2J8U: using modified structure → 2j8u_mhc_complex.pdb
[WARNING] 2J8U: binder chain D not found
[WARNING] 2J8U: binder chain E not found
[OK] 2J8U (modified): binders=0  ligands=1  flagged_residues=0
[SOURCE] 2JCC: using modified structure → 2jcc_mhc_complex.pdb
[WARNING] 2JCC: binder chain D not found
[WARNING] 2JCC: binder chain E not found
[OK] 2JCC (modified): binders=0  ligands=1  flagged_residues=0
[OK] 2NW3 (step7): binders=0  ligands=1  flagged_residues=0
[OK] 2NX5 (step7): binders=2  ligands=1  flagged_residues=0
[OK] 2P5E (step7): binders=2  ligands=1  flagged_residues=0
[OK] 2P5W (step7): binders=2  ligands=1  flagged_residues=0
[OK] 2PO6 (step7): binders=2  ligands=1  flagged_residues=1
[OK] 2PYE (step7): binders=2  ligands=1  flagged_residues=0
[OK] 2RFX (step7): binders=0  ligands=1  flagged_residues=0
[SOURCE] 2UWE: using modified structure → 2uwe_mhc_complex.pdb
[WARNING] 2UWE: binder chain D not found
[WARNING] 2UWE: binder chain E not found
[OK] 2UWE (modified): binders=0  ligands=1  flagged_residues=0
[OK] 2V2W (step7): binders=0  ligands=1  flagged_residues=0
[OK] 2V2X (step7): binders=0  ligands=1  flagged_residues=0
[OK] 2VLJ (step7): binders=2  ligands=1  flagged_residues=0
[OK] 2VLK (step7): binders=2  ligands=1  flagged_residues=0
[OK] 2VLL (step7): binders=0  ligands=1  flagged_residues=0
[OK] 2VLR (step7): binders=2  ligands=1  flagged_residues=0
[SOURCE] 2WY3: using remodeled structure → 2wy3_modeled_loop.pdb
[OK] 2WY3 (remodeled): binders=1  ligands=0  flagged_residues=0
[OK] 2X4N (step7): binders=0  ligands=1  flagged_residues=1
[OK] 2X4O (step7): binders=0  ligands=1  flagged_residues=0
[OK] 2X4P (step7): binders=0  ligands=1  flagged_residues=3
[OK] 2X4Q (step7): binders=0  ligands=1  flagged_residues=3
[OK] 2X4R (step7): binders=0  ligands=1  flagged_residues=0
[OK] 2X4S (step7): binders=0  ligands=1  flagged_residues=0
[OK] 2X4T (step7): binders=0  ligands=1  flagged_residues=1
[OK] 2X4U (step7): binders=0  ligands=1  flagged_residues=0
[OK] 2X70 (step7): binders=0  ligands=1  flagged_residues=2
[OK] 2XPG (step7): binders=0  ligands=1  flagged_residues=0
[OK] 2YPK (step7): binders=0  ligands=1  flagged_residues=0
[OK] 2YPL (step7): binders=2  ligands=1  flagged_residues=0
[OK] 3AM8 (step7): binders=0  ligands=1  flagged_residues=0
[OK] 3B3I (step7): binders=0  ligands=1  flagged_residues=1
[OK] 3B6S (step7): binders=0  ligands=1  flagged_residues=1
[OK] 3BGM (step7): binders=0  ligands=1  flagged_residues=1
[OK] 3BH8 (step7): binders=0  ligands=1  flagged_residues=1
[OK] 3BH9 (step7): binders=0  ligands=1  flagged_residues=1
[OK] 3BHB (step7): binders=0  ligands=1  flagged_residues=1
[OK] 3BO8 (step7): binders=0  ligands=1  flagged_residues=0
[OK] 3BP4 (step7): binders=0  ligands=1  flagged_residues=0
[OK] 3BP7 (step7): binders=0  ligands=1  flagged_residues=0
[OK] 3BVN (step7): binders=0  ligands=1  flagged_residues=0
[OK] 3BW9 (step7): binders=0  ligands=1  flagged_residues=0
[OK] 3BWA (step7): binders=0  ligands=1  flagged_residues=0
[OK] 3BXN (step7): binders=0  ligands=1  flagged_residues=0
[OK] 3BZE (step7): binders=0  ligands=1  flagged_residues=0
[OK] 3BZF (step7): binders=0  ligands=1  flagged_residues=0
[OK] 3C9N (step7): binders=0  ligands=1  flagged_residues=0
[OK] 3CDG (step7): binders=2  ligands=1  flagged_residues=0
[OK] 3CII (step7): binders=2  ligands=1  flagged_residues=0
[OK] 3CZF (step7): binders=0  ligands=1  flagged_residues=0
[OK] 3D18 (step7): binders=0  ligands=1  flagged_residues=0
[OK] 3D25 (step7): binders=0  ligands=1  flagged_residues=0
[OK] 3D2U (step7): binders=0  ligands=1  flagged_residues=0
[OK] 3D39 (step7): binders=2  ligands=1  flagged_residues=1
[OK] 3D3V (step7): binders=2  ligands=1  flagged_residues=1
[SOURCE] 3DTX: using modified structure → 3dtx_mhc_complex.pdb
[WARNING] 3DTX: binder chain C not found
[OK] 3DTX (modified): binders=0  ligands=1  flagged_residues=2
[OK] 3DX6 (step7): binders=0  ligands=1  flagged_residues=0
[OK] 3DX7 (step7): binders=0  ligands=1  flagged_residues=0
[OK] 3DX8 (step7): binders=0  ligands=1  flagged_residues=0
[OK] 3DXA (step7): binders=2  ligands=1  flagged_residues=0
[OK] 3ES6 (step7): binders=0  ligands=1  flagged_residues=1
[OK] 3FFC (step7): binders=2  ligands=1  flagged_residues=0
[OK] 3FQN (step7): binders=0  ligands=1  flagged_residues=0
[OK] 3FQR (step7): binders=0  ligands=1  flagged_residues=1
[OK] 3FQT (step7): binders=0  ligands=1  flagged_residues=0
[OK] 3FQU (step7): binders=0  ligands=1  flagged_residues=1
[OK] 3FQW (step7): binders=0  ligands=1  flagged_residues=0
[OK] 3FQX (step7): binders=0  ligands=1  flagged_residues=1
[OK] 3FT2 (step7): binders=0  ligands=1  flagged_residues=1
[OK] 3FT3 (step7): binders=0  ligands=1  flagged_residues=0
[OK] 3FT4 (step7): binders=0  ligands=1  flagged_residues=0
[OK] 3GIV (step7): binders=0  ligands=1  flagged_residues=0
[OK] 3GJF (step7): binders=2  ligands=1  flagged_residues=0
[OK] 3GSN (step7): binders=2  ligands=1  flagged_residues=0
[OK] 3GSO (step7): binders=0  ligands=1  flagged_residues=0
[OK] 3GSQ (step7): binders=0  ligands=1  flagged_residues=0
[OK] 3GSR (step7): binders=0  ligands=1  flagged_residues=0
[OK] 3GSU (step7): binders=0  ligands=1  flagged_residues=0
[OK] 3GSV (step7): binders=0  ligands=1  flagged_residues=0
[OK] 3GSW (step7): binders=0  ligands=1  flagged_residues=0
[OK] 3GSX (step7): binders=0  ligands=1  flagged_residues=0
[OK] 3H7B (step7): binders=0  ligands=1  flagged_residues=0
[OK] 3H9H (step7): binders=0  ligands=1  flagged_residues=0
[OK] 3H9S (step7): binders=2  ligands=1  flagged_residues=0
[OK] 3HAE (step7): binders=2  ligands=1  flagged_residues=0
[OK] 3HCV (step7): binders=0  ligands=1  flagged_residues=2
[OK] 3HG1 (step7): binders=2  ligands=1  flagged_residues=0
[OK] 3HLA (step7): binders=0  ligands=0  flagged_residues=0
[OK] 3HPJ (step7): binders=0  ligands=1  flagged_residues=0
[OK] 3HUJ (step7): binders=2  ligands=1  flagged_residues=1
[OK] 3I6G (step7): binders=0  ligands=1  flagged_residues=0
[OK] 3I6K (step7): binders=0  ligands=1  flagged_residues=0
[OK] 3I6L (step7): binders=0  ligands=1  flagged_residues=0
[OK] 3IT8 (step7): binders=2  ligands=0  flagged_residues=0
[OK] 3IXA (step7): binders=0  ligands=1  flagged_residues=0
[OK] 3KLA (step7): binders=0  ligands=1  flagged_residues=0
[OK] 3KPL (step7): binders=0  ligands=1  flagged_residues=0
[OK] 3KPM (step7): binders=0  ligands=1  flagged_residues=0
[OK] 3KPN (step7): binders=0  ligands=1  flagged_residues=0
[OK] 3KPO (step7): binders=0  ligands=1  flagged_residues=0
[OK] 3KPP (step7): binders=0  ligands=1  flagged_residues=0
[OK] 3KPQ (step7): binders=0  ligands=1  flagged_residues=0
[OK] 3KPR (step7): binders=2  ligands=1  flagged_residues=0
[OK] 3KPS (step7): binders=2  ligands=1  flagged_residues=0
[OK] 3KWW (step7): binders=0  ligands=1  flagged_residues=0
[OK] 3KXF (step7): binders=2  ligands=1  flagged_residues=0
[OK] 3KYN (step7): binders=0  ligands=1  flagged_residues=0
[OK] 3KYO (step7): binders=0  ligands=1  flagged_residues=0
[OK] 3L3D (step7): binders=0  ligands=1  flagged_residues=0
[OK] 3L3G (step7): binders=0  ligands=1  flagged_residues=0
[OK] 3L3I (step7): binders=0  ligands=1  flagged_residues=0
[OK] 3L3J (step7): binders=0  ligands=1  flagged_residues=0
[OK] 3L3K (step7): binders=0  ligands=1  flagged_residues=0
[OK] 3LKN (step7): binders=0  ligands=1  flagged_residues=0
[OK] 3LKO (step7): binders=0  ligands=1  flagged_residues=0
[OK] 3LKP (step7): binders=0  ligands=1  flagged_residues=0
[OK] 3LKQ (step7): binders=0  ligands=1  flagged_residues=0
[OK] 3LKR (step7): binders=0  ligands=1  flagged_residues=0
[OK] 3LKS (step7): binders=0  ligands=1  flagged_residues=0
[OK] 3LN4 (step7): binders=0  ligands=1  flagged_residues=0
[OK] 3LN5 (step7): binders=0  ligands=1  flagged_residues=0
[OK] 3LV3 (step7): binders=0  ligands=1  flagged_residues=0
[OK] 3M17 (step7): binders=0  ligands=0  flagged_residues=0
[OK] 3M1B (step7): binders=0  ligands=0  flagged_residues=0
[OK] 3MGO (step7): binders=0  ligands=1  flagged_residues=0
[OK] 3MGT (step7): binders=0  ligands=1  flagged_residues=0
[OK] 3MR9 (step7): binders=0  ligands=1  flagged_residues=0
[OK] 3MRB (step7): binders=0  ligands=1  flagged_residues=0
[OK] 3MRC (step7): binders=0  ligands=1  flagged_residues=0
[OK] 3MRD (step7): binders=0  ligands=1  flagged_residues=0
[OK] 3MRE (step7): binders=0  ligands=1  flagged_residues=0
[OK] 3MRF (step7): binders=0  ligands=1  flagged_residues=0
[OK] 3MRG (step7): binders=0  ligands=1  flagged_residues=0
[OK] 3MRH (step7): binders=0  ligands=1  flagged_residues=0
[OK] 3MRI (step7): binders=0  ligands=1  flagged_residues=0
[OK] 3MRJ (step7): binders=0  ligands=1  flagged_residues=0
[OK] 3MRK (step7): binders=0  ligands=1  flagged_residues=0
[OK] 3MRL (step7): binders=0  ligands=1  flagged_residues=0
[OK] 3MRM (step7): binders=0  ligands=1  flagged_residues=0
[OK] 3MRN (step7): binders=0  ligands=1  flagged_residues=0
[OK] 3MRO (step7): binders=0  ligands=1  flagged_residues=0
[OK] 3MRP (step7): binders=0  ligands=1  flagged_residues=0
[OK] 3MRQ (step7): binders=0  ligands=1  flagged_residues=0
[OK] 3MRR (step7): binders=0  ligands=1  flagged_residues=0
[OK] 3MV7 (step7): binders=2  ligands=1  flagged_residues=0
[OK] 3MV8 (step7): binders=2  ligands=1  flagged_residues=0
[OK] 3MV9 (step7): binders=2  ligands=1  flagged_residues=0
[OK] 3MYJ (step7): binders=0  ligands=1  flagged_residues=0
[OK] 3NFN (step7): binders=0  ligands=1  flagged_residues=0
[OK] 3O3A (step7): binders=0  ligands=1  flagged_residues=3
[OK] 3O3B (step7): binders=0  ligands=1  flagged_residues=2
[OK] 3O3D (step7): binders=0  ligands=1  flagged_residues=2
[OK] 3O3E (step7): binders=0  ligands=1  flagged_residues=3
[OK] 3O4L (step7): binders=2  ligands=1  flagged_residues=0
[SOURCE] 3OV6: using remodeled structure → 3ov6_modeled_loop.pdb
[OK] 3OV6 (remodeled): binders=0  ligands=1  flagged_residues=1
[OK] 3OX8 (step7): binders=0  ligands=1  flagged_residues=0
[OK] 3OXR (step7): binders=0  ligands=1  flagged_residues=0
[OK] 3OXS (step7): binders=0  ligands=1  flagged_residues=0
[OK] 3PWJ (step7): binders=0  ligands=1  flagged_residues=0
[OK] 3PWL (step7): binders=0  ligands=1  flagged_residues=0
[OK] 3PWN (step7): binders=0  ligands=1  flagged_residues=0
[OK] 3PWP (step7): binders=2  ligands=1  flagged_residues=0
[OK] 3QDG (step7): binders=2  ligands=1  flagged_residues=0
[OK] 3QDJ (step7): binders=2  ligands=1  flagged_residues=0
[OK] 3QDM (step7): binders=2  ligands=1  flagged_residues=0
[OK] 3QEQ (step7): binders=2  ligands=1  flagged_residues=0
[OK] 3QFD (step7): binders=0  ligands=1  flagged_residues=0
[OK] 3QFJ (step7): binders=2  ligands=1  flagged_residues=0
[OK] 3QZW (step7): binders=0  ligands=1  flagged_residues=0
[OK] 3REW (step7): binders=0  ligands=1  flagged_residues=0
[OK] 3RL1 (step7): binders=0  ligands=1  flagged_residues=0
[OK] 3RL2 (step7): binders=0  ligands=1  flagged_residues=0
[SOURCE] 3S6C: using remodeled structure → 3s6c_modeled_loop.pdb
[OK] 3S6C (remodeled): binders=0  ligands=0  flagged_residues=0
[OK] 3SDX (step7): binders=2  ligands=1  flagged_residues=1
[OK] 3SJV (step7): binders=2  ligands=1  flagged_residues=0
[SOURCE] 3SKM: using remodeled structure → 3skm_modeled_loop.pdb
[OK] 3SKM (remodeled): binders=0  ligands=1  flagged_residues=0
[SOURCE] 3SKO: using remodeled structure → 3sko_modeled_loop.pdb
[OK] 3SKO (remodeled): binders=0  ligands=1  flagged_residues=0
[OK] 3SPV (step7): binders=0  ligands=1  flagged_residues=0
[OK] 3T8X (step7): binders=0  ligands=2  flagged_residues=2
[OK] 3TO2 (step7): binders=0  ligands=1  flagged_residues=0
[OK] 3TZV (step7): binders=2  ligands=1  flagged_residues=1
[OK] 3U0P (step7): binders=0  ligands=1  flagged_residues=1
[OK] 3UPR (step7): binders=0  ligands=2  flagged_residues=1
[OK] 3UTQ (step7): binders=0  ligands=1  flagged_residues=0
[OK] 3UTS (step7): binders=2  ligands=1  flagged_residues=0
[OK] 3UTT (step7): binders=2  ligands=1  flagged_residues=0
[OK] 3V5D (step7): binders=0  ligands=1  flagged_residues=0
[OK] 3V5H (step7): binders=0  ligands=1  flagged_residues=0
[OK] 3V5K (step7): binders=0  ligands=1  flagged_residues=0
[OK] 3VCL (step7): binders=0  ligands=1  flagged_residues=0
[OK] 3VFM (step7): binders=0  ligands=1  flagged_residues=0
[OK] 3VFN (step7): binders=0  ligands=1  flagged_residues=0
[OK] 3VFO (step7): binders=0  ligands=1  flagged_residues=0
[OK] 3VFP (step7): binders=0  ligands=1  flagged_residues=0
[OK] 3VFR (step7): binders=0  ligands=1  flagged_residues=0
[OK] 3VFS (step7): binders=0  ligands=1  flagged_residues=0
[OK] 3VFT (step7): binders=0  ligands=1  flagged_residues=0
[OK] 3VFU (step7): binders=0  ligands=1  flagged_residues=0
[OK] 3VFV (step7): binders=0  ligands=1  flagged_residues=0
[OK] 3VFW (step7): binders=0  ligands=1  flagged_residues=0
[OK] 3VH8 (step7): binders=1  ligands=1  flagged_residues=0
[OK] 3VRI (step7): binders=0  ligands=2  flagged_residues=1
[OK] 3VRJ (step7): binders=0  ligands=2  flagged_residues=1
[SOURCE] 3VWJ: using remodeled structure → 3vwj_modeled_loop.pdb
[OK] 3VWJ (remodeled): binders=2  ligands=1  flagged_residues=1
[SOURCE] 3VWK: using remodeled structure → 3vwk_modeled_loop.pdb
[OK] 3VWK (remodeled): binders=2  ligands=1  flagged_residues=1
[OK] 3VXM (step7): binders=2  ligands=1  flagged_residues=0
[OK] 3VXN (step7): binders=0  ligands=1  flagged_residues=0
[OK] 3VXO (step7): binders=0  ligands=1  flagged_residues=0
[OK] 3VXP (step7): binders=0  ligands=1  flagged_residues=0
[OK] 3VXR (step7): binders=2  ligands=1  flagged_residues=0
[OK] 3VXS (step7): binders=2  ligands=1  flagged_residues=0
[OK] 3VXU (step7): binders=2  ligands=1  flagged_residues=0
[OK] 3W0W (step7): binders=2  ligands=1  flagged_residues=0
[OK] 3W39 (step7): binders=0  ligands=1  flagged_residues=0
[OK] 3WL9 (step7): binders=0  ligands=1  flagged_residues=0
[OK] 3WLB (step7): binders=0  ligands=1  flagged_residues=0
[OK] 3WUW (step7): binders=1  ligands=1  flagged_residues=0
[OK] 3X11 (step7): binders=0  ligands=1  flagged_residues=0
[OK] 3X12 (step7): binders=0  ligands=1  flagged_residues=0
[OK] 3X13 (step7): binders=0  ligands=1  flagged_residues=0
[OK] 3X14 (step7): binders=0  ligands=1  flagged_residues=0
[OK] 4E5X (step7): binders=1  ligands=1  flagged_residues=0
[SOURCE] 4EN3: using remodeled structure → 4en3_modeled_loop.pdb
[OK] 4EN3 (remodeled): binders=2  ligands=1  flagged_residues=1
[OK] 4EUP (step7): binders=2  ligands=1  flagged_residues=0
[OK] 4F7M (step7): binders=0  ligands=1  flagged_residues=0
[OK] 4F7P (step7): binders=0  ligands=1  flagged_residues=0
[OK] 4F7T (step7): binders=0  ligands=1  flagged_residues=0
[OK] 4FFE (step7): binders=0  ligands=0  flagged_residues=0
[OK] 4FTV (step7): binders=2  ligands=1  flagged_residues=0
[OK] 4G8G (step7): binders=2  ligands=1  flagged_residues=0
[OK] 4G8I (step7): binders=0  ligands=1  flagged_residues=0
[OK] 4G9D (step7): binders=0  ligands=1  flagged_residues=0
[OK] 4G9F (step7): binders=2  ligands=1  flagged_residues=0
[OK] 4GKN (step7): binders=0  ligands=1  flagged_residues=0
[OK] 4GKS (step7): binders=0  ligands=1  flagged_residues=0
[OK] 4GUP (step7): binders=0  ligands=1  flagged_residues=1
[OK] 4HWZ (step7): binders=0  ligands=1  flagged_residues=0
[OK] 4HX1 (step7): binders=0  ligands=1  flagged_residues=0
[OK] 4I48 (step7): binders=0  ligands=1  flagged_residues=0
[OK] 4I4W (step7): binders=0  ligands=1  flagged_residues=0
[OK] 4JFD (step7): binders=2  ligands=1  flagged_residues=0
[OK] 4JFE (step7): binders=2  ligands=1  flagged_residues=0
[OK] 4JFF (step7): binders=2  ligands=1  flagged_residues=0
[OK] 4JFO (step7): binders=0  ligands=1  flagged_residues=0
[OK] 4JFP (step7): binders=0  ligands=1  flagged_residues=0
[OK] 4JFQ (step7): binders=0  ligands=1  flagged_residues=0
[OK] 4JQV (step7): binders=0  ligands=1  flagged_residues=0
[OK] 4JQX (step7): binders=0  ligands=1  flagged_residues=0
[OK] 4JRX (step7): binders=2  ligands=1  flagged_residues=0
[OK] 4JRY (step7): binders=2  ligands=1  flagged_residues=0
[OK] 4K71 (step7): binders=1  ligands=0  flagged_residues=0
[OK] 4K7F (step7): binders=0  ligands=1  flagged_residues=0
[OK] 4L29 (step7): binders=0  ligands=1  flagged_residues=0
[OK] 4L3C (step7): binders=0  ligands=1  flagged_residues=0
[OK] 4L3E (step7): binders=2  ligands=1  flagged_residues=0
[OK] 4L4T (step7): binders=2  ligands=1  flagged_residues=1
[SOURCE] 4L4V: using remodeled structure → 4l4v_modeled_loop.pdb
[OK] 4L4V (remodeled): binders=2  ligands=1  flagged_residues=1
[OK] 4LCW (step7): binders=2  ligands=1  flagged_residues=1
[OK] 4LCY (step7): binders=0  ligands=0  flagged_residues=0
[OK] 4LHU (step7): binders=2  ligands=1  flagged_residues=1
[OK] 4LNR (step7): binders=0  ligands=1  flagged_residues=0
[OK] 4MJ5 (step7): binders=0  ligands=1  flagged_residues=0
[OK] 4MJ6 (step7): binders=0  ligands=1  flagged_residues=0
[OK] 4MJI (step7): binders=2  ligands=1  flagged_residues=0
[OK] 4MNG (step7): binders=1  ligands=1  flagged_residues=1
[SOURCE] 4MQ7: using remodeled structure → 4mq7_modeled_loop.pdb
[OK] 4MQ7 (remodeled): binders=0  ligands=1  flagged_residues=1
[OK] 4N0F (step7): binders=1  ligands=0  flagged_residues=0
[OK] 4N0U (step7): binders=2  ligands=0  flagged_residues=0
[OK] 4N8V (step7): binders=1  ligands=1  flagged_residues=0
[OK] 4NNX (step7): binders=0  ligands=1  flagged_residues=1
[OK] 4NNY (step7): binders=0  ligands=1  flagged_residues=0
[OK] 4NO0 (step7): binders=0  ligands=1  flagged_residues=0
[OK] 4NO2 (step7): binders=0  ligands=1  flagged_residues=1
[OK] 4NO3 (step7): binders=0  ligands=1  flagged_residues=1
[OK] 4NO5 (step7): binders=0  ligands=1  flagged_residues=0
[OK] 4NQC (step7): binders=0  ligands=1  flagged_residues=1
[OK] 4NQD (step7): binders=0  ligands=1  flagged_residues=1
[OK] 4NQE (step7): binders=2  ligands=1  flagged_residues=1
[OK] 4NQV (step7): binders=0  ligands=1  flagged_residues=0
[OK] 4NQX (step7): binders=0  ligands=1  flagged_residues=0
[OK] 4NT6 (step7): binders=0  ligands=1  flagged_residues=0
[OK] 4O2C (step7): binders=0  ligands=1  flagged_residues=0
[OK] 4O2E (step7): binders=0  ligands=1  flagged_residues=0
[OK] 4O2F (step7): binders=0  ligands=1  flagged_residues=0
[SOURCE] 4ONO: using remodeled structure → 4ono_modeled_loop.pdb
[OK] 4ONO (remodeled): binders=0  ligands=1  flagged_residues=1
[OK] 4PDC (step7): binders=2  ligands=0  flagged_residues=0
[OK] 4PJ5 (step7): binders=2  ligands=1  flagged_residues=1
[OK] 4PJ7 (step7): binders=2  ligands=1  flagged_residues=1
[OK] 4PJ9 (step7): binders=2  ligands=1  flagged_residues=1
[OK] 4PJA (step7): binders=2  ligands=1  flagged_residues=1
[OK] 4PJB (step7): binders=2  ligands=1  flagged_residues=1
[OK] 4PJC (step7): binders=2  ligands=1  flagged_residues=1
[OK] 4PJD (step7): binders=2  ligands=1  flagged_residues=1
[SOURCE] 4PJE: using remodeled structure → 4pje_modeled_loop.pdb
[OK] 4PJE (remodeled): binders=2  ligands=1  flagged_residues=1
[OK] 4PJF (step7): binders=2  ligands=1  flagged_residues=1
[OK] 4PJG (step7): binders=2  ligands=1  flagged_residues=1
[SOURCE] 4PJH: using remodeled structure → 4pjh_modeled_loop.pdb
[OK] 4PJH (remodeled): binders=2  ligands=1  flagged_residues=1
[SOURCE] 4PJI: using remodeled structure → 4pji_modeled_loop.pdb
[OK] 4PJI (remodeled): binders=2  ligands=1  flagged_residues=1
[SOURCE] 4PJX: using remodeled structure → 4pjx_modeled_loop.pdb
[OK] 4PJX (remodeled): binders=2  ligands=1  flagged_residues=1
[OK] 4PR5 (step7): binders=0  ligands=1  flagged_residues=0
[OK] 4PRA (step7): binders=0  ligands=1  flagged_residues=0
[OK] 4PRB (step7): binders=0  ligands=1  flagged_residues=0
[OK] 4PRD (step7): binders=0  ligands=1  flagged_residues=0
[OK] 4PRE (step7): binders=0  ligands=1  flagged_residues=0
[OK] 4PRH (step7): binders=2  ligands=1  flagged_residues=0
[OK] 4PRI (step7): binders=2  ligands=1  flagged_residues=0
[OK] 4PRN (step7): binders=0  ligands=1  flagged_residues=0
[OK] 4PRP (step7): binders=2  ligands=1  flagged_residues=0
[OK] 4QOK (step7): binders=2  ligands=1  flagged_residues=0
[OK] 4QRP (step7): binders=2  ligands=1  flagged_residues=0
[SOURCE] 4QRQ: using remodeled structure → 4qrq_modeled_loop.pdb
[OK] 4QRQ (remodeled): binders=0  ligands=1  flagged_residues=0
[OK] 4QRR (step7): binders=2  ligands=1  flagged_residues=0
[OK] 4QRS (step7): binders=0  ligands=1  flagged_residues=0
[OK] 4QRT (step7): binders=0  ligands=1  flagged_residues=0
[OK] 4QRU (step7): binders=0  ligands=1  flagged_residues=0
[OK] 4S0U (step7): binders=2  ligands=0  flagged_residues=0
[OK] 4U1H (step7): binders=0  ligands=1  flagged_residues=0
[OK] 4U1I (step7): binders=0  ligands=1  flagged_residues=0
[OK] 4U1J (step7): binders=0  ligands=1  flagged_residues=0
[OK] 4U1K (step7): binders=0  ligands=1  flagged_residues=0
[OK] 4U1L (step7): binders=0  ligands=1  flagged_residues=0
[OK] 4U1M (step7): binders=0  ligands=1  flagged_residues=0
[OK] 4U1N (step7): binders=0  ligands=1  flagged_residues=0
[OK] 4U1S (step7): binders=0  ligands=1  flagged_residues=0
[OK] 4U6X (step7): binders=0  ligands=1  flagged_residues=0
[OK] 4U6Y (step7): binders=0  ligands=1  flagged_residues=0
[OK] 4UQ2 (step7): binders=0  ligands=1  flagged_residues=1
[OK] 4UQ3 (step7): binders=0  ligands=1  flagged_residues=2
[OK] 4V3D (step7): binders=1  ligands=1  flagged_residues=1
[SOURCE] 4V3E: using remodeled structure → 4v3e_modeled_loop.pdb
[OK] 4V3E (remodeled): binders=1  ligands=1  flagged_residues=1
[OK] 4WJ5 (step7): binders=0  ligands=1  flagged_residues=3
[OK] 4WO4 (step7): binders=2  ligands=1  flagged_residues=1
[OK] 4WU5 (step7): binders=0  ligands=1  flagged_residues=0
[OK] 4WU7 (step7): binders=0  ligands=1  flagged_residues=0
[OK] 4WUU (step7): binders=2  ligands=1  flagged_residues=0
[OK] 4WW2 (step7): binders=2  ligands=1  flagged_residues=1
[OK] 4WWK (step7): binders=2  ligands=1  flagged_residues=1
[SOURCE] 4X6C: using remodeled structure → 4x6c_modeled_loop.pdb
[OK] 4X6C (remodeled): binders=2  ligands=1  flagged_residues=1
[SOURCE] 4X6D: using remodeled structure → 4x6d_modeled_loop.pdb
[OK] 4X6D (remodeled): binders=2  ligands=1  flagged_residues=1
[SOURCE] 4X6E: using remodeled structure → 4x6e_modeled_loop.pdb
[OK] 4X6E (remodeled): binders=0  ligands=1  flagged_residues=1
[SOURCE] 4X6F: using remodeled structure → 4x6f_modeled_loop.pdb
[OK] 4X6F (remodeled): binders=0  ligands=1  flagged_residues=1
[OK] 4XXC (step7): binders=0  ligands=1  flagged_residues=0
[OK] 5B38 (step7): binders=1  ligands=1  flagged_residues=0
[OK] 5B39 (step7): binders=1  ligands=1  flagged_residues=0
[OK] 5BJT (step7): binders=0  ligands=0  flagged_residues=0
[OK] 5BRZ (step7): binders=2  ligands=1  flagged_residues=0
[OK] 5BS0 (step7): binders=2  ligands=1  flagged_residues=0
[OK] 5BXF (step7): binders=0  ligands=0  flagged_residues=0
[OK] 5C07 (step7): binders=2  ligands=1  flagged_residues=0
[OK] 5C08 (step7): binders=2  ligands=1  flagged_residues=0
[OK] 5C09 (step7): binders=2  ligands=1  flagged_residues=0
[OK] 5C0A (step7): binders=2  ligands=1  flagged_residues=0
[OK] 5C0B (step7): binders=2  ligands=1  flagged_residues=0
[OK] 5C0C (step7): binders=2  ligands=1  flagged_residues=0
[OK] 5C0D (step7): binders=0  ligands=1  flagged_residues=0
[OK] 5C0E (step7): binders=0  ligands=1  flagged_residues=0
[OK] 5C0F (step7): binders=0  ligands=1  flagged_residues=0
[OK] 5C0G (step7): binders=0  ligands=1  flagged_residues=0
[OK] 5C0I (step7): binders=0  ligands=1  flagged_residues=0
[OK] 5C0J (step7): binders=0  ligands=1  flagged_residues=0
[OK] 5C9J (step7): binders=0  ligands=3  flagged_residues=3
[OK] 5D2L (step7): binders=2  ligands=1  flagged_residues=0
[OK] 5D2N (step7): binders=2  ligands=1  flagged_residues=0
[OK] 5D5M (step7): binders=0  ligands=1  flagged_residues=1
[OK] 5D7I (step7): binders=2  ligands=1  flagged_residues=1
[OK] 5D7J (step7): binders=2  ligands=1  flagged_residues=1
[OK] 5D7L (step7): binders=0  ligands=1  flagged_residues=1
[OK] 5D9S (step7): binders=0  ligands=1  flagged_residues=0
[OK] 5DDH (step7): binders=0  ligands=1  flagged_residues=0
[OK] 5DEF (step7): binders=0  ligands=1  flagged_residues=0
[OK] 5DEG (step7): binders=0  ligands=1  flagged_residues=0
[OK] 5E00 (step7): binders=0  ligands=1  flagged_residues=0
[OK] 5E6I (step7): binders=2  ligands=1  flagged_residues=0
[OK] 5E9D (step7): binders=2  ligands=1  flagged_residues=0
[OK] 5ENW (step7): binders=0  ligands=1  flagged_residues=0
[OK] 5EO0 (step7): binders=0  ligands=1  flagged_residues=0
[OK] 5EO1 (step7): binders=0  ligands=1  flagged_residues=0
[OK] 5EOT (step7): binders=0  ligands=1  flagged_residues=0
[OK] 5EU3 (step7): binders=0  ligands=1  flagged_residues=0
[OK] 5EU4 (step7): binders=0  ligands=1  flagged_residues=0
[OK] 5EU5 (step7): binders=0  ligands=1  flagged_residues=0
[OK] 5EU6 (step7): binders=2  ligands=1  flagged_residues=0
[OK] 5EUO (step7): binders=2  ligands=1  flagged_residues=0
[OK] 5F7D (step7): binders=0  ligands=1  flagged_residues=0
[OK] 5F9J (step7): binders=0  ligands=1  flagged_residues=0
[OK] 5FA3 (step7): binders=0  ligands=1  flagged_residues=0
[OK] 5FA4 (step7): binders=0  ligands=1  flagged_residues=0
[OK] 5FDW (step7): binders=0  ligands=1  flagged_residues=0
[OK] 5GRD (step7): binders=0  ligands=1  flagged_residues=0
[OK] 5GRG (step7): binders=0  ligands=2  flagged_residues=0
[OK] 5GSD (step7): binders=0  ligands=1  flagged_residues=0
[OK] 5HGA (step7): binders=0  ligands=1  flagged_residues=0
[OK] 5HGB (step7): binders=0  ligands=1  flagged_residues=0
[OK] 5HGD (step7): binders=0  ligands=1  flagged_residues=0
[OK] 5HGH (step7): binders=0  ligands=1  flagged_residues=0
[OK] 5HHM (step7): binders=2  ligands=1  flagged_residues=0
[OK] 5HHN (step7): binders=0  ligands=1  flagged_residues=0
[OK] 5HHO (step7): binders=2  ligands=1  flagged_residues=0
[OK] 5HHP (step7): binders=0  ligands=1  flagged_residues=0
[OK] 5HHQ (step7): binders=0  ligands=1  flagged_residues=0
[OK] 5HYJ (step7): binders=2  ligands=1  flagged_residues=0
[OK] 5IB1 (step7): binders=0  ligands=1  flagged_residues=0
[OK] 5IB2 (step7): binders=0  ligands=1  flagged_residues=0
[OK] 5IB3 (step7): binders=0  ligands=1  flagged_residues=0
[OK] 5IB4 (step7): binders=0  ligands=1  flagged_residues=0
[OK] 5IB5 (step7): binders=0  ligands=1  flagged_residues=0
[OK] 5IEH (step7): binders=0  ligands=1  flagged_residues=1
[OK] 5IEK (step7): binders=0  ligands=1  flagged_residues=0
[OK] 5IM7 (step7): binders=0  ligands=1  flagged_residues=0
[OK] 5INC (step7): binders=0  ligands=1  flagged_residues=0
[OK] 5IND (step7): binders=0  ligands=1  flagged_residues=0
[OK] 5IRO (step7): binders=1  ligands=1  flagged_residues=0
[OK] 5ISZ (step7): binders=2  ligands=1  flagged_residues=0
[OK] 5IUE (step7): binders=0  ligands=1  flagged_residues=0
[SOURCE] 5J1A: using remodeled structure → 5j1a_modeled_loop.pdb
[OK] 5J1A (remodeled): binders=0  ligands=1  flagged_residues=1
[OK] 5JHD (step7): binders=2  ligands=1  flagged_residues=0
[OK] 5JZI (step7): binders=2  ligands=1  flagged_residues=0
[OK] 5KNM (step7): binders=0  ligands=1  flagged_residues=0
[OK] 5L2J (step7): binders=0  ligands=2  flagged_residues=2
[OK] 5L2K (step7): binders=2  ligands=2  flagged_residues=2
[OK] 5MEN (step7): binders=2  ligands=1  flagged_residues=0
[OK] 5MEO (step7): binders=0  ligands=1  flagged_residues=0
[OK] 5MEP (step7): binders=0  ligands=1  flagged_residues=0
[OK] 5MEQ (step7): binders=0  ligands=1  flagged_residues=0
[OK] 5MER (step7): binders=0  ligands=1  flagged_residues=0
[OK] 5N1Y (step7): binders=0  ligands=1  flagged_residues=0
[OK] 5N6B (step7): binders=0  ligands=1  flagged_residues=0
[OK] 5NHT (step7): binders=2  ligands=1  flagged_residues=0
[OK] 5NME (step7): binders=2  ligands=1  flagged_residues=0
[OK] 5NMF (step7): binders=2  ligands=1  flagged_residues=0
[OK] 5NMG (step7): binders=2  ligands=1  flagged_residues=0
[OK] 5NMH (step7): binders=0  ligands=1  flagged_residues=0
[OK] 5NMK (step7): binders=0  ligands=1  flagged_residues=0
[OK] 5NQK (step7): binders=2  ligands=1  flagged_residues=0
[OK] 5SWQ (step7): binders=0  ligands=1  flagged_residues=0
[OK] 5T6W (step7): binders=0  ligands=1  flagged_residues=0
[OK] 5T6X (step7): binders=0  ligands=1  flagged_residues=0
[OK] 5T6Y (step7): binders=0  ligands=1  flagged_residues=0
[OK] 5T6Z (step7): binders=1  ligands=1  flagged_residues=0
[OK] 5T70 (step7): binders=1  ligands=1  flagged_residues=0
[OK] 5TEZ (step7): binders=2  ligands=1  flagged_residues=0
[OK] 5TXS (step7): binders=0  ligands=1  flagged_residues=0
[OK] 5U16 (step7): binders=2  ligands=1  flagged_residues=1
[OK] 5U17 (step7): binders=2  ligands=1  flagged_residues=1
[OK] 5U1R (step7): binders=2  ligands=1  flagged_residues=1
[OK] 5U2V (step7): binders=2  ligands=1  flagged_residues=1
[OK] 5U6Q (step7): binders=2  ligands=1  flagged_residues=1
[SOURCE] 5U72: using remodeled structure → 5u72_modeled_loop.pdb
[OK] 5U72 (remodeled): binders=2  ligands=0  flagged_residues=0
[OK] 5U98 (step7): binders=0  ligands=2  flagged_residues=1
[OK] 5V5L (step7): binders=0  ligands=1  flagged_residues=0
[OK] 5V5M (step7): binders=0  ligands=1  flagged_residues=0
[OK] 5VGD (step7): binders=0  ligands=1  flagged_residues=0
[OK] 5VGE (step7): binders=0  ligands=1  flagged_residues=0
[OK] 5VUD (step7): binders=0  ligands=1  flagged_residues=0
[OK] 5VUE (step7): binders=0  ligands=1  flagged_residues=0
[OK] 5VUF (step7): binders=0  ligands=1  flagged_residues=0
[OK] 5VVP (step7): binders=0  ligands=1  flagged_residues=0
[OK] 5VWD (step7): binders=0  ligands=1  flagged_residues=0
[OK] 5VWF (step7): binders=0  ligands=1  flagged_residues=0
[OK] 5VWH (step7): binders=0  ligands=1  flagged_residues=0
[OK] 5VWJ (step7): binders=0  ligands=1  flagged_residues=0
[OK] 5VZ5 (step7): binders=0  ligands=1  flagged_residues=0
[OK] 5W1V (step7): binders=2  ligands=1  flagged_residues=0
[OK] 5W1W (step7): binders=2  ligands=1  flagged_residues=0
[OK] 5W67 (step7): binders=0  ligands=1  flagged_residues=1
[OK] 5W69 (step7): binders=0  ligands=1  flagged_residues=0
[OK] 5W6A (step7): binders=0  ligands=1  flagged_residues=0
[SOURCE] 5WHK: using remodeled structure → 5whk_modeled_loop.pdb
[OK] 5WHK (remodeled): binders=2  ligands=0  flagged_residues=0
[OK] 5WJL (step7): binders=0  ligands=1  flagged_residues=0
[OK] 5WJN (step7): binders=0  ligands=1  flagged_residues=0
[OK] 5WKE (step7): binders=0  ligands=2  flagged_residues=2
[OK] 5WKF (step7): binders=2  ligands=1  flagged_residues=0
[OK] 5WKG (step7): binders=0  ligands=2  flagged_residues=2
[OK] 5WKH (step7): binders=2  ligands=1  flagged_residues=0
[SOURCE] 5WKI: using remodeled structure → 5wki_modeled_loop.pdb
[OK] 5WKI (remodeled): binders=2  ligands=2  flagged_residues=2
[OK] 5WL1 (step7): binders=0  ligands=2  flagged_residues=2
[OK] 5WMN (step7): binders=0  ligands=1  flagged_residues=0
[OK] 5WMO (step7): binders=0  ligands=1  flagged_residues=0
[OK] 5WMP (step7): binders=0  ligands=1  flagged_residues=0
[OK] 5WMQ (step7): binders=0  ligands=1  flagged_residues=0
[SOURCE] 5WMR: using remodeled structure → 5wmr_modeled_loop.pdb
[OK] 5WMR (remodeled): binders=0  ligands=1  flagged_residues=0
[OK] 5WSH (step7): binders=0  ligands=1  flagged_residues=0
[OK] 5WWI (step7): binders=0  ligands=1  flagged_residues=0
[OK] 5WWJ (step7): binders=0  ligands=1  flagged_residues=0
[OK] 5WWU (step7): binders=0  ligands=1  flagged_residues=0
[OK] 5WXC (step7): binders=0  ligands=1  flagged_residues=0
[OK] 5WXD (step7): binders=0  ligands=1  flagged_residues=0
[OK] 5XOS (step7): binders=0  ligands=1  flagged_residues=0
[OK] 5XOT (step7): binders=2  ligands=1  flagged_residues=0
[OK] 5XOV (step7): binders=2  ligands=1  flagged_residues=0
[SOURCE] 5XS3: using remodeled structure → 5xs3_modeled_loop.pdb
[OK] 5XS3 (remodeled): binders=0  ligands=1  flagged_residues=0
[OK] 5YXN (step7): binders=2  ligands=1  flagged_residues=0
[OK] 5YXU (step7): binders=2  ligands=1  flagged_residues=0
[OK] 6AEE (step7): binders=0  ligands=1  flagged_residues=0
[OK] 6AM5 (step7): binders=2  ligands=1  flagged_residues=0
[OK] 6AMT (step7): binders=0  ligands=1  flagged_residues=0
[OK] 6AMU (step7): binders=2  ligands=1  flagged_residues=0
[OK] 6APN (step7): binders=0  ligands=1  flagged_residues=0
[OK] 6AT5 (step7): binders=0  ligands=1  flagged_residues=0
[OK] 6AT9 (step7): binders=0  ligands=1  flagged_residues=0
[OK] 6AVF (step7): binders=2  ligands=1  flagged_residues=0
[OK] 6AVG (step7): binders=2  ligands=1  flagged_residues=0
[OK] 6BJ2 (step7): binders=2  ligands=1  flagged_residues=1
[OK] 6BJ3 (step7): binders=2  ligands=1  flagged_residues=0
[OK] 6BJ8 (step7): binders=2  ligands=1  flagged_residues=0
[OK] 6BXP (step7): binders=0  ligands=1  flagged_residues=1
[OK] 6BXQ (step7): binders=0  ligands=1  flagged_residues=0
[OK] 6C09 (step7): binders=2  ligands=1  flagged_residues=1
[SOURCE] 6C15: using remodeled structure → 6c15_modeled_loop.pdb
[OK] 6C15 (remodeled): binders=0  ligands=1  flagged_residues=1
[OK] 6C97 (step7): binders=0  ligands=0  flagged_residues=0
[SOURCE] 6C98: using remodeled structure → 6c98_modeled_loop.pdb
[OK] 6C98 (remodeled): binders=0  ligands=0  flagged_residues=0
[OK] 6C99 (step7): binders=0  ligands=0  flagged_residues=0
[OK] 6CUG (step7): binders=2  ligands=2  flagged_residues=2
[OK] 6D29 (step7): binders=0  ligands=1  flagged_residues=0
[OK] 6D2B (step7): binders=0  ligands=1  flagged_residues=0
[OK] 6D2R (step7): binders=0  ligands=1  flagged_residues=0
[OK] 6D2T (step7): binders=0  ligands=1  flagged_residues=0
[OK] 6D64 (step7): binders=0  ligands=2  flagged_residues=2
[OK] 6D78 (step7): binders=2  ligands=1  flagged_residues=0
[OK] 6D7G (step7): binders=2  ligands=1  flagged_residues=0
[OK] 6DKP (step7): binders=2  ligands=1  flagged_residues=0
[OK] 6EI2 (step7): binders=0  ligands=1  flagged_residues=0
[OK] 6EQA (step7): binders=2  ligands=1  flagged_residues=0
[OK] 6EQB (step7): binders=2  ligands=1  flagged_residues=0
[OK] 6EWA (step7): binders=0  ligands=1  flagged_residues=0
[OK] 6EWC (step7): binders=0  ligands=1  flagged_residues=0
[OK] 6EWO (step7): binders=0  ligands=1  flagged_residues=0
[OK] 6FGB (step7): binders=1  ligands=0  flagged_residues=0
[OK] 6G3J (step7): binders=0  ligands=1  flagged_residues=0
[OK] 6G3K (step7): binders=0  ligands=1  flagged_residues=0
[OK] 6GGM (step7): binders=0  ligands=1  flagged_residues=0
[OK] 6GH1 (step7): binders=0  ligands=1  flagged_residues=0
[OK] 6GH4 (step7): binders=0  ligands=1  flagged_residues=0
[OK] 6GHN (step7): binders=0  ligands=1  flagged_residues=0
[OK] 6GL1 (step7): binders=0  ligands=1  flagged_residues=0
[OK] 6ID4 (step7): binders=0  ligands=1  flagged_residues=0
[OK] 6IEX (step7): binders=0  ligands=1  flagged_residues=0
[OK] 6ILM (step7): binders=4  ligands=0  flagged_residues=2
[OK] 6J1V (step7): binders=0  ligands=1  flagged_residues=0
[OK] 6J1W (step7): binders=0  ligands=1  flagged_residues=0
[OK] 6J29 (step7): binders=0  ligands=1  flagged_residues=0
[OK] 6J2A (step7): binders=0  ligands=1  flagged_residues=0
[OK] 6JOZ (step7): binders=0  ligands=1  flagged_residues=0
[OK] 6JP3 (step7): binders=0  ligands=2  flagged_residues=0
[OK] 6JTN (step7): binders=0  ligands=1  flagged_residues=0
[OK] 6JTO (step7): binders=0  ligands=1  flagged_residues=0
[OK] 6JTP (step7): binders=0  ligands=1  flagged_residues=0
[SOURCE] 6K60: using remodeled structure → 6k60_modeled_loop.pdb
[OK] 6K60 (remodeled): binders=0  ligands=1  flagged_residues=0
[OK] 6LA6 (step7): binders=2  ligands=0  flagged_residues=0
[OK] 6LA7 (step7): binders=2  ligands=0  flagged_residues=0
[OK] 6MPP (step7): binders=0  ligands=1  flagged_residues=0
[OK] 6MT3 (step7): binders=0  ligands=1  flagged_residues=0
[OK] 6MT4 (step7): binders=0  ligands=1  flagged_residues=0
[OK] 6MT5 (step7): binders=0  ligands=1  flagged_residues=0
[OK] 6MT6 (step7): binders=0  ligands=1  flagged_residues=0
[OK] 6MTL (step7): binders=0  ligands=1  flagged_residues=0
[OK] 6MTM (step7): binders=2  ligands=1  flagged_residues=0
[OK] 6MWR (step7): binders=0  ligands=1  flagged_residues=1
[OK] 6NCA (step7): binders=0  ligands=1  flagged_residues=0
[SOURCE] 6NHA: using remodeled structure → 6nha_modeled_loop.pdb
[OK] 6NHA (remodeled): binders=0  ligands=0  flagged_residues=0
[SOURCE] 6NUX: using remodeled structure → 6nux_modeled_loop.pdb
[OK] 6NUX (remodeled): binders=0  ligands=1  flagged_residues=1
[OK] 6O4Y (step7): binders=0  ligands=1  flagged_residues=0
[OK] 6O4Z (step7): binders=0  ligands=1  flagged_residues=0
[OK] 6O51 (step7): binders=0  ligands=1  flagged_residues=0
[OK] 6O53 (step7): binders=0  ligands=1  flagged_residues=0
[OK] 6O9B (step7): binders=0  ligands=1  flagged_residues=0
[OK] 6O9C (step7): binders=0  ligands=1  flagged_residues=0
[OK] 6OPD (step7): binders=0  ligands=1  flagged_residues=0
[OK] 6P23 (step7): binders=0  ligands=1  flagged_residues=0
[OK] 6P27 (step7): binders=0  ligands=1  flagged_residues=0
[OK] 6P2C (step7): binders=0  ligands=1  flagged_residues=0
[OK] 6P2F (step7): binders=0  ligands=1  flagged_residues=0
[OK] 6P2S (step7): binders=0  ligands=1  flagged_residues=0
[OK] 6P64 (step7): binders=2  ligands=1  flagged_residues=0
[OK] 6PA1 (step7): binders=1  ligands=1  flagged_residues=0
[OK] 6PAG (step7): binders=1  ligands=1  flagged_residues=0
[OK] 6PBH (step7): binders=0  ligands=1  flagged_residues=0
[OK] 6PTB (step7): binders=0  ligands=1  flagged_residues=0
[OK] 6PTE (step7): binders=0  ligands=1  flagged_residues=0
[OK] 6PUC (step7): binders=2  ligands=1  flagged_residues=1
[OK] 6PUD (step7): binders=2  ligands=1  flagged_residues=1
[OK] 6PUE (step7): binders=2  ligands=1  flagged_residues=1
[OK] 6PUF (step7): binders=2  ligands=1  flagged_residues=1
[OK] 6PUG (step7): binders=2  ligands=1  flagged_residues=1
[OK] 6PUH (step7): binders=2  ligands=1  flagged_residues=1
[OK] 6PUI (step7): binders=2  ligands=1  flagged_residues=1
[OK] 6PUJ (step7): binders=2  ligands=1  flagged_residues=1
[OK] 6PUK (step7): binders=2  ligands=1  flagged_residues=1
[OK] 6PUL (step7): binders=2  ligands=1  flagged_residues=1
[OK] 6PUM (step7): binders=2  ligands=1  flagged_residues=1
[OK] 6PVC (step7): binders=2  ligands=1  flagged_residues=1
[OK] 6PVD (step7): binders=2  ligands=1  flagged_residues=1
[OK] 6PYJ (step7): binders=0  ligands=1  flagged_residues=0
[OK] 6PYL (step7): binders=0  ligands=1  flagged_residues=0
[OK] 6PYV (step7): binders=0  ligands=1  flagged_residues=0
[OK] 6PYW (step7): binders=0  ligands=1  flagged_residues=0
[OK] 6PZ5 (step7): binders=0  ligands=1  flagged_residues=0
[OK] 6Q3K (step7): binders=0  ligands=1  flagged_residues=0
[OK] 6Q3S (step7): binders=0  ligands=1  flagged_residues=0
[OK] 6QIO (step7): binders=1  ligands=0  flagged_residues=1
[OK] 6QIP (step7): binders=1  ligands=0  flagged_residues=1
[OK] 6R2L (step7): binders=2  ligands=1  flagged_residues=0
[OK] 6R2U (step7): binders=0  ligands=0  flagged_residues=0
[OK] 6RP9 (step7): binders=2  ligands=1  flagged_residues=0
[OK] 6RPA (step7): binders=2  ligands=1  flagged_residues=0
[OK] 6RPB (step7): binders=2  ligands=1  flagged_residues=0
[OK] 6RSY (step7): binders=2  ligands=1  flagged_residues=0
[OK] 6SNY (step7): binders=1  ligands=1  flagged_residues=1
[OK] 6SS7 (step7): binders=0  ligands=1  flagged_residues=0
[OK] 6SS8 (step7): binders=0  ligands=1  flagged_residues=0
[OK] 6SS9 (step7): binders=0  ligands=1  flagged_residues=0
[OK] 6SSA (step7): binders=0  ligands=1  flagged_residues=0
[OK] 6TDO (step7): binders=0  ligands=1  flagged_residues=0
[OK] 6TDP (step7): binders=0  ligands=1  flagged_residues=0
[OK] 6TDQ (step7): binders=0  ligands=2  flagged_residues=0
[OK] 6TDR (step7): binders=0  ligands=0  flagged_residues=0
[OK] 6TDS (step7): binders=0  ligands=0  flagged_residues=0
[OK] 6TMO (step7): binders=2  ligands=1  flagged_residues=0
[OK] 6TRN (step7): binders=0  ligands=1  flagged_residues=0
[OK] 6TRO (step7): binders=2  ligands=1  flagged_residues=0
[OK] 6UJ7 (step7): binders=0  ligands=1  flagged_residues=0
[OK] 6UJ8 (step7): binders=0  ligands=1  flagged_residues=0
[OK] 6UJ9 (step7): binders=2  ligands=1  flagged_residues=0
[OK] 6UJO (step7): binders=0  ligands=1  flagged_residues=0
[OK] 6UJQ (step7): binders=0  ligands=1  flagged_residues=0
[OK] 6UK2 (step7): binders=0  ligands=1  flagged_residues=0
[OK] 6UK4 (step7): binders=0  ligands=1  flagged_residues=0
[OK] 6ULI (step7): binders=0  ligands=1  flagged_residues=0
[OK] 6ULK (step7): binders=0  ligands=1  flagged_residues=0
[OK] 6ULN (step7): binders=2  ligands=1  flagged_residues=0
[OK] 6ULR (step7): binders=2  ligands=1  flagged_residues=0
[OK] 6UON (step7): binders=2  ligands=1  flagged_residues=0
[OK] 6UZ1 (step7): binders=0  ligands=1  flagged_residues=0
[OK] 6UZM (step7): binders=0  ligands=1  flagged_residues=0
[OK] 6UZN (step7): binders=0  ligands=1  flagged_residues=0
[OK] 6UZO (step7): binders=0  ligands=1  flagged_residues=0
[OK] 6UZP (step7): binders=0  ligands=1  flagged_residues=0
[OK] 6UZQ (step7): binders=0  ligands=1  flagged_residues=0
[OK] 6UZS (step7): binders=0  ligands=1  flagged_residues=0
[OK] 6V2O (step7): binders=0  ligands=1  flagged_residues=0
[OK] 6V2P (step7): binders=0  ligands=1  flagged_residues=0
[OK] 6V2Q (step7): binders=0  ligands=1  flagged_residues=0
[OK] 6V3J (step7): binders=1  ligands=1  flagged_residues=0
[OK] 6V7Y (step7): binders=1  ligands=1  flagged_residues=1
[SOURCE] 6V7Z: using modified structure → 6v7z_mhc_complex.pdb
[WARNING] 6V7Z: binder chain C not found
[OK] 6V7Z (modified): binders=0  ligands=1  flagged_residues=1
[SOURCE] 6V80: using modified structure → 6v80_mhc_complex.pdb
[WARNING] 6V80: binder chain E not found
[OK] 6V80 (modified): binders=2  ligands=1  flagged_residues=1
[OK] 6VB0 (step7): binders=0  ligands=1  flagged_residues=0
[OK] 6VB1 (step7): binders=0  ligands=1  flagged_residues=0
[OK] 6VB2 (step7): binders=0  ligands=1  flagged_residues=0
[OK] 6VB3 (step7): binders=0  ligands=1  flagged_residues=0
[OK] 6VB4 (step7): binders=0  ligands=1  flagged_residues=0
[OK] 6VB5 (step7): binders=0  ligands=1  flagged_residues=0
[OK] 6VB6 (step7): binders=0  ligands=1  flagged_residues=0
[OK] 6VB7 (step7): binders=0  ligands=1  flagged_residues=0
[OK] 6VIU (step7): binders=0  ligands=1  flagged_residues=0
[OK] 6VM7 (step7): binders=2  ligands=1  flagged_residues=0
[OK] 6VM8 (step7): binders=2  ligands=1  flagged_residues=0
[OK] 6VM9 (step7): binders=2  ligands=1  flagged_residues=0
[OK] 6VMA (step7): binders=2  ligands=1  flagged_residues=0
[OK] 6VMC (step7): binders=2  ligands=1  flagged_residues=0
[OK] 6VMX (step7): binders=2  ligands=1  flagged_residues=0
[OK] 6VPZ (step7): binders=0  ligands=1  flagged_residues=0
[OK] 6VQ2 (step7): binders=0  ligands=1  flagged_residues=0
[OK] 6VQD (step7): binders=0  ligands=1  flagged_residues=0
[OK] 6VQE (step7): binders=0  ligands=1  flagged_residues=0
[OK] 6VQO (step7): binders=2  ligands=1  flagged_residues=0
[OK] 6VQY (step7): binders=0  ligands=2  flagged_residues=0
[OK] 6VQZ (step7): binders=0  ligands=2  flagged_residues=0
[OK] 6VR1 (step7): binders=0  ligands=1  flagged_residues=0
[OK] 6VR5 (step7): binders=0  ligands=1  flagged_residues=0
[OK] 6VRM (step7): binders=2  ligands=1  flagged_residues=0
[OK] 6VRN (step7): binders=2  ligands=1  flagged_residues=0
[OK] 6W51 (step7): binders=0  ligands=1  flagged_residues=0
[OK] 6W9U (step7): binders=2  ligands=1  flagged_residues=1
[OK] 6W9V (step7): binders=2  ligands=0  flagged_residues=0
[OK] 6WNA (step7): binders=1  ligands=0  flagged_residues=0
[OK] 6WOL (step7): binders=1  ligands=0  flagged_residues=0
[OK] 6XQA (step7): binders=0  ligands=1  flagged_residues=0
[OK] 6XQP (step7): binders=2  ligands=1  flagged_residues=1
[OK] 6Y26 (step7): binders=0  ligands=1  flagged_residues=0
[OK] 6Y27 (step7): binders=0  ligands=1  flagged_residues=0
[OK] 6Y28 (step7): binders=0  ligands=1  flagged_residues=0
[OK] 6Y29 (step7): binders=0  ligands=1  flagged_residues=0
[OK] 6Y2A (step7): binders=0  ligands=1  flagged_residues=0
[OK] 6Y2B (step7): binders=0  ligands=1  flagged_residues=0
[OK] 6Z9V (step7): binders=0  ligands=1  flagged_residues=0
[OK] 6Z9W (step7): binders=0  ligands=1  flagged_residues=0
[OK] 6Z9X (step7): binders=0  ligands=1  flagged_residues=1
[OK] 6ZKW (step7): binders=2  ligands=1  flagged_residues=0
[SOURCE] 6ZKX: using remodeled structure → 6zkx_modeled_loop.pdb
[OK] 6ZKX (remodeled): binders=2  ligands=1  flagged_residues=0
[OK] 6ZKY (step7): binders=2  ligands=1  flagged_residues=1
[OK] 6ZKZ (step7): binders=2  ligands=1  flagged_residues=1
[OK] 7ALO (step7): binders=0  ligands=1  flagged_residues=1
[OK] 7BBG (step7): binders=2  ligands=1  flagged_residues=0
[OK] 7BH8 (step7): binders=2  ligands=1  flagged_residues=0
[OK] 7C9V (step7): binders=3  ligands=0  flagged_residues=0
[OK] 7CIQ (step7): binders=0  ligands=1  flagged_residues=0
[OK] 7CIR (step7): binders=0  ligands=1  flagged_residues=1
[OK] 7CIS (step7): binders=0  ligands=1  flagged_residues=2
[OK] 7DUU (step7): binders=1  ligands=1  flagged_residues=0
[OK] 7DYN (step7): binders=0  ligands=1  flagged_residues=2
[SOURCE] 7DZM: using modified structure → 7dzm_mhc_complex.pdb
[WARNING] 7DZM: binder chain B not found
[OK] 7DZM (modified): binders=2  ligands=1  flagged_residues=0
[OK] 7DZN (step7): binders=2  ligands=1  flagged_residues=0
[OK] 7EJL (step7): binders=0  ligands=1  flagged_residues=0
[OK] 7EJM (step7): binders=0  ligands=1  flagged_residues=0
[OK] 7EJN (step7): binders=0  ligands=1  flagged_residues=0
[OK] 7EU2 (step7): binders=0  ligands=1  flagged_residues=0
[OK] 7F4W (step7): binders=0  ligands=1  flagged_residues=0
[SOURCE] 7FI5: using remodeled structure → 7fi5_modeled_loop.pdb
[OK] 7FI5 (remodeled): binders=2  ligands=0  flagged_residues=0
[SOURCE] 7FI6: using remodeled structure → 7fi6_modeled_loop.pdb
[OK] 7FI6 (remodeled): binders=2  ligands=0  flagged_residues=0
[SOURCE] 7FI7: using remodeled structure → 7fi7_modeled_loop.pdb
[OK] 7FI7 (remodeled): binders=2  ligands=0  flagged_residues=0
[SOURCE] 7FI8: using remodeled structure → 7fi8_modeled_loop.pdb
[OK] 7FI8 (remodeled): binders=2  ligands=0  flagged_residues=0
[SOURCE] 7FI9: using remodeled structure → 7fi9_modeled_loop.pdb
[OK] 7FI9 (remodeled): binders=2  ligands=0  flagged_residues=0
[OK] 7JYU (step7): binders=0  ligands=1  flagged_residues=0
[OK] 7JYV (step7): binders=0  ligands=1  flagged_residues=0
[OK] 7JYW (step7): binders=0  ligands=1  flagged_residues=0
[OK] 7JYX (step7): binders=0  ligands=1  flagged_residues=0
[OK] 7K80 (step7): binders=1  ligands=1  flagged_residues=0
[OK] 7K81 (step7): binders=1  ligands=1  flagged_residues=0
[OK] 7KGO (step7): binders=0  ligands=1  flagged_residues=0
[OK] 7KGP (step7): binders=0  ligands=1  flagged_residues=0
[OK] 7KGQ (step7): binders=0  ligands=1  flagged_residues=0
[OK] 7KGR (step7): binders=0  ligands=1  flagged_residues=0
[OK] 7KGS (step7): binders=0  ligands=1  flagged_residues=0
[OK] 7KGT (step7): binders=0  ligands=1  flagged_residues=0
[SOURCE] 7KOZ: using remodeled structure → 7koz_modeled_loop.pdb
[OK] 7KOZ (remodeled): binders=0  ligands=1  flagged_residues=1
[SOURCE] 7KP0: using remodeled structure → 7kp0_modeled_loop.pdb
[OK] 7KP0 (remodeled): binders=0  ligands=1  flagged_residues=1
[SOURCE] 7KP1: using remodeled structure → 7kp1_modeled_loop.pdb
[OK] 7KP1 (remodeled): binders=0  ligands=1  flagged_residues=1
[OK] 7L1B (step7): binders=0  ligands=1  flagged_residues=0
[OK] 7L1C (step7): binders=0  ligands=1  flagged_residues=0
[OK] 7L1D (step7): binders=2  ligands=1  flagged_residues=0
[OK] 7LFZ (step7): binders=0  ligands=1  flagged_residues=0
[OK] 7LG0 (step7): binders=0  ligands=1  flagged_residues=0
[OK] 7LG2 (step7): binders=0  ligands=1  flagged_residues=0
[OK] 7LG3 (step7): binders=0  ligands=1  flagged_residues=0
[OK] 7LGD (step7): binders=0  ligands=1  flagged_residues=0
[OK] 7LGT (step7): binders=0  ligands=1  flagged_residues=0
[OK] 7LLI (step7): binders=2  ligands=1  flagged_residues=1
[OK] 7LLJ (step7): binders=2  ligands=1  flagged_residues=1
[OK] 7M8S (step7): binders=0  ligands=1  flagged_residues=0
[OK] 7M8T (step7): binders=0  ligands=1  flagged_residues=0
[OK] 7M8U (step7): binders=0  ligands=1  flagged_residues=0
[OK] 7MJ6 (step7): binders=0  ligands=1  flagged_residues=0
[OK] 7MJ7 (step7): binders=0  ligands=1  flagged_residues=0
[OK] 7MJ8 (step7): binders=0  ligands=1  flagged_residues=0
[OK] 7MJ9 (step7): binders=0  ligands=1  flagged_residues=0
[OK] 7MJA (step7): binders=0  ligands=1  flagged_residues=0
[OK] 7MKB (step7): binders=0  ligands=1  flagged_residues=0
[OK] 7MLE (step7): binders=0  ligands=1  flagged_residues=0
[OK] 7MX4 (step7): binders=0  ligands=2  flagged_residues=2
[OK] 7MXF (step7): binders=0  ligands=2  flagged_residues=2
[OK] 7MXH (step7): binders=0  ligands=2  flagged_residues=2
[OK] 7N1A (step7): binders=0  ligands=1  flagged_residues=0
[OK] 7N1B (step7): binders=0  ligands=1  flagged_residues=0
[OK] 7N1E (step7): binders=2  ligands=1  flagged_residues=0
[OK] 7N1F (step7): binders=2  ligands=1  flagged_residues=0
[OK] 7N2N (step7): binders=2  ligands=1  flagged_residues=0
[OK] 7N2O (step7): binders=2  ligands=1  flagged_residues=0
[OK] 7N2P (step7): binders=2  ligands=1  flagged_residues=0
[OK] 7N2Q (step7): binders=2  ligands=1  flagged_residues=0
[OK] 7N2R (step7): binders=2  ligands=1  flagged_residues=0
[OK] 7N2S (step7): binders=2  ligands=1  flagged_residues=0
[OK] 7N6D (step7): binders=0  ligands=1  flagged_residues=0
[OK] 7N6E (step7): binders=2  ligands=1  flagged_residues=0
[OK] 7NDQ (step7): binders=2  ligands=1  flagged_residues=0
[SOURCE] 7NDT: using modified structure → 7ndt_mhc_complex.pdb
[WARNING] 7NDT: binder chain F not found
[OK] 7NDT (modified): binders=2  ligands=1  flagged_residues=1
[OK] 7NDU (step7): binders=2  ligands=1  flagged_residues=1
[OK] 7NMD (step7): binders=0  ligands=1  flagged_residues=0
[OK] 7NME (step7): binders=2  ligands=1  flagged_residues=0
[OK] 7NMF (step7): binders=2  ligands=1  flagged_residues=0
[OK] 7NMG (step7): binders=2  ligands=1  flagged_residues=0
[SOURCE] 7NUI: using modified structure → 7nui_mhc_complex.pdb
[WARNING] 7NUI: binder chain B not found
[OK] 7NUI (modified): binders=0  ligands=1  flagged_residues=0
[SOURCE] 7OKS: using remodeled structure → 7oks_modeled_loop.pdb
[OK] 7OKS (remodeled): binders=0  ligands=1  flagged_residues=1
[SOURCE] 7OKT: using remodeled structure → 7okt_modeled_loop.pdb
[OK] 7OKT (remodeled): binders=0  ligands=1  flagged_residues=1
[OK] 7OKU (step7): binders=0  ligands=1  flagged_residues=1
[SOURCE] 7OKV: using remodeled structure → 7okv_modeled_loop.pdb
[OK] 7OKV (remodeled): binders=0  ligands=1  flagged_residues=1
[OK] 7OW3 (step7): binders=0  ligands=1  flagged_residues=0
[OK] 7OW4 (step7): binders=0  ligands=1  flagged_residues=0
[OK] 7OW5 (step7): binders=2  ligands=1  flagged_residues=0
[OK] 7OW6 (step7): binders=2  ligands=1  flagged_residues=0
[OK] 7P3D (step7): binders=0  ligands=1  flagged_residues=0
[OK] 7P3E (step7): binders=0  ligands=1  flagged_residues=0
[OK] 7P49 (step7): binders=0  ligands=1  flagged_residues=0
[OK] 7P4B (step7): binders=0  ligands=1  flagged_residues=0
[OK] 7PB2 (step7): binders=2  ligands=1  flagged_residues=0
[OK] 7PBC (step7): binders=2  ligands=1  flagged_residues=0
[OK] 7PBE (step7): binders=2  ligands=1  flagged_residues=0
[OK] 7PDW (step7): binders=2  ligands=1  flagged_residues=0
[OK] 7PHR (step7): binders=2  ligands=1  flagged_residues=0
[SOURCE] 7Q15: using remodeled structure → 7q15_modeled_loop.pdb
[OK] 7Q15 (remodeled): binders=1  ligands=0  flagged_residues=0
[OK] 7Q5D (step7): binders=0  ligands=1  flagged_residues=1
[OK] 7Q98 (step7): binders=0  ligands=1  flagged_residues=0
[OK] 7Q99 (step7): binders=2  ligands=1  flagged_residues=0
[OK] 7Q9A (step7): binders=2  ligands=1  flagged_residues=0
[OK] 7Q9B (step7): binders=2  ligands=1  flagged_residues=0
[OK] 7QPD (step7): binders=1  ligands=0  flagged_residues=0
[OK] 7QPJ (step7): binders=2  ligands=1  flagged_residues=0
[OK] 7R7V (step7): binders=0  ligands=1  flagged_residues=0
[OK] 7R7W (step7): binders=0  ligands=1  flagged_residues=0
[OK] 7R7X (step7): binders=0  ligands=1  flagged_residues=0
[OK] 7R7Y (step7): binders=0  ligands=1  flagged_residues=0
[OK] 7R80 (step7): binders=2  ligands=1  flagged_residues=0
[OK] 7RE7 (step7): binders=2  ligands=1  flagged_residues=0
[OK] 7RE8 (step7): binders=0  ligands=1  flagged_residues=0
[OK] 7RK7 (step7): binders=2  ligands=1  flagged_residues=0
[OK] 7RM4 (step7): binders=2  ligands=1  flagged_residues=0
[OK] 7RRG (step7): binders=2  ligands=1  flagged_residues=0
[OK] 7RTD (step7): binders=0  ligands=1  flagged_residues=0
[OK] 7RTR (step7): binders=2  ligands=1  flagged_residues=0
[SOURCE] 7RYM: using remodeled structure → 7rym_modeled_loop.pdb
[OK] 7RYM (remodeled): binders=1  ligands=0  flagged_residues=0
[SOURCE] 7RYN: using remodeled structure → 7ryn_modeled_loop.pdb
[OK] 7RYN (remodeled): binders=0  ligands=1  flagged_residues=1
[OK] 7RYO (step7): binders=1  ligands=1  flagged_residues=1
[OK] 7RZD (step7): binders=0  ligands=1  flagged_residues=0
[OK] 7RZJ (step7): binders=0  ligands=1  flagged_residues=1
[OK] 7S79 (step7): binders=0  ligands=1  flagged_residues=1
[OK] 7S7D (step7): binders=0  ligands=1  flagged_residues=1
[OK] 7S7E (step7): binders=0  ligands=1  flagged_residues=0
[OK] 7S7F (step7): binders=0  ligands=1  flagged_residues=1
[OK] 7S8A (step7): binders=0  ligands=1  flagged_residues=1
[OK] 7S8E (step7): binders=0  ligands=1  flagged_residues=1
[OK] 7S8F (step7): binders=0  ligands=1  flagged_residues=0
[OK] 7S8Q (step7): binders=0  ligands=1  flagged_residues=0
[OK] 7S8R (step7): binders=0  ligands=1  flagged_residues=0
[OK] 7S8S (step7): binders=0  ligands=1  flagged_residues=0
[OK] 7SA2 (step7): binders=0  ligands=1  flagged_residues=0
[SOURCE] 7SH4: using remodeled structure → 7sh4_modeled_loop.pdb
[OK] 7SH4 (remodeled): binders=0  ligands=1  flagged_residues=1
[OK] 7SIF (step7): binders=0  ligands=1  flagged_residues=0
[OK] 7SIG (step7): binders=0  ligands=1  flagged_residues=0
[OK] 7SIH (step7): binders=0  ligands=1  flagged_residues=0
[OK] 7SIS (step7): binders=0  ligands=1  flagged_residues=0
[OK] 7SQP (step7): binders=0  ligands=1  flagged_residues=0
[OK] 7SR0 (step7): binders=0  ligands=1  flagged_residues=0
[OK] 7SR3 (step7): binders=0  ligands=1  flagged_residues=0
[OK] 7SR4 (step7): binders=0  ligands=1  flagged_residues=0
[OK] 7SR5 (step7): binders=0  ligands=1  flagged_residues=0
[OK] 7SRK (step7): binders=0  ligands=1  flagged_residues=0
[OK] 7SSH (step7): binders=0  ligands=1  flagged_residues=0
[OK] 7ST3 (step7): binders=0  ligands=1  flagged_residues=0
[OK] 7STF (step7): binders=2  ligands=1  flagged_residues=0
[OK] 7STG (step7): binders=0  ligands=0  flagged_residues=0
[OK] 7SU9 (step7): binders=0  ligands=1  flagged_residues=0
[OK] 7T0L (step7): binders=0  ligands=1  flagged_residues=0
[OK] 7T5M (step7): binders=0  ligands=1  flagged_residues=0
[OK] 7TLT (step7): binders=0  ligands=1  flagged_residues=0
[OK] 7TR4 (step7): binders=2  ligands=1  flagged_residues=0
[OK] 7TUC (step7): binders=0  ligands=1  flagged_residues=0
[OK] 7TUD (step7): binders=0  ligands=2  flagged_residues=0
[OK] 7TUE (step7): binders=1  ligands=0  flagged_residues=0
[OK] 7U1R (step7): binders=0  ligands=1  flagged_residues=0
[OK] 7U21 (step7): binders=0  ligands=1  flagged_residues=0
[OK] 7UC5 (step7): binders=0  ligands=1  flagged_residues=0
[OK] 7UFJ (step7): binders=2  ligands=1  flagged_residues=1
[OK] 7UM2 (step7): binders=0  ligands=1  flagged_residues=0
[OK] 7UMG (step7): binders=0  ligands=1  flagged_residues=1
[OK] 7UR1 (step7): binders=0  ligands=1  flagged_residues=0
[OK] 7WJ2 (step7): binders=0  ligands=1  flagged_residues=0
[OK] 7WJ3 (step7): binders=0  ligands=1  flagged_residues=1
[OK] 7WKJ (step7): binders=0  ligands=1  flagged_residues=0
[OK] 7WT3 (step7): binders=0  ligands=1  flagged_residues=1
[OK] 7WT4 (step7): binders=0  ligands=1  flagged_residues=0
[OK] 7WT5 (step7): binders=0  ligands=1  flagged_residues=0
[OK] 7WZZ (step7): binders=0  ligands=1  flagged_residues=0
[OK] 7X00 (step7): binders=0  ligands=1  flagged_residues=0
[OK] 7X1B (step7): binders=0  ligands=1  flagged_residues=0
[OK] 7X1C (step7): binders=0  ligands=1  flagged_residues=0
[OK] 7XF3 (step7): binders=0  ligands=1  flagged_residues=0
[SOURCE] 7XXA: using remodeled structure → 7xxa_modeled_loop.pdb
[OK] 7XXA (remodeled): binders=4  ligands=0  flagged_residues=0
[OK] 7YG3 (step7): binders=0  ligands=1  flagged_residues=0
[OK] 7ZT2 (step7): binders=2  ligands=1  flagged_residues=1
[OK] 7ZT3 (step7): binders=2  ligands=0  flagged_residues=0
[OK] 7ZT4 (step7): binders=2  ligands=1  flagged_residues=1
[OK] 7ZT5 (step7): binders=2  ligands=1  flagged_residues=1
[OK] 7ZT7 (step7): binders=2  ligands=1  flagged_residues=1
[OK] 7ZT8 (step7): binders=2  ligands=1  flagged_residues=1
[SOURCE] 7ZT9: using remodeled structure → 7zt9_modeled_loop.pdb
[OK] 7ZT9 (remodeled): binders=2  ligands=1  flagged_residues=1
[OK] 7ZUC (step7): binders=0  ligands=1  flagged_residues=0
[OK] 8BP6 (step7): binders=0  ligands=1  flagged_residues=1
[SOURCE] 8C44: using remodeled structure → 8c44_modeled_loop.pdb
[OK] 8C44 (remodeled): binders=1  ligands=1  flagged_residues=1
[OK] 8CX4 (step7): binders=2  ligands=1  flagged_residues=0
[OK] 8DNT (step7): binders=2  ligands=1  flagged_residues=0
[SOURCE] 8DV3: using modified structure → 8dv3_mhc_complex.pdb
[WARNING] 8DV3: binder chain B not found
[OK] 8DV3 (modified): binders=0  ligands=2  flagged_residues=2
[OK] 8DV4 (step7): binders=0  ligands=1  flagged_residues=1
[OK] 8DVG (step7): binders=0  ligands=1  flagged_residues=0
[OK] 8E13 (step7): binders=0  ligands=1  flagged_residues=0
[SOURCE] 8E2Z: using remodeled structure → 8e2z_modeled_loop.pdb
[OK] 8E2Z (remodeled): binders=0  ligands=1  flagged_residues=0
[OK] 8E8I (step7): binders=0  ligands=1  flagged_residues=0
[OK] 8EB2 (step7): binders=2  ligands=1  flagged_residues=0
[SOURCE] 8EC5: using remodeled structure → 8ec5_modeled_loop.pdb
[OK] 8EC5 (remodeled): binders=0  ligands=1  flagged_residues=0
[OK] 8EK5 (step7): binders=1  ligands=1  flagged_residues=0
[OK] 8ELG (step7): binders=0  ligands=1  flagged_residues=0
[OK] 8ELH (step7): binders=0  ligands=1  flagged_residues=0
[OK] 8EMF (step7): binders=0  ligands=1  flagged_residues=0
[OK] 8EMG (step7): binders=0  ligands=1  flagged_residues=0
[OK] 8EMI (step7): binders=0  ligands=1  flagged_residues=0
[OK] 8EMJ (step7): binders=0  ligands=1  flagged_residues=0
[OK] 8EMK (step7): binders=0  ligands=1  flagged_residues=0
[OK] 8EN8 (step7): binders=2  ligands=1  flagged_residues=0
[OK] 8ENH (step7): binders=2  ligands=1  flagged_residues=0
[OK] 8EO8 (step7): binders=2  ligands=1  flagged_residues=0
[OK] 8ERX (step7): binders=0  ligands=1  flagged_residues=0
[OK] 8ES8 (step7): binders=2  ligands=1  flagged_residues=0
[OK] 8ES9 (step7): binders=2  ligands=1  flagged_residues=1
[OK] 8ESA (step7): binders=0  ligands=1  flagged_residues=0
[OK] 8ESB (step7): binders=0  ligands=1  flagged_residues=0
[SOURCE] 8ESH: using remodeled structure → 8esh_modeled_loop.pdb
[OK] 8ESH (remodeled): binders=0  ligands=1  flagged_residues=0
[OK] 8F5A (step7): binders=2  ligands=1  flagged_residues=0
[OK] 8F7M (step7): binders=0  ligands=1  flagged_residues=0
[OK] 8FJA (step7): binders=2  ligands=1  flagged_residues=0
[OK] 8FJB (step7): binders=2  ligands=1  flagged_residues=0
[OK] 8FRT (step7): binders=0  ligands=1  flagged_residues=0
[OK] 8FU4 (step7): binders=0  ligands=1  flagged_residues=0
[OK] 8GLE (step7): binders=0  ligands=2  flagged_residues=2
[OK] 8GLF (step7): binders=0  ligands=2  flagged_residues=2
[OK] 8GLG (step7): binders=0  ligands=2  flagged_residues=2
[OK] 8GLH (step7): binders=0  ligands=2  flagged_residues=2
[OK] 8GLI (step7): binders=0  ligands=1  flagged_residues=1
[OK] 8GOM (step7): binders=2  ligands=1  flagged_residues=0
[OK] 8GON (step7): binders=2  ligands=1  flagged_residues=0
[OK] 8GVB (step7): binders=2  ligands=1  flagged_residues=0
[OK] 8GVG (step7): binders=2  ligands=1  flagged_residues=0
[OK] 8GVI (step7): binders=2  ligands=1  flagged_residues=0
[OK] 8HN4 (step7): binders=0  ligands=1  flagged_residues=0
[SOURCE] 8I5C: using modified structure → 8i5c_mhc_complex.pdb
[WARNING] 8I5C: binder chain D not found
[WARNING] 8I5C: binder chain E not found
[OK] 8I5C (modified): binders=0  ligands=1  flagged_residues=0
[SOURCE] 8I5D: using modified structure → 8i5d_mhc_complex.pdb
[WARNING] 8I5D: binder chain B not found
[WARNING] 8I5D: binder chain C not found
[OK] 8I5D (modified): binders=0  ligands=1  flagged_residues=0
[OK] 8I5E (step7): binders=0  ligands=1  flagged_residues=0
[OK] 8ISN (step7): binders=0  ligands=1  flagged_residues=0
[OK] 8QFY (step7): binders=2  ligands=1  flagged_residues=0
[OK] 8RBU (step7): binders=0  ligands=1  flagged_residues=0
[OK] 8RBV (step7): binders=0  ligands=1  flagged_residues=0
[OK] 8RCV (step7): binders=0  ligands=1  flagged_residues=0
[OK] 8REF (step7): binders=0  ligands=1  flagged_residues=0
[OK] 8RH6 (step7): binders=0  ligands=1  flagged_residues=0
[SOURCE] 8RHQ: using remodeled structure → 8rhq_modeled_loop.pdb
[OK] 8RHQ (remodeled): binders=0  ligands=1  flagged_residues=0
[OK] 8RJ5 (step7): binders=2  ligands=1  flagged_residues=0
[OK] 8RJH (step7): binders=0  ligands=1  flagged_residues=0
[OK] 8RJI (step7): binders=0  ligands=1  flagged_residues=0
[OK] 8RLT (step7): binders=2  ligands=1  flagged_residues=0
[OK] 8RLU (step7): binders=2  ligands=1  flagged_residues=0
[OK] 8RLV (step7): binders=2  ligands=1  flagged_residues=0
[OK] 8RNE (step7): binders=0  ligands=1  flagged_residues=0
[OK] 8RNF (step7): binders=0  ligands=1  flagged_residues=0
[OK] 8RNG (step7): binders=0  ligands=1  flagged_residues=0
[OK] 8RNH (step7): binders=0  ligands=1  flagged_residues=0
[OK] 8ROO (step7): binders=0  ligands=1  flagged_residues=0
[OK] 8ROP (step7): binders=0  ligands=1  flagged_residues=0
[OK] 8RRO (step7): binders=2  ligands=1  flagged_residues=0
[OK] 8RYM (step7): binders=2  ligands=1  flagged_residues=0
[OK] 8RYN (step7): binders=2  ligands=1  flagged_residues=0
[OK] 8RYO (step7): binders=2  ligands=1  flagged_residues=0
[OK] 8RYP (step7): binders=2  ligands=1  flagged_residues=0
[OK] 8RYQ (step7): binders=2  ligands=1  flagged_residues=0
[OK] 8SBK (step7): binders=0  ligands=1  flagged_residues=0
[OK] 8SBL (step7): binders=0  ligands=1  flagged_residues=0
[OK] 8SGB (step7): binders=2  ligands=1  flagged_residues=1
[SOURCE] 8SGM: using remodeled structure → 8sgm_modeled_loop.pdb
[OK] 8SGM (remodeled): binders=2  ligands=1  flagged_residues=1
[OK] 8SHI (step7): binders=2  ligands=1  flagged_residues=1
[OK] 8SOS (step7): binders=1  ligands=1  flagged_residues=1
[OK] 8T6M (step7): binders=4  ligands=1  flagged_residues=0
[OK] 8T7R (step7): binders=2  ligands=1  flagged_residues=0
[OK] 8TBV (step7): binders=0  ligands=1  flagged_residues=0
[OK] 8TBW (step7): binders=0  ligands=1  flagged_residues=0
[SOURCE] 8TLZ: using remodeled structure → 8tlz_modeled_loop.pdb
[OK] 8TLZ (remodeled): binders=0  ligands=0  flagged_residues=0
[SOURCE] 8TM0: using remodeled structure → 8tm0_modeled_loop.pdb
[OK] 8TM0 (remodeled): binders=1  ligands=0  flagged_residues=0
[SOURCE] 8TM2: using remodeled structure → 8tm2_modeled_loop.pdb
[OK] 8TM2 (remodeled): binders=1  ligands=0  flagged_residues=0
[OK] 8TMU (step7): binders=1  ligands=1  flagged_residues=0
[OK] 8TNJ (step7): binders=2  ligands=1  flagged_residues=0
[OK] 8TUB (step7): binders=0  ligands=1  flagged_residues=0
[OK] 8TUH (step7): binders=0  ligands=1  flagged_residues=0
[OK] 8U9G (step7): binders=0  ligands=1  flagged_residues=0
[OK] 8UDR (step7): binders=2  ligands=1  flagged_residues=1
[OK] 8V4Z (step7): binders=2  ligands=1  flagged_residues=0
[OK] 8V50 (step7): binders=2  ligands=1  flagged_residues=0
[OK] 8V51 (step7): binders=2  ligands=1  flagged_residues=0
[OK] 8VCL (step7): binders=0  ligands=1  flagged_residues=0
[OK] 8VJZ (step7): binders=0  ligands=1  flagged_residues=0
[OK] 8VR9 (step7): binders=2  ligands=1  flagged_residues=1
[OK] 8VRA (step7): binders=2  ligands=1  flagged_residues=1
[OK] 8VRB (step7): binders=2  ligands=1  flagged_residues=1
[SOURCE] 8WTE: using modified structure → 8wte_mhc_complex.pdb
[WARNING] 8WTE: binder chain B not found
[WARNING] 8WTE: binder chain C not found
[OK] 8WTE (modified): binders=0  ligands=1  flagged_residues=0
[SOURCE] 8WUL: using modified structure → 8wul_mhc_complex.pdb
[WARNING] 8WUL: binder chain B not found
[WARNING] 8WUL: binder chain C not found
[OK] 8WUL (modified): binders=0  ligands=1  flagged_residues=0
[OK] 8XES (step7): binders=0  ligands=1  flagged_residues=0
[OK] 8XFZ (step7): binders=0  ligands=1  flagged_residues=0
[OK] 8XG2 (step7): binders=0  ligands=1  flagged_residues=0
[OK] 8XKC (step7): binders=0  ligands=1  flagged_residues=0
[OK] 8XKE (step7): binders=0  ligands=1  flagged_residues=0
[OK] 8Y6X (step7): binders=2  ligands=1  flagged_residues=1
[OK] 8YE4 (step7): binders=2  ligands=1  flagged_residues=0
[OK] 8YIV (step7): binders=2  ligands=1  flagged_residues=0
[OK] 8YJ2 (step7): binders=2  ligands=1  flagged_residues=0
[OK] 8ZOX (step7): binders=2  ligands=2  flagged_residues=2
[OK] 8ZV9 (step7): binders=0  ligands=1  flagged_residues=0
[OK] 9ASF (step7): binders=0  ligands=1  flagged_residues=1
[OK] 9ASG (step7): binders=0  ligands=1  flagged_residues=1
[OK] 9BL2 (step7): binders=1  ligands=1  flagged_residues=0
[OK] 9BL3 (step7): binders=1  ligands=1  flagged_residues=0
[OK] 9BL4 (step7): binders=1  ligands=1  flagged_residues=0
[OK] 9BL5 (step7): binders=1  ligands=1  flagged_residues=0
[OK] 9BL6 (step7): binders=1  ligands=1  flagged_residues=0
[OK] 9BL9 (step7): binders=1  ligands=1  flagged_residues=0
[OK] 9BLA (step7): binders=1  ligands=1  flagged_residues=0
[OK] 9BTX (step7): binders=2  ligands=1  flagged_residues=1
[OK] 9BTY (step7): binders=2  ligands=1  flagged_residues=1
[OK] 9BTZ (step7): binders=2  ligands=1  flagged_residues=1
[OK] 9BU0 (step7): binders=2  ligands=1  flagged_residues=1
[SOURCE] 9C3E: using remodeled structure → 9c3e_modeled_loop.pdb
[OK] 9C3E (remodeled): binders=2  ligands=1  flagged_residues=0
[OK] 9C6V (step7): binders=0  ligands=1  flagged_residues=0
[OK] 9C6W (step7): binders=0  ligands=1  flagged_residues=0
[OK] 9C6X (step7): binders=0  ligands=1  flagged_residues=0
[OK] 9CGR (step7): binders=2  ligands=1  flagged_residues=1
[OK] 9DL1 (step7): binders=2  ligands=1  flagged_residues=0
[ANNOTATIONS] 1164 rows written to /mnt/c/Users/gio/Documents/foldseek_nefertari/filter/ligands_pipeline/step9_fix/pdb/step9_annotations.csv
[ANNOTATIONS]   binder=yes: 386  ligand=yes: 1097
[MHC_BINDER] Copied 385 binder-positive complexes to /mnt/c/Users/gio/Documents/foldseek_nefertari/filter/ligands_pipeline/step9_fix/pdb/6_mhc_binder
[MHC_BINDER] Missing 1 expected files:
[MHC_BINDER]   4mnq_mhc_complex.pdb

=== STEP9 summary ===
Processed PDBs:        1158
Flagged residues:      246
Residues CSV:          /mnt/c/Users/gio/Documents/foldseek_nefertari/filter/ligands_pipeline/step9_fix/pdb/step9_residues.csv
MHC-only structures:   /mnt/c/Users/gio/Documents/foldseek_nefertari/filter/ligands_pipeline/step9_fix/pdb/1_mhc_only
Binder-only chains:    /mnt/c/Users/gio/Documents/foldseek_nefertari/filter/ligands_pipeline/step9_fix/pdb/2_binders
MHC-all structures:    /mnt/c/Users/gio/Documents/foldseek_nefertari/filter/ligands_pipeline/step9_fix/pdb/3_mhc_all
MHC-ligand structures: /mnt/c/Users/gio/Documents/foldseek_nefertari/filter/ligands_pipeline/step9_fix/pdb/4_mhc_ligands
MHC-complex folder:    /mnt/c/Users/gio/Documents/foldseek_nefertari/filter/ligands_pipeline/step9_fix/pdb/5_mhc_complex
MHC-binder folder:     /mnt/c/Users/gio/Documents/foldseek_nefertari/filter/ligands_pipeline/step9_fix/pdb/6_mhc_binder
MHC-binder copied:     385
MHC-binder missing:    1
Annotations CSV:       /mnt/c/Users/gio/Documents/foldseek_nefertari/filter/ligands_pipeline/step9_fix/pdb/step9_annotations.csv
[DONE] Step9 finished
