[SAVED] 8RLV: 8rlv_mhc.pdb
[SAVED] 3X11: 3x11_mhc.pdb
[SAVED] 1QSE: 1qse_mhc.pdb
[SAVED] 3BZF: 3bzf_mhc.pdb
[SAVED] 7P49: 7p49_mhc.pdb
[SAVED] 1BD2: 1bd2_mhc.pdb
[SAVED] 7LFZ: 7lfz_mhc.pdb
[SAVED] 5JZI: 5jzi_mhc.pdb
[SAVED] 7NDT: 7ndt_mhc.pdb
[SAVED] 7BH8: 7bh8_mhc.pdb
[SAVED] 3X12: 3x12_mhc.pdb
[SAVED] 6J1W: 6j1w_mhc.pdb
[SAVED] 7EJL: 7ejl_mhc.pdb
[SAVED] 3VXU: 3vxu_mhc.pdb
[SAVED] 7TUD: 7tud_mhc.pdb
[SAVED] 1P7Q: 1p7q_mhc.pdb
[SAVED] 5EO1: 5eo1_mhc.pdb
[SAVED] 6P27: 6p27_mhc.pdb
[SAVED] 3GSN: 3gsn_mhc.pdb
[SAVED] 1T22: 1t22_mhc.pdb
[SAVED] 2D31: 2d31_mhc.pdb
[SAVED] 1T1Y: 1t1y_mhc.pdb
[SAVED] 3FQU: 3fqu_mhc.pdb
[SAVED] 7OW6: 7ow6_mhc.pdb
[SAVED] 7UM2: 7um2_mhc.pdb
[SAVED] 8ZV9: 8zv9_mhc.pdb
[SAVED] 5VVP: 5vvp_mhc.pdb
[SAVED] 6ZKW: 6zkw_mhc.pdb
[SAVED] 7LG0: 7lg0_mhc.pdb
[SAVED] 1HHK: 1hhk_mhc.pdb
[SAVED] 5XOV: 5xov_mhc.pdb
[SAVED] 1T1Z: 1t1z_mhc.pdb
[SAVED] 7ZUC: 7zuc_mhc.pdb
[SAVED] 7SIS: 7sis_mhc.pdb
[SAVED] 5TXS: 5txs_mhc.pdb
[SAVED] 5VWD: 5vwd_mhc.pdb
[SAVED] 6Z9W: 6z9w_mhc.pdb
[SAVED] 5WWU: 5wwu_mhc.pdb
[SAVED] 8YE4: 8ye4_mhc.pdb
[SAVED] 7NME: 7nme_mhc.pdb
[SAVED] 3VXS: 3vxs_mhc.pdb
[SAVED] 5VWF: 5vwf_mhc.pdb
[SAVED] 6P23: 6p23_mhc.pdb
[SAVED] 4F7P: 4f7p_mhc.pdb
[SAVED] 5HHQ: 5hhq_mhc.pdb
[SAVED] 7BBG: 7bbg_mhc.pdb
[SAVED] 7RTD: 7rtd_mhc.pdb
[SAVED] 2ESV: 2esv_mhc.pdb
[SAVED] 4NO0: 4no0_mhc.pdb
[SAVED] 5HGB: 5hgb_mhc.pdb
[SAVED] 7NMD: 7nmd_mhc.pdb
[SAVED] 1A9E: 1a9e_mhc.pdb
[SAVED] 7N6E: 7n6e_mhc.pdb
[SAVED] 7U1R: 7u1r_mhc.pdb
[SAVED] 7P4B: 7p4b_mhc.pdb
[SAVED] 7JYX: 7jyx_mhc.pdb
[SAVED] 1Q94: 1q94_mhc.pdb
[SAVED] 2F54: 2f54_mhc.pdb
[SAVED] 4QOK: 4qok_mhc.pdb
[SAVED] 5XOT: 5xot_mhc.pdb
[SAVED] 1T21: 1t21_mhc.pdb
[SAVED] 3RL2: 3rl2_mhc.pdb
[SAVED] 7TR4: 7tr4_mhc.pdb
[SAVED] 6MTM: 6mtm_mhc.pdb
[SAVED] 7MJA: 7mja_mhc.pdb
[SAVED] 3GSW: 3gsw_mhc.pdb
[SAVED] 1AKJ: 1akj_mhc.pdb
[SAVED] 1QSF: 1qsf_mhc.pdb
[SAVED] 5W6A: 5w6a_mhc.pdb
[SAVED] 3FQT: 3fqt_mhc.pdb
[SAVED] 4F7M: 4f7m_mhc.pdb
[SAVED] 1HHH: 1hhh_mhc.pdb
[SAVED] 1T1X: 1t1x_mhc.pdb
[SAVED] 8QFY: 8qfy_mhc.pdb
[SAVED] 7NDQ: 7ndq_mhc.pdb
[SAVED] 6W51: 6w51_mhc.pdb
[SAVED] 8EN8: 8en8_mhc.pdb
[SAVED] 6J2A: 6j2a_mhc.pdb
[SAVED] 7S8S: 7s8s_mhc.pdb
[SAVED] 5WJL: 5wjl_mhc.pdb
[SAVED] 7S7E: 7s7e_mhc.pdb
[SAVED] 6UZ1: 6uz1_mhc.pdb
[SAVED] 7WJ2: 7wj2_mhc.pdb
[SAVED] 3D3V: 3d3v_mhc.pdb
[SAVED] 7F4W: 7f4w_mhc.pdb
[SAVED] 3I6L: 3i6l_mhc.pdb
[SAVED] 1XR9: 1xr9_mhc.pdb
[SAVED] 2XPG: 2xpg_mhc.pdb
[SAVED] 3PWP: 3pwp_mhc.pdb
[SAVED] 6J1V: 6j1v_mhc.pdb
[SAVED] 3KXF: 3kxf_mhc.pdb
[SAVED] 1I4F: 1i4f_mhc.pdb
[SAVED] 8RYO: 8ryo_mhc.pdb
[SAVED] 6MT3: 6mt3_mhc.pdb
[SAVED] 3V5K: 3v5k_mhc.pdb
[SAVED] 6UK2: 6uk2_mhc.pdb
[SAVED] 7KGO: 7kgo_mhc.pdb
[SAVED] 7RTR: 7rtr_mhc.pdb
[SAVED] 3WLB: 3wlb_mhc.pdb
[SAVED] 8RBV: 8rbv_mhc.pdb
[SAVED] 6UJ7: 6uj7_mhc.pdb
[SAVED] 6GHN: 6ghn_mhc.pdb
[SAVED] 1T1W: 1t1w_mhc.pdb
[SAVED] 7JYU: 7jyu_mhc.pdb
[SAVED] 8XKC: 8xkc_mhc.pdb
[SAVED] 6VM8: 6vm8_mhc.pdb
[SAVED] 6ZKZ: 6zkz_mhc.pdb
[SAVED] 4QRR: 4qrr_mhc.pdb
[SAVED] 3VXP: 3vxp_mhc.pdb
[SAVED] 5WSH: 5wsh_mhc.pdb
[SAVED] 5WWJ: 5wwj_mhc.pdb
[SAVED] 5VZ5: 5vz5_mhc.pdb
[SAVED] 7NUI: 7nui_mhc.pdb
[SAVED] 5HHN: 5hhn_mhc.pdb
[SAVED] 1S8D: 1s8d_mhc.pdb
[SAVED] 7RK7: 7rk7_mhc.pdb
[SAVED] 4JFP: 4jfp_mhc.pdb
[SAVED] 6ZKY: 6zky_mhc.pdb
[SAVED] 8I5D: 8i5d_mhc.pdb
[SAVED] 1DUY: 1duy_mhc.pdb
[SAVED] 3UTT: 3utt_mhc.pdb
[SAVED] 7PBE: 7pbe_mhc.pdb
[SAVED] 3H9S: 3h9s_mhc.pdb
[SAVED] 4O2F: 4o2f_mhc.pdb
[SAVED] 1A9B: 1a9b_mhc.pdb
[SAVED] 6ZKX: 6zkx_mhc.pdb
[SAVED] 1YDP: 1ydp_mhc.pdb
[SAVED] 7EJM: 7ejm_mhc.pdb
[SAVED] 3V5D: 3v5d_mhc.pdb
[SAVED] 3QFJ: 3qfj_mhc.pdb
[SAVED] 2NX5: 2nx5_mhc.pdb
[SAVED] 6ULI: 6uli_mhc.pdb
[SAVED] 7LG2: 7lg2_mhc.pdb
[SAVED] 1CG9: 1cg9_mhc.pdb
[SAVED] 6GGM: 6ggm_mhc.pdb
[SAVED] 5ENW: 5enw_mhc.pdb
[SAVED] 7S8Q: 7s8q_mhc.pdb
[SAVED] 3WL9: 3wl9_mhc.pdb
[SAVED] 1S9Y: 1s9y_mhc.pdb
[SAVED] 2CLR: 2clr_mhc.pdb
[SAVED] 5IUE: 5iue_mhc.pdb
[SAVED] 3MGT: 3mgt_mhc.pdb
[SAVED] 5F9J: 5f9j_mhc.pdb
[SAVED] 3OX8: 3ox8_mhc.pdb
[SAVED] 1E27: 1e27_mhc.pdb
[SAVED] 3FT2: 3ft2_mhc.pdb
[SAVED] 3FQW: 3fqw_mhc.pdb
[SAVED] 1T20: 1t20_mhc.pdb
[SAVED] 3C9N: 3c9n_mhc.pdb
[SAVED] 4WU5: 4wu5_mhc.pdb
[SAVED] 2BVP: 2bvp_mhc.pdb
[SAVED] 4NQV: 4nqv_mhc.pdb
[SAVED] 7KGS: 7kgs_mhc.pdb
[SAVED] 6AEE: 6aee_mhc.pdb
[SAVED] 6JP3: 6jp3_mhc.pdb
[SAVED] 5HGA: 5hga_mhc.pdb
[SAVED] 1HHG: 1hhg_mhc.pdb
[SAVED] 4JFF: 4jff_mhc.pdb
[SAVED] 7N2R: 7n2r_mhc.pdb
[SAVED] 8ELG: 8elg_mhc.pdb
[SAVED] 5NMK: 5nmk_mhc.pdb
[SAVED] 1MHE: 1mhe_mhc.pdb
[SAVED] 6GH4: 6gh4_mhc.pdb
[SAVED] 8RYM: 8rym_mhc.pdb
[SAVED] 5D9S: 5d9s_mhc.pdb
[SAVED] 7LG3: 7lg3_mhc.pdb
[SAVED] 6MPP: 6mpp_mhc.pdb
[SAVED] 3VXN: 3vxn_mhc.pdb
[SAVED] 8RLT: 8rlt_mhc.pdb
[SAVED] 8ENH: 8enh_mhc.pdb
[SAVED] 7N1B: 7n1b_mhc.pdb
[SAVED] 8RH6: 8rh6_mhc.pdb
[SAVED] 7SA2: 7sa2_mhc.pdb
[SAVED] 5IM7: 5im7_mhc.pdb
[SAVED] 8RNG: 8rng_mhc.pdb
[SAVED] 6D2B: 6d2b_mhc.pdb
[SAVED] 7S8F: 7s8f_mhc.pdb
[SAVED] 7KGP: 7kgp_mhc.pdb
[SAVED] 1EEY: 1eey_mhc.pdb
[SAVED] 2X4N: 2x4n_mhc.pdb
[SAVED] 7N1E: 7n1e_mhc.pdb
[SAVED] 5W1V: 5w1v_mhc.pdb
[SAVED] 8ROP: 8rop_mhc.pdb
[SAVED] 8RHQ: 8rhq_mhc.pdb
[SAVED] 7S79: 7s79_mhc.pdb
[SAVED] 6P2S: 6p2s_mhc.pdb
[SAVED] 4F7T: 4f7t_mhc.pdb
[SAVED] 5JHD: 5jhd_mhc.pdb
[SAVED] 7WT4: 7wt4_mhc.pdb
[SAVED] 1QVO: 1qvo_mhc.pdb
[SAVED] 1QEW: 1qew_mhc.pdb
[SAVED] 4O2C: 4o2c_mhc.pdb
[SAVED] 2F53: 2f53_mhc.pdb
[SAVED] 7S7F: 7s7f_mhc.pdb
[SAVED] 7KGQ: 7kgq_mhc.pdb
[SAVED] 3O3B: 3o3b_mhc.pdb
[SAVED] 1S9X: 1s9x_mhc.pdb
[SAVED] 2UWE: 2uwe_mhc.pdb
[SAVED] 5HGD: 5hgd_mhc.pdb
[SAVED] 6VB1: 6vb1_mhc.pdb
[SAVED] 1LP9: 1lp9_mhc.pdb
[SAVED] 8RYQ: 8ryq_mhc.pdb
[SAVED] 6TDQ: 6tdq_mhc.pdb
[SAVED] 7RZD: 7rzd_mhc.pdb
[SAVED] 3REW: 3rew_mhc.pdb
[SAVED] 5ISZ: 5isz_mhc.pdb
[SAVED] 7WKJ: 7wkj_mhc.pdb
[SAVED] 6AVF: 6avf_mhc.pdb
[SAVED] 5WJN: 5wjn_mhc.pdb
[SAVED] 8RYP: 8ryp_mhc.pdb
[SAVED] 8XFZ: 8xfz_mhc.pdb
[SAVED] 6GL1: 6gl1_mhc.pdb
[SAVED] 6UZQ: 6uzq_mhc.pdb
[SAVED] 1QRN: 1qrn_mhc.pdb
[SAVED] 6MT4: 6mt4_mhc.pdb
[SAVED] 5EU3: 5eu3_mhc.pdb
[SAVED] 5FDW: 5fdw_mhc.pdb
[SAVED] 8E13: 8e13_mhc.pdb
[SAVED] 6TDR: 6tdr_mhc.pdb
[SAVED] 6UZS: 6uzs_mhc.pdb
[SAVED] 3FQX: 3fqx_mhc.pdb
[SAVED] 6VM9: 6vm9_mhc.pdb
[SAVED] 3FT4: 3ft4_mhc.pdb
[SAVED] 6AM5: 6am5_mhc.pdb
[SAVED] 8RYN: 8ryn_mhc.pdb
[SAVED] 8ROO: 8roo_mhc.pdb
[SAVED] 6PAG: 6pag_mhc.pdb
[SAVED] 4NO5: 4no5_mhc.pdb
[SAVED] 5HYJ: 5hyj_mhc.pdb
[SAVED] 5W69: 5w69_mhc.pdb
[SAVED] 6ID4: 6id4_mhc.pdb
[SAVED] 7MKB: 7mkb_mhc.pdb
[SAVED] 8EB2: 8eb2_mhc.pdb
[SAVED] 7NMF: 7nmf_mhc.pdb
[SAVED] 8DVG: 8dvg_mhc.pdb
[SAVED] 8GON: 8gon_mhc.pdb
[SAVED] 7OW4: 7ow4_mhc.pdb
[SAVED] 7P3D: 7p3d_mhc.pdb
[SAVED] 7P3E: 7p3e_mhc.pdb
[SAVED] 6JOZ: 6joz_mhc.pdb
[SAVED] 1HSB: 1hsb_mhc.pdb
[SAVED] 3MGO: 3mgo_mhc.pdb
[SAVED] 8RLU: 8rlu_mhc.pdb
[SAVED] 6GH1: 6gh1_mhc.pdb
[SAVED] 5V5L: 5v5l_mhc.pdb
[SAVED] 4N8V: 4n8v_mhc.pdb
[SAVED] 3H9H: 3h9h_mhc.pdb
[SAVED] 6AMT: 6amt_mhc.pdb
[SAVED] 1I7T: 1i7t_mhc.pdb
[SAVED] 1HHI: 1hhi_mhc.pdb
[SAVED] 7S8E: 7s8e_mhc.pdb
[SAVED] 4JFE: 4jfe_mhc.pdb
[SAVED] 7PB2: 7pb2_mhc.pdb
[SAVED] 3NFN: 3nfn_mhc.pdb
[SAVED] 5HGH: 5hgh_mhc.pdb
[SAVED] 5T6Y: 5t6y_mhc.pdb
[SAVED] 5VUE: 5vue_mhc.pdb
[SAVED] 7MJ7: 7mj7_mhc.pdb
[SAVED] 8I5C: 8i5c_mhc.pdb
[SAVED] 7S7D: 7s7d_mhc.pdb
[SAVED] 5WKF: 5wkf_mhc.pdb
[SAVED] 4NQX: 4nqx_mhc.pdb
[SAVED] 6J29: 6j29_mhc.pdb
[SAVED] 4PRN: 4prn_mhc.pdb
[SAVED] 5HHM: 5hhm_mhc.pdb
[SAVED] 3OXR: 3oxr_mhc.pdb
[SAVED] 7MJ9: 7mj9_mhc.pdb
[SAVED] 6JTP: 6jtp_mhc.pdb
[SAVED] 5VUF: 5vuf_mhc.pdb
[SAVED] 5T6X: 5t6x_mhc.pdb
[SAVED] 5C07: 5c07_mhc.pdb
[SAVED] 3GJF: 3gjf_mhc.pdb
[SAVED] 7LGD: 7lgd_mhc.pdb
[SAVED] 5BRZ: 5brz_mhc.pdb
[SAVED] 5C0C: 5c0c_mhc.pdb
[SAVED] 8ISN: 8isn_mhc.pdb
[SAVED] 3VFN: 3vfn_mhc.pdb
[SAVED] 7KGT: 7kgt_mhc.pdb
[SAVED] 3O4L: 3o4l_mhc.pdb
[SAVED] 5W1W: 5w1w_mhc.pdb
[SAVED] 2X70: 2x70_mhc.pdb
[SAVED] 6Z9X: 6z9x_mhc.pdb
[SAVED] 2BVO: 2bvo_mhc.pdb
[SAVED] 3GSO: 3gso_mhc.pdb
[SAVED] 6P64: 6p64_mhc.pdb
[SAVED] 6P2C: 6p2c_mhc.pdb
[SAVED] 4XXC: 4xxc_mhc.pdb
[SAVED] 7S8A: 7s8a_mhc.pdb
[SAVED] 9BL6: 9bl6_mhc.pdb
[SAVED] 6SSA: 6ssa_mhc.pdb
[SAVED] 8TBW: 8tbw_mhc.pdb
[SAVED] 3VFP: 3vfp_mhc.pdb
[SAVED] 7OW5: 7ow5_mhc.pdb
[SAVED] 2VLL: 2vll_mhc.pdb
[SAVED] 7JYV: 7jyv_mhc.pdb
[SAVED] 3MRB: 3mrb_mhc.pdb
[SAVED] 5SWQ: 5swq_mhc.pdb
[SAVED] 8RBU: 8rbu_mhc.pdb
[SAVED] 3PWL: 3pwl_mhc.pdb
[SAVED] 3X13: 3x13_mhc.pdb
[SAVED] 2X4S: 2x4s_mhc.pdb
[SAVED] 4G8G: 4g8g_mhc.pdb
[SAVED] 3IXA: 3ixa_mhc.pdb
[SAVED] 7PBC: 7pbc_mhc.pdb
[SAVED] 6RP9: 6rp9_mhc.pdb
[SAVED] 7WJ3: 7wj3_mhc.pdb
[SAVED] 7T5M: 7t5m_mhc.pdb
[SAVED] 3VFU: 3vfu_mhc.pdb
[SAVED] 6Q3S: 6q3s_mhc.pdb
[SAVED] 1A1N: 1a1n_mhc.pdb
[SAVED] 5HHO: 5hho_mhc.pdb
[SAVED] 4JQV: 4jqv_mhc.pdb
[SAVED] 6UJ8: 6uj8_mhc.pdb
[SAVED] 8F5A: 8f5a_mhc.pdb
[SAVED] 3LN4: 3ln4_mhc.pdb
[SAVED] 4MNQ: 4mnq_mhc.pdb
[SAVED] 7R7X: 7r7x_mhc.pdb
[SAVED] 6VB2: 6vb2_mhc.pdb
[SAVED] 8XG2: 8xg2_mhc.pdb
[SAVED] 6R2L: 6r2l_mhc.pdb
[SAVED] 8SBK: 8sbk_mhc.pdb
[SAVED] 4WUU: 4wuu_mhc.pdb
[SAVED] 5E00: 5e00_mhc.pdb
[SAVED] 5FA4: 5fa4_mhc.pdb
[SAVED] 8E8I: 8e8i_mhc.pdb
[SAVED] 6MT6: 6mt6_mhc.pdb
[SAVED] 3MRQ: 3mrq_mhc.pdb
[SAVED] 8TUH: 8tuh_mhc.pdb
[SAVED] 1W72: 1w72_mhc.pdb
[SAVED] 6G3J: 6g3j_mhc.pdb
[SAVED] 8SHI: 8shi_mhc.pdb
[SAVED] 6O4Z: 6o4z_mhc.pdb
[SAVED] 2VLK: 2vlk_mhc.pdb
[SAVED] 2P5E: 2p5e_mhc.pdb
[SAVED] 4O2E: 4o2e_mhc.pdb
[SAVED] 7LGT: 7lgt_mhc.pdb
[SAVED] 6O4Y: 6o4y_mhc.pdb
[SAVED] 3PWN: 3pwn_mhc.pdb
[SAVED] 4LCY: 4lcy_mhc.pdb
[SAVED] 6PTE: 6pte_mhc.pdb
[SAVED] 5C08: 5c08_mhc.pdb
[SAVED] 5E9D: 5e9d_mhc.pdb
[SAVED] 5HHP: 5hhp_mhc.pdb
[SAVED] 2GJ6: 2gj6_mhc.pdb
[SAVED] 3MRM: 3mrm_mhc.pdb
[SAVED] 6RSY: 6rsy_mhc.pdb
[SAVED] 6TRO: 6tro_mhc.pdb
[SAVED] 8XES: 8xes_mhc.pdb
[SAVED] 4PRA: 4pra_mhc.pdb
[SAVED] 8FU4: 8fu4_mhc.pdb
[SAVED] 6BXP: 6bxp_mhc.pdb
[SAVED] 3HPJ: 3hpj_mhc.pdb
[SAVED] 2DYP: 2dyp_mhc.pdb
[SAVED] 3O3E: 3o3e_mhc.pdb
[SAVED] 3V5H: 3v5h_mhc.pdb
[SAVED] 5WKH: 5wkh_mhc.pdb
[SAVED] 3SJV: 3sjv_mhc.pdb
[SAVED] 3BXN: 3bxn_mhc.pdb
[SAVED] 6O9C: 6o9c_mhc.pdb
[SAVED] 3BH8: 3bh8_mhc.pdb
[SAVED] 8I5E: 8i5e_mhc.pdb
[SAVED] 3VRJ: 3vrj_mhc.pdb
[SAVED] 5WMP: 5wmp_mhc.pdb
[SAVED] 1I1F: 1i1f_mhc.pdb
[SAVED] 6TRN: 6trn_mhc.pdb
[SAVED] 3VFV: 3vfv_mhc.pdb
[SAVED] 8TBV: 8tbv_mhc.pdb
[SAVED] 6SS9: 6ss9_mhc.pdb
[SAVED] 8U9G: 8u9g_mhc.pdb
[SAVED] 5MEN: 5men_mhc.pdb
[SAVED] 5WMN: 5wmn_mhc.pdb
[SAVED] 7WT5: 7wt5_mhc.pdb
[SAVED] 3D39: 3d39_mhc.pdb
[SAVED] 7L1C: 7l1c_mhc.pdb
[SAVED] 5IRO: 5iro_mhc.pdb
[SAVED] 6V2P: 6v2p_mhc.pdb
[SAVED] 1S9W: 1s9w_mhc.pdb
[SAVED] 5N6B: 5n6b_mhc.pdb
[SAVED] 6VMA: 6vma_mhc.pdb
[SAVED] 7WZZ: 7wzz_mhc.pdb
[SAVED] 3LN5: 3ln5_mhc.pdb
[SAVED] 3GSX: 3gsx_mhc.pdb
[SAVED] 8EO8: 8eo8_mhc.pdb
[SAVED] 5V5M: 5v5m_mhc.pdb
[SAVED] 8EMG: 8emg_mhc.pdb
[SAVED] 7RM4: 7rm4_mhc.pdb
[SAVED] 7RRG: 7rrg_mhc.pdb
[SAVED] 2AV1: 2av1_mhc.pdb
[SAVED] 7DZN: 7dzn_mhc.pdb
[SAVED] 4U6Y: 4u6y_mhc.pdb
[SAVED] 7SRK: 7srk_mhc.pdb
[SAVED] 5C0B: 5c0b_mhc.pdb
[SAVED] 8ERX: 8erx_mhc.pdb
[SAVED] 8ES9: 8es9_mhc.pdb
[SAVED] 6VB0: 6vb0_mhc.pdb
[SAVED] 8E2Z: 8e2z_mhc.pdb
[SAVED] 4U1I: 4u1i_mhc.pdb
[SAVED] 2GUO: 2guo_mhc.pdb
[SAVED] 3L3K: 3l3k_mhc.pdb
[SAVED] 3UTS: 3uts_mhc.pdb
[SAVED] 9BL5: 9bl5_mhc.pdb
[SAVED] 4UQ3: 4uq3_mhc.pdb
[SAVED] 5WXC: 5wxc_mhc.pdb
[SAVED] 5T6W: 5t6w_mhc.pdb
[SAVED] 6JTN: 6jtn_mhc.pdb
[SAVED] 1OGA: 1oga_mhc.pdb
[SAVED] 6D2T: 6d2t_mhc.pdb
[SAVED] 6PBH: 6pbh_mhc.pdb
[SAVED] 5IEH: 5ieh_mhc.pdb
[SAVED] 1B0G: 1b0g_mhc.pdb
[SAVED] 7RZJ: 7rzj_mhc.pdb
[SAVED] 6MTL: 6mtl_mhc.pdb
[SAVED] 3MR9: 3mr9_mhc.pdb
[SAVED] 1B0R: 1b0r_mhc.pdb
[SAVED] 3GSQ: 3gsq_mhc.pdb
[SAVED] 2GTW: 2gtw_mhc.pdb
[SAVED] 3MRC: 3mrc_mhc.pdb
[SAVED] 3HCV: 3hcv_mhc.pdb
[SAVED] 6EWC: 6ewc_mhc.pdb
[SAVED] 1AGF: 1agf_mhc.pdb
[SAVED] 4JRX: 4jrx_mhc.pdb
[SAVED] 8ES8: 8es8_mhc.pdb
[SAVED] 3I6G: 3i6g_mhc.pdb
[SAVED] 4L29: 4l29_mhc.pdb
[SAVED] 6BJ2: 6bj2_mhc.pdb
[SAVED] 7WT3: 7wt3_mhc.pdb
[SAVED] 4I4W: 4i4w_mhc.pdb
[SAVED] 7NDU: 7ndu_mhc.pdb
[SAVED] 5EU4: 5eu4_mhc.pdb
[SAVED] 6VB7: 6vb7_mhc.pdb
[SAVED] 3KPO: 3kpo_mhc.pdb
[SAVED] 3PWJ: 3pwj_mhc.pdb
[SAVED] 7N6D: 7n6d_mhc.pdb
[SAVED] 4E5X: 4e5x_mhc.pdb
[SAVED] 5C09: 5c09_mhc.pdb
[SAVED] 1AGD: 1agd_mhc.pdb
[SAVED] 7KGR: 7kgr_mhc.pdb
[SAVED] 1AO7: 1ao7_mhc.pdb
[SAVED] 7SIH: 7sih_mhc.pdb
[SAVED] 3GSR: 3gsr_mhc.pdb
[SAVED] 3H7B: 3h7b_mhc.pdb
[SAVED] 7Q98: 7q98_mhc.pdb
[SAVED] 1TVH: 1tvh_mhc.pdb
[SAVED] 3GSU: 3gsu_mhc.pdb
[SAVED] 3BZE: 3bze_mhc.pdb
[SAVED] 7EJN: 7ejn_mhc.pdb
[SAVED] 8RJI: 8rji_mhc.pdb
[SAVED] 3MRJ: 3mrj_mhc.pdb
[SAVED] 2J8U: 2j8u_mhc.pdb
[SAVED] 4FTV: 4ftv_mhc.pdb
[SAVED] 3HAE: 3hae_mhc.pdb
[SAVED] 6UZN: 6uzn_mhc.pdb
[SAVED] 1QR1: 1qr1_mhc.pdb
[SAVED] 6V3J: 6v3j_mhc.pdb
[SAVED] 5NMF: 5nmf_mhc.pdb
[SAVED] 7Q9A: 7q9a_mhc.pdb
[SAVED] 7JYW: 7jyw_mhc.pdb
[SAVED] 2AV7: 2av7_mhc.pdb
[SAVED] 6PYV: 6pyv_mhc.pdb
[SAVED] 7N1F: 7n1f_mhc.pdb
[SAVED] 6VM7: 6vm7_mhc.pdb
[SAVED] 8EMK: 8emk_mhc.pdb
[SAVED] 6D2R: 6d2r_mhc.pdb
[SAVED] 7U21: 7u21_mhc.pdb
[SAVED] 6TDP: 6tdp_mhc.pdb
[SAVED] 5DDH: 5ddh_mhc.pdb
[SAVED] 7M8T: 7m8t_mhc.pdb
[SAVED] 3VFS: 3vfs_mhc.pdb
[SAVED] 3VRI: 3vri_mhc.pdb
[SAVED] 6Z9V: 6z9v_mhc.pdb
[SAVED] 4U1L: 4u1l_mhc.pdb
[SAVED] 7NMG: 7nmg_mhc.pdb
[SAVED] 2BCK: 2bck_mhc.pdb
[SAVED] 2RFX: 2rfx_mhc.pdb
[SAVED] 6UJ9: 6uj9_mhc.pdb
[SAVED] 8EK5: 8ek5_mhc.pdb
[SAVED] 2BNR: 2bnr_mhc.pdb
[SAVED] 1AGE: 1age_mhc.pdb
[SAVED] 7QPJ: 7qpj_mhc.pdb
[SAVED] 5EUO: 5euo_mhc.pdb
[SAVED] 3FT3: 3ft3_mhc.pdb
[SAVED] 3MRH: 3mrh_mhc.pdb
[SAVED] 7Q9B: 7q9b_mhc.pdb
[SAVED] 5N1Y: 5n1y_mhc.pdb
[SAVED] 6UJO: 6ujo_mhc.pdb
[SAVED] 4GKS: 4gks_mhc.pdb
[SAVED] 6VB6: 6vb6_mhc.pdb
[SAVED] 3L3J: 3l3j_mhc.pdb
[SAVED] 7SR5: 7sr5_mhc.pdb
[SAVED] 5EOT: 5eot_mhc.pdb
[SAVED] 7SIF: 7sif_mhc.pdb
[SAVED] 5MEP: 5mep_mhc.pdb
[SAVED] 4QRS: 4qrs_mhc.pdb
[SAVED] 6IEX: 6iex_mhc.pdb
[SAVED] 3KYN: 3kyn_mhc.pdb
[SAVED] 4HWZ: 4hwz_mhc.pdb
[SAVED] 7MJ8: 7mj8_mhc.pdb
[SAVED] 3BHB: 3bhb_mhc.pdb
[SAVED] 8RNH: 8rnh_mhc.pdb
[SAVED] 6SS7: 6ss7_mhc.pdb
[SAVED] 6P2F: 6p2f_mhc.pdb
[SAVED] 5FA3: 5fa3_mhc.pdb
[SAVED] 3KPP: 3kpp_mhc.pdb
[SAVED] 8UDR: 8udr_mhc.pdb
[SAVED] 4MJI: 4mji_mhc.pdb
[SAVED] 7N2O: 7n2o_mhc.pdb
[SAVED] 1I7U: 1i7u_mhc.pdb
[SAVED] 8SBL: 8sbl_mhc.pdb
[SAVED] 3LKO: 3lko_mhc.pdb
[SAVED] 3RL1: 3rl1_mhc.pdb
[SAVED] 3HG1: 3hg1_mhc.pdb
[SAVED] 4NNY: 4nny_mhc.pdb
[SAVED] 3VXM: 3vxm_mhc.pdb
[SAVED] 1I7R: 1i7r_mhc.pdb
[SAVED] 5C0E: 5c0e_mhc.pdb
[SAVED] 6UZP: 6uzp_mhc.pdb
[SAVED] 5W67: 5w67_mhc.pdb
[SAVED] 7SU9: 7su9_mhc.pdb
[SAVED] 6VB5: 6vb5_mhc.pdb
[SAVED] 4JRY: 4jry_mhc.pdb
[SAVED] 2HJL: 2hjl_mhc.pdb
[SAVED] 3LKN: 3lkn_mhc.pdb
[SAVED] 2JCC: 2jcc_mhc.pdb
[SAVED] 6ULK: 6ulk_mhc.pdb
[SAVED] 3MRG: 3mrg_mhc.pdb
[SAVED] 7MJ6: 7mj6_mhc.pdb
[SAVED] 3MV9: 3mv9_mhc.pdb
[SAVED] 6XQA: 6xqa_mhc.pdb
[SAVED] 8TUB: 8tub_mhc.pdb
[SAVED] 5C0F: 5c0f_mhc.pdb
[SAVED] 3MRP: 3mrp_mhc.pdb
[SAVED] 4U6X: 4u6x_mhc.pdb
[SAVED] 3MRO: 3mro_mhc.pdb
[SAVED] 5WMO: 5wmo_mhc.pdb
[SAVED] 5C0D: 5c0d_mhc.pdb
[SAVED] 3GSV: 3gsv_mhc.pdb
[SAVED] 3UTQ: 3utq_mhc.pdb
[SAVED] 1JF1: 1jf1_mhc.pdb
[SAVED] 2BNQ: 2bnq_mhc.pdb
[SAVED] 3QFD: 3qfd_mhc.pdb
[SAVED] 3BH9: 3bh9_mhc.pdb
[SAVED] 6VMX: 6vmx_mhc.pdb
[SAVED] 4MJ6: 4mj6_mhc.pdb
[SAVED] 6UZO: 6uzo_mhc.pdb
[SAVED] 1N2R: 1n2r_mhc.pdb
[SAVED] 7Q99: 7q99_mhc.pdb
[SAVED] 8EMJ: 8emj_mhc.pdb
[SAVED] 5TEZ: 5tez_mhc.pdb
[SAVED] 3FQN: 3fqn_mhc.pdb
[SAVED] 7SR0: 7sr0_mhc.pdb
[SAVED] 3VFR: 3vfr_mhc.pdb
[SAVED] 7N2S: 7n2s_mhc.pdb
[SAVED] 2HN7: 2hn7_mhc.pdb
[SAVED] 3OXS: 3oxs_mhc.pdb
[SAVED] 3O3A: 3o3a_mhc.pdb
[SAVED] 6OPD: 6opd_mhc.pdb
[SAVED] 6AMU: 6amu_mhc.pdb
[SAVED] 6EWO: 6ewo_mhc.pdb
[SAVED] 4I48: 4i48_mhc.pdb
[SAVED] 5IND: 5ind_mhc.pdb
[SAVED] 3KLA: 3kla_mhc.pdb
[SAVED] 3BWA: 3bwa_mhc.pdb
[SAVED] 6BXQ: 6bxq_mhc.pdb
[SAVED] 6O9B: 6o9b_mhc.pdb
[SAVED] 4WJ5: 4wj5_mhc.pdb
[SAVED] 7SR3: 7sr3_mhc.pdb
[SAVED] 4QRP: 4qrp_mhc.pdb
[SAVED] 5EU6: 5eu6_mhc.pdb
[SAVED] 5INC: 5inc_mhc.pdb
[SAVED] 9BL2: 9bl2_mhc.pdb
[SAVED] 7X1C: 7x1c_mhc.pdb
[SAVED] 3MRK: 3mrk_mhc.pdb
[SAVED] 8ESH: 8esh_mhc.pdb
[SAVED] 5VWJ: 5vwj_mhc.pdb
[SAVED] 4PR5: 4pr5_mhc.pdb
[SAVED] 1X7Q: 1x7q_mhc.pdb
[SAVED] 3LKP: 3lkp_mhc.pdb
[SAVED] 6SS8: 6ss8_mhc.pdb
[SAVED] 3VXO: 3vxo_mhc.pdb
[SAVED] 8RNE: 8rne_mhc.pdb
[SAVED] 6VB4: 6vb4_mhc.pdb
[SAVED] 6VIU: 6viu_mhc.pdb
[SAVED] 3MRE: 3mre_mhc.pdb
[SAVED] 9DL1: 9dl1_mhc.pdb
[SAVED] 2AXG: 2axg_mhc.pdb
[SAVED] 3QZW: 3qzw_mhc.pdb
[SAVED] 6AT5: 6at5_mhc.pdb
[SAVED] 3TO2: 3to2_mhc.pdb
[SAVED] 1MI5: 1mi5_mhc.pdb
[SAVED] 3FQR: 3fqr_mhc.pdb
[SAVED] 7YG3: 7yg3_mhc.pdb
[SAVED] 8XKE: 8xke_mhc.pdb
[SAVED] 3KPQ: 3kpq_mhc.pdb
[SAVED] 6VQZ: 6vqz_mhc.pdb
[SAVED] 7SR4: 7sr4_mhc.pdb
[SAVED] 6MT5: 6mt5_mhc.pdb
[SAVED] 3KYO: 3kyo_mhc.pdb
[SAVED] 1K5N: 1k5n_mhc.pdb
[SAVED] 4JFD: 4jfd_mhc.pdb
[SAVED] 7MLE: 7mle_mhc.pdb
[SAVED] 7N2P: 7n2p_mhc.pdb
[SAVED] 6EQA: 6eqa_mhc.pdb
[SAVED] 3MRF: 3mrf_mhc.pdb
[SAVED] 8EMF: 8emf_mhc.pdb
[SAVED] 3DX6: 3dx6_mhc.pdb
[SAVED] 3MRR: 3mrr_mhc.pdb
[SAVED] 3VXR: 3vxr_mhc.pdb
[SAVED] 3MYJ: 3myj_mhc.pdb
[SAVED] 3MRD: 3mrd_mhc.pdb
[SAVED] 5MEO: 5meo_mhc.pdb
[SAVED] 7XF3: 7xf3_mhc.pdb
[SAVED] 5VUD: 5vud_mhc.pdb
[SAVED] 5T6Z: 5t6z_mhc.pdb
[SAVED] 1AGB: 1agb_mhc.pdb
[SAVED] 7N1A: 7n1a_mhc.pdb
[SAVED] 6O51: 6o51_mhc.pdb
[SAVED] 3AM8: 3am8_mhc.pdb
[SAVED] 5EU5: 5eu5_mhc.pdb
[SAVED] 6BJ3: 6bj3_mhc.pdb
[SAVED] 5NMH: 5nmh_mhc.pdb
[SAVED] 2FZ3: 2fz3_mhc.pdb
[SAVED] 6VQY: 6vqy_mhc.pdb
[SAVED] 6TDO: 6tdo_mhc.pdb
[SAVED] 2V2X: 2v2x_mhc.pdb
[SAVED] 6RPB: 6rpb_mhc.pdb
[SAVED] 5EO0: 5eo0_mhc.pdb
[SAVED] 3QDM: 3qdm_mhc.pdb
[SAVED] 8RNF: 8rnf_mhc.pdb
[SAVED] 4L3E: 4l3e_mhc.pdb
[SAVED] 3MRN: 3mrn_mhc.pdb
[SAVED] 4HX1: 4hx1_mhc.pdb
[SAVED] 6JTO: 6jto_mhc.pdb
[SAVED] 4NT6: 4nt6_mhc.pdb
[SAVED] 3GIV: 3giv_mhc.pdb
[SAVED] 4WU7: 4wu7_mhc.pdb
[SAVED] 6VMC: 6vmc_mhc.pdb
[SAVED] 8ELH: 8elh_mhc.pdb
[SAVED] 1AGC: 1agc_mhc.pdb
[SAVED] 6AVG: 6avg_mhc.pdb
[SAVED] 3D25: 3d25_mhc.pdb
[SAVED] 3SPV: 3spv_mhc.pdb
[SAVED] 4U1M: 4u1m_mhc.pdb
[SAVED] 4PRI: 4pri_mhc.pdb
[SAVED] 5C0J: 5c0j_mhc.pdb
[SAVED] 1DUZ: 1duz_mhc.pdb
[SAVED] 1A1O: 1a1o_mhc.pdb
[SAVED] 6V2Q: 6v2q_mhc.pdb
[SAVED] 7OW3: 7ow3_mhc.pdb
[SAVED] 7TUC: 7tuc_mhc.pdb
[SAVED] 5C0A: 5c0a_mhc.pdb
[SAVED] 8V51: 8v51_mhc.pdb
[SAVED] 8RJH: 8rjh_mhc.pdb
[SAVED] 1TVB: 1tvb_mhc.pdb
[SAVED] 2GIT: 2git_mhc.pdb
[SAVED] 5F7D: 5f7d_mhc.pdb
[SAVED] 5YXN: 5yxn_mhc.pdb
[SAVED] 7TLT: 7tlt_mhc.pdb
[SAVED] 3VFW: 3vfw_mhc.pdb
[SAVED] 6D7G: 6d7g_mhc.pdb
[SAVED] 8FRT: 8frt_mhc.pdb
[SAVED] 3MRI: 3mri_mhc.pdb
[SAVED] 2GT9: 2gt9_mhc.pdb
[SAVED] 6ULN: 6uln_mhc.pdb
[SAVED] 5BS0: 5bs0_mhc.pdb
[SAVED] 6PYJ: 6pyj_mhc.pdb
[SAVED] 1IM3: 1im3_mhc.pdb
[SAVED] 3I6K: 3i6k_mhc.pdb
[SAVED] 2H6P: 2h6p_mhc.pdb
[SAVED] 3VFT: 3vft_mhc.pdb
[SAVED] 7R7V: 7r7v_mhc.pdb
[SAVED] 8FJA: 8fja_mhc.pdb
[SAVED] 7M8U: 7m8u_mhc.pdb
[SAVED] 4PRP: 4prp_mhc.pdb
[SAVED] 7M8S: 7m8s_mhc.pdb
[SAVED] 3SKO: 3sko_mhc.pdb
[SAVED] 3DX7: 3dx7_mhc.pdb
[SAVED] 1XH3: 1xh3_mhc.pdb
[SAVED] 3X14: 3x14_mhc.pdb
[SAVED] 3BW9: 3bw9_mhc.pdb
[SAVED] 5KNM: 5knm_mhc.pdb
[SAVED] 7SIG: 7sig_mhc.pdb
[SAVED] 5C0G: 5c0g_mhc.pdb
[SAVED] 2YPL: 2ypl_mhc.pdb
[SAVED] 5U98: 5u98_mhc.pdb
[SAVED] 2V2W: 2v2w_mhc.pdb
[SAVED] 5NQK: 5nqk_mhc.pdb
[SAVED] 6PTB: 6ptb_mhc.pdb
[SAVED] 2GTZ: 2gtz_mhc.pdb
[SAVED] 5WXD: 5wxd_mhc.pdb
[SAVED] 4NNX: 4nnx_mhc.pdb
[SAVED] 9BLA: 9bla_mhc.pdb
[SAVED] 8EMI: 8emi_mhc.pdb
[SAVED] 5WWI: 5wwi_mhc.pdb
[SAVED] 7X00: 7x00_mhc.pdb
[SAVED] 5NHT: 5nht_mhc.pdb
[SAVED] 7UR1: 7ur1_mhc.pdb
[SAVED] 3L3G: 3l3g_mhc.pdb
[SAVED] 3BGM: 3bgm_mhc.pdb
[SAVED] 4NO2: 4no2_mhc.pdb
[SAVED] 6UK4: 6uk4_mhc.pdb
[SAVED] 7L1B: 7l1b_mhc.pdb
[SAVED] 4U1N: 4u1n_mhc.pdb
[SAVED] 1SYS: 1sys_mhc.pdb
[SAVED] 1EEZ: 1eez_mhc.pdb
[SAVED] 5C0I: 5c0i_mhc.pdb
[SAVED] 7N2N: 7n2n_mhc.pdb
[SAVED] 3W39: 3w39_mhc.pdb
[SAVED] 2X4P: 2x4p_mhc.pdb
[SAVED] 7S8R: 7s8r_mhc.pdb
[SAVED] 4PRB: 4prb_mhc.pdb
[SAVED] 7STG: 7stg_mhc.pdb
[SAVED] 1SYV: 1syv_mhc.pdb
[SAVED] 3W0W: 3w0w_mhc.pdb
[SAVED] 7DZM: 7dzm_mhc.pdb
[SAVED] 4PRH: 4prh_mhc.pdb
[SAVED] 3KPL: 3kpl_mhc.pdb
[SAVED] 6ULR: 6ulr_mhc.pdb
[SAVED] 6O53: 6o53_mhc.pdb
[SAVED] 6UJQ: 6ujq_mhc.pdb
[SAVED] 3BVN: 3bvn_mhc.pdb
[SAVED] 6VRM: 6vrm_mhc.pdb
[SAVED] 2FYY: 2fyy_mhc.pdb
[SAVED] 6TDS: 6tds_mhc.pdb
[SAVED] 1JHT: 1jht_mhc.pdb
[SAVED] 5VWH: 5vwh_mhc.pdb
[SAVED] 2VLJ: 2vlj_mhc.pdb
[SAVED] 1E28: 1e28_mhc.pdb
[SAVED] 7UC5: 7uc5_mhc.pdb
[SAVED] 5YXU: 5yxu_mhc.pdb
[SAVED] 2X4Q: 2x4q_mhc.pdb
[SAVED] 4NO3: 4no3_mhc.pdb
[SAVED] 3CDG: 3cdg_mhc.pdb
[SAVED] 8WUL: 8wul_mhc.pdb
[SAVED] 3D18: 3d18_mhc.pdb
[SAVED] 4UQ2: 4uq2_mhc.pdb
[SAVED] 1ZHK: 1zhk_mhc.pdb
[SAVED] 8VCL: 8vcl_mhc.pdb
[SAVED] 6D29: 6d29_mhc.pdb
[SAVED] 4U1J: 4u1j_mhc.pdb
[SAVED] 7L1D: 7l1d_mhc.pdb
[SAVED] 8CX4: 8cx4_mhc.pdb
[SAVED] 4U1S: 4u1s_mhc.pdb
[SAVED] 3LKQ: 3lkq_mhc.pdb
[SAVED] 6RPA: 6rpa_mhc.pdb
[SAVED] 8GOM: 8gom_mhc.pdb
[SAVED] 5NME: 5nme_mhc.pdb
[SAVED] 6VR5: 6vr5_mhc.pdb
[SAVED] 3KPM: 3kpm_mhc.pdb
[SAVED] 7TUE: 7tue_mhc.pdb
[SAVED] 3FFC: 3ffc_mhc.pdb
[SAVED] 7PDW: 7pdw_mhc.pdb
[SAVED] 4MJ5: 4mj5_mhc.pdb
[SAVED] 6AT9: 6at9_mhc.pdb
[SAVED] 1XR8: 1xr8_mhc.pdb
[SAVED] 4JFQ: 4jfq_mhc.pdb
[SAVED] 7RE8: 7re8_mhc.pdb
[SAVED] 3DTX: 3dtx_mhc.pdb
[SAVED] 5T70: 5t70_mhc.pdb
[SAVED] 7R7W: 7r7w_mhc.pdb
[SAVED] 6VQ2: 6vq2_mhc.pdb
[SAVED] 6DKP: 6dkp_mhc.pdb
[SAVED] 9ASF: 9asf_mhc.pdb
[SAVED] 2X4T: 2x4t_mhc.pdb
[SAVED] 7K81: 7k81_mhc.pdb
[SAVED] 5IEK: 5iek_mhc.pdb
[SAVED] 3DX8: 3dx8_mhc.pdb
[SAVED] 5GSD: 5gsd_mhc.pdb
[SAVED] 6VQO: 6vqo_mhc.pdb
[SAVED] 6V2O: 6v2o_mhc.pdb
[SAVED] 6PZ5: 6pz5_mhc.pdb
[SAVED] 5MEQ: 5meq_mhc.pdb
[SAVED] 4LNR: 4lnr_mhc.pdb
[SAVED] 4JFO: 4jfo_mhc.pdb
[SAVED] 6K60: 6k60_mhc.pdb
[SAVED] 4PRE: 4pre_mhc.pdb
[SAVED] 8REF: 8ref_mhc.pdb
[SAVED] 6UZM: 6uzm_mhc.pdb
[SAVED] 3LKS: 3lks_mhc.pdb
[SAVED] 6BJ8: 6bj8_mhc.pdb
[SAVED] 3MRL: 3mrl_mhc.pdb
[SAVED] 1ZSD: 1zsd_mhc.pdb
[SAVED] 4QRQ: 4qrq_mhc.pdb
[SAVED] 3MV7: 3mv7_mhc.pdb
[SAVED] 1JGD: 1jgd_mhc.pdb
[SAVED] 6TMO: 6tmo_mhc.pdb
[SAVED] 7R80: 7r80_mhc.pdb
[SAVED] 7K80: 7k80_mhc.pdb
[SAVED] 6Q3K: 6q3k_mhc.pdb
[SAVED] 1ZHL: 1zhl_mhc.pdb
[SAVED] 2YPK: 2ypk_mhc.pdb
[SAVED] 3VCL: 3vcl_mhc.pdb
[SAVED] 7R7Y: 7r7y_mhc.pdb
[SAVED] 8F7M: 8f7m_mhc.pdb
[SAVED] 8DNT: 8dnt_mhc.pdb
[SAVED] 1W0W: 1w0w_mhc.pdb
[SAVED] 7PHR: 7phr_mhc.pdb
[SAVED] 5VGD: 5vgd_mhc.pdb
[SAVED] 8WTE: 8wte_mhc.pdb
[SAVED] 7STF: 7stf_mhc.pdb
[SAVED] 7EU2: 7eu2_mhc.pdb
[SAVED] 9ASG: 9asg_mhc.pdb
[SAVED] 6VR1: 6vr1_mhc.pdb
[SAVED] 1M6O: 1m6o_mhc.pdb
[SAVED] 9BL3: 9bl3_mhc.pdb
[SAVED] 6EWA: 6ewa_mhc.pdb
[SAVED] 5XOS: 5xos_mhc.pdb
[SAVED] 6PYL: 6pyl_mhc.pdb
[SAVED] 6Y26: 6y26_mhc.pdb
[SAVED] 7ST3: 7st3_mhc.pdb
[SAVED] 5DEF: 5def_mhc.pdb
[SAVED] 2AK4: 2ak4_mhc.pdb
[SAVED] 1I1Y: 1i1y_mhc.pdb
[SAVED] 5WMQ: 5wmq_mhc.pdb
[SAVED] 6NCA: 6nca_mhc.pdb
[SAVED] 4U1H: 4u1h_mhc.pdb
[SAVED] 3VH8: 3vh8_mhc.pdb
[SAVED] 1W0V: 1w0v_mhc.pdb
[SAVED] 5GRG: 5grg_mhc.pdb
[SAVED] 2HJK: 2hjk_mhc.pdb
[SAVED] 3VFO: 3vfo_mhc.pdb
[SAVED] 7SSH: 7ssh_mhc.pdb
[SAVED] 3L3I: 3l3i_mhc.pdb
[SAVED] 6PA1: 6pa1_mhc.pdb
[SAVED] 3HLA: 3hla_mhc.pdb
[SAVED] 2X4O: 2x4o_mhc.pdb
[SAVED] 9C6X: 9c6x_mhc.pdb
[SAVED] 1HHJ: 1hhj_mhc.pdb
[SAVED] 7ALO: 7alo_mhc.pdb
[SAVED] 5B38: 5b38_mhc.pdb
[SAVED] 7SQP: 7sqp_mhc.pdb
[SAVED] 2PYE: 2pye_mhc.pdb
[SAVED] 3KPS: 3kps_mhc.pdb
[SAVED] 3LKR: 3lkr_mhc.pdb
[SAVED] 6VQE: 6vqe_mhc.pdb
[SAVED] 3B3I: 3b3i_mhc.pdb
[SAVED] 5GRD: 5grd_mhc.pdb
[SAVED] 6G3K: 6g3k_mhc.pdb
[SAVED] 2X4R: 2x4r_mhc.pdb
[SAVED] 8GVB: 8gvb_mhc.pdb
[SAVED] 8VJZ: 8vjz_mhc.pdb
[SAVED] 4PRD: 4prd_mhc.pdb
[SAVED] 4L3C: 4l3c_mhc.pdb
[SAVED] 6D78: 6d78_mhc.pdb
[SAVED] 8V4Z: 8v4z_mhc.pdb
[SAVED] 6VRN: 6vrn_mhc.pdb
[SAVED] 8TNJ: 8tnj_mhc.pdb
[SAVED] 5NMG: 5nmg_mhc.pdb
[SAVED] 9BL9: 9bl9_mhc.pdb
[SAVED] 4QRU: 4qru_mhc.pdb
[SAVED] 3KPR: 3kpr_mhc.pdb
[SAVED] 2CIK: 2cik_mhc.pdb
[SAVED] 4K7F: 4k7f_mhc.pdb
[SAVED] 7T0L: 7t0l_mhc.pdb
[SAVED] 3KWW: 3kww_mhc.pdb
[SAVED] 2BVQ: 2bvq_mhc.pdb
[SAVED] 3VFM: 3vfm_mhc.pdb
[SAVED] 2BSS: 2bss_mhc.pdb
[SAVED] 3L3D: 3l3d_mhc.pdb
[SAVED] 2NW3: 2nw3_mhc.pdb
[SAVED] 7X1B: 7x1b_mhc.pdb
[SAVED] 3QDG: 3qdg_mhc.pdb
[SAVED] 4JQX: 4jqx_mhc.pdb
[SAVED] 5MER: 5mer_mhc.pdb
[SAVED] 3DXA: 3dxa_mhc.pdb
[SAVED] 2BST: 2bst_mhc.pdb
[SAVED] 4QRT: 4qrt_mhc.pdb
[SAVED] 9BL4: 9bl4_mhc.pdb
[SAVED] 8RJ5: 8rj5_mhc.pdb
[SAVED] 6VB3: 6vb3_mhc.pdb
[SAVED] 8FJB: 8fjb_mhc.pdb
[SAVED] 5D2L: 5d2l_mhc.pdb
[SAVED] 6EQB: 6eqb_mhc.pdb
[SAVED] 6PYW: 6pyw_mhc.pdb
[SAVED] 3QEQ: 3qeq_mhc.pdb
[SAVED] 7CIR: 7cir_mhc.pdb
[SAVED] 5IB5: 5ib5_mhc.pdb
[SAVED] 2P5W: 2p5w_mhc.pdb
[SAVED] 3MV8: 3mv8_mhc.pdb
[SAVED] 3WUW: 3wuw_mhc.pdb
[SAVED] 5B39: 5b39_mhc.pdb
[SAVED] 3UPR: 3upr_mhc.pdb
[SAVED] 3O3D: 3o3d_mhc.pdb
[SAVED] 8GVG: 8gvg_mhc.pdb
[SAVED] 2C7U: 2c7u_mhc.pdb
[SAVED] 4GKN: 4gkn_mhc.pdb
[SAVED] 1KTL: 1ktl_mhc.pdb
[SAVED] 6Y2B: 6y2b_mhc.pdb
[SAVED] 2X4U: 2x4u_mhc.pdb
[SAVED] 3SKM: 3skm_mhc.pdb
[SAVED] 8RCV: 8rcv_mhc.pdb
[SAVED] 6Y29: 6y29_mhc.pdb
[SAVED] 4EUP: 4eup_mhc.pdb
[SAVED] 3LV3: 3lv3_mhc.pdb
[SAVED] 2AXF: 2axf_mhc.pdb
[SAVED] 3BP7: 3bp7_mhc.pdb
[SAVED] 3KPN: 3kpn_mhc.pdb
[SAVED] 1TMC: 1tmc_mhc.pdb
[SAVED] 3QDJ: 3qdj_mhc.pdb
[SAVED] 5WMR: 5wmr_mhc.pdb
[SAVED] 7RE7: 7re7_mhc.pdb
[SAVED] 5DEG: 5deg_mhc.pdb
[SAVED] 5IB1: 5ib1_mhc.pdb
[SAVED] 4G9D: 4g9d_mhc.pdb
[SAVED] 8VRA: 8vra_mhc.pdb
[SAVED] 2VLR: 2vlr_mhc.pdb
[SAVED] 3BP4: 3bp4_mhc.pdb
[SAVED] 6VQD: 6vqd_mhc.pdb
[SAVED] 8HN4: 8hn4_mhc.pdb
[SAVED] 1M05: 1m05_mhc.pdb
[SAVED] 7DYN: 7dyn_mhc.pdb
[SAVED] 6Y28: 6y28_mhc.pdb
[SAVED] 7CIS: 7cis_mhc.pdb
[SAVED] 1KPR: 1kpr_mhc.pdb
[SAVED] 4G9F: 4g9f_mhc.pdb
[SAVED] 5D2N: 5d2n_mhc.pdb
[SAVED] 1A1M: 1a1m_mhc.pdb
[SAVED] 3BO8: 3bo8_mhc.pdb
[SAVED] 9C6W: 9c6w_mhc.pdb
[SAVED] 6EI2: 6ei2_mhc.pdb
[SAVED] 6Y27: 6y27_mhc.pdb
[SAVED] 4G8I: 4g8i_mhc.pdb
[SAVED] 8ESB: 8esb_mhc.pdb
[SAVED] 8RRO: 8rro_mhc.pdb
[SAVED] 6VPZ: 6vpz_mhc.pdb
[SAVED] 6APN: 6apn_mhc.pdb
[SAVED] 1UXW: 1uxw_mhc.pdb
[SAVED] 8YIV: 8yiv_mhc.pdb
[SAVED] 9C6V: 9c6v_mhc.pdb
[SAVED] 3CZF: 3czf_mhc.pdb
[SAVED] 1HSA: 1hsa_mhc.pdb
[SAVED] 5IB4: 5ib4_mhc.pdb
[SAVED] 2A83: 2a83_mhc.pdb
[SAVED] 2BSR: 2bsr_mhc.pdb
[SAVED] 8T7R: 8t7r_mhc.pdb
[SAVED] 1OF2: 1of2_mhc.pdb
[SAVED] 8VR9: 8vr9_mhc.pdb
[SAVED] 8T6M: 8t6m_mhc.pdb
[SAVED] 7CIQ: 7ciq_mhc.pdb
[SAVED] 5VGE: 5vge_mhc.pdb
[SAVED] 6UON: 6uon_mhc.pdb
[SAVED] 8YJ2: 8yj2_mhc.pdb
[SAVED] 5IB2: 5ib2_mhc.pdb
[SAVED] 3B6S: 3b6s_mhc.pdb
[SAVED] 1OGT: 1ogt_mhc.pdb
[SAVED] 7N2Q: 7n2q_mhc.pdb
[SAVED] 6Y2A: 6y2a_mhc.pdb
[SAVED] 8V50: 8v50_mhc.pdb
[SAVED] 8GVI: 8gvi_mhc.pdb
[SAVED] 3CII: 3cii_mhc.pdb
[SAVED] 7QPD: 7qpd_mhc.pdb
[SAVED] 4U1K: 4u1k_mhc.pdb
[SAVED] 1JGE: 1jge_mhc.pdb
[SAVED] 8ESA: 8esa_mhc.pdb
[SAVED] 5IB3: 5ib3_mhc.pdb
[SAVED] 1UXS: 1uxs_mhc.pdb
[SAVED] 2HLA: 2hla_mhc.pdb
[SAVED] 8EC5: 8ec5_mhc.pdb
[SAVED] 8VRB: 8vrb_mhc.pdb
[SAVED] 1QQD: 1qqd_mhc.pdb
[SAVED] 7DUU: 7duu_mhc.pdb
[SAVED] 1EFX: 1efx_mhc.pdb
[SAVED] 8TMU: 8tmu_mhc.pdb
[SAVED] 5XS3: 5xs3_mhc.pdb
[SAVED] 1IM9: 1im9_mhc.pdb
[SAVED] 5E6I: 5e6i_mhc.pdb
[SAVED] 9C3E: 9c3e_mhc.pdb
[SAVED] 6PUI: 6pui_mhc.pdb
[SAVED] 5U1R: 5u1r_mhc.pdb
[SAVED] 5U72: 5u72_mhc.pdb
[SAVED] 6PUL: 6pul_mhc.pdb
[SAVED] 5U16: 5u16_mhc.pdb
[SAVED] 6PUD: 6pud_mhc.pdb
[SAVED] 6XQP: 6xqp_mhc.pdb
[SAVED] 7ZT8: 7zt8_mhc.pdb
[SAVED] 9BTX: 9btx_mhc.pdb
[SAVED] 5U6Q: 5u6q_mhc.pdb
[SAVED] 4NQD: 4nqd_mhc.pdb
[SAVED] 6PUM: 6pum_mhc.pdb
[SAVED] 4L4V: 4l4v_mhc.pdb
[SAVED] 6PUC: 6puc_mhc.pdb
[SAVED] 6PUJ: 6puj_mhc.pdb
[SAVED] 9CGS: 9cgs_mhc.pdb
[SAVED] 6W9U: 6w9u_mhc.pdb
[SAVED] 6PUH: 6puh_mhc.pdb
[SAVED] 9CGR: 9cgr_mhc.pdb
[SAVED] 8Y6X: 8y6x_mhc.pdb
[SAVED] 4PJF: 4pjf_mhc.pdb
[SAVED] 5D7I: 5d7i_mhc.pdb
[SAVED] 6PVD: 6pvd_mhc.pdb
[SAVED] 6PVC: 6pvc_mhc.pdb
[SAVED] 6PUF: 6puf_mhc.pdb
[SAVED] 4PJI: 4pji_mhc.pdb
[SAVED] 4NQE: 4nqe_mhc.pdb
[SAVED] 4NQC: 4nqc_mhc.pdb
[SAVED] 5U2V: 5u2v_mhc.pdb
[SAVED] 4PJ5: 4pj5_mhc.pdb
[SAVED] 9BTY: 9bty_mhc.pdb
[SAVED] 6PUG: 6pug_mhc.pdb
[SAVED] 6PUE: 6pue_mhc.pdb
[SAVED] 5U17: 5u17_mhc.pdb
[SAVED] 7ZT3: 7zt3_mhc.pdb
[SAVED] 4PJE: 4pje_mhc.pdb
[SAVED] 4PJ8: 4pj8_mhc.pdb
[SAVED] 5D7L: 5d7l_mhc.pdb
[SAVED] 6PUK: 6puk_mhc.pdb
[SAVED] 6W9V: 6w9v_mhc.pdb
[SAVED] 7ZT2: 7zt2_mhc.pdb
[SAVED] 4PJ9: 4pj9_mhc.pdb
[SAVED] 9BTZ: 9btz_mhc.pdb
[SAVED] 4PJG: 4pjg_mhc.pdb
[SAVED] 4PJC: 4pjc_mhc.pdb
[SAVED] 7UFJ: 7ufj_mhc.pdb
[SAVED] 5D7J: 5d7j_mhc.pdb
[SAVED] 4PJ7: 4pj7_mhc.pdb
[SAVED] 9BU0: 9bu0_mhc.pdb
[SAVED] 4PJH: 4pjh_mhc.pdb
[SAVED] 5D5M: 5d5m_mhc.pdb
[SAVED] 8BP6: 8bp6_mhc.pdb
[SAVED] 7ZT5: 7zt5_mhc.pdb
[SAVED] 4PJD: 4pjd_mhc.pdb
[SAVED] 7ZT7: 7zt7_mhc.pdb
[SAVED] 4PJX: 4pjx_mhc.pdb
[SAVED] 7ZT4: 7zt4_mhc.pdb
[SAVED] 4PJA: 4pja_mhc.pdb
[SAVED] 7LLI: 7lli_mhc.pdb
[SAVED] 4LCW: 4lcw_mhc.pdb
[SAVED] 4L4T: 4l4t_mhc.pdb
[SAVED] 7UMG: 7umg_mhc.pdb
[SAVED] 4GUP: 4gup_mhc.pdb
[SAVED] 7ZT9: 7zt9_mhc.pdb
[SAVED] 4PJB: 4pjb_mhc.pdb
[SAVED] 7LLJ: 7llj_mhc.pdb
[SAVED] 1T7X: 1t7x_mhc.pdb
[SAVED] 6MWR: 6mwr_mhc.pdb
[SAVED] 1T7Y: 1t7y_mhc.pdb
[SAVED] 3ES6: 3es6_mhc.pdb
[SAVED] 1T7Z: 1t7z_mhc.pdb
[SAVED] 1T80: 1t80_mhc.pdb
[SAVED] 1DE4: 1de4_mhc.pdb
[SAVED] 1T7V: 1t7v_mhc.pdb
[SAVED] 1T7W: 1t7w_mhc.pdb
[SAVED] 6R2U: 6r2u_mhc.pdb
[SAVED] 1A6Z: 1a6z_mhc.pdb
[SAVED] 1ZAG: 1zag_mhc.pdb
[SAVED] 7RNO: 7rno_mhc.pdb
[SAVED] 6NHA: 6nha_mhc.pdb
[SAVED] 6C98: 6c98_mhc.pdb
[SAVED] 7Q15: 7q15_mhc.pdb
[SAVED] 6WNA: 6wna_mhc.pdb
[SAVED] 6C97: 6c97_mhc.pdb
[SAVED] 6WOL: 6wol_mhc.pdb
[SAVED] 2WY3: 2wy3_mhc.pdb
[SAVED] 6QIO: 6qio_mhc.pdb
[SAVED] 5BJT: 5bjt_mhc.pdb
[SAVED] 6C99: 6c99_mhc.pdb
[SAVED] 4N0F: 4n0f_mhc.pdb
[SAVED] 4N0U: 4n0u_mhc.pdb
[SAVED] 6FGB: 6fgb_mhc.pdb
[SAVED] 6LA6: 6la6_mhc.pdb
[SAVED] 6QIP: 6qip_mhc.pdb
[SAVED] 6ILM: 6ilm_mhc.pdb
[SAVED] 4WO4: 4wo4_mhc.pdb
[SAVED] 1JE6: 1je6_mhc.pdb
[SAVED] 8TM0: 8tm0_mhc.pdb
[SAVED] 5WHK: 5whk_mhc.pdb
[SAVED] 6V7Y: 6v7y_mhc.pdb
[SAVED] 3M17: 3m17_mhc.pdb
[SAVED] 8TM2: 8tm2_mhc.pdb
[SAVED] 5BXF: 5bxf_mhc.pdb
[SAVED] 8SOS: 8sos_mhc.pdb
[SAVED] 4K71: 4k71_mhc.pdb
[SAVED] 3SDX: 3sdx_mhc.pdb
[SAVED] 1ONQ: 1onq_mhc.pdb
[SAVED] 1EXU: 1exu_mhc.pdb
[SAVED] 6LA7: 6la7_mhc.pdb
[SAVED] 7MXF: 7mxf_mhc.pdb
[SAVED] 8TLZ: 8tlz_mhc.pdb
[SAVED] 3M1B: 3m1b_mhc.pdb
[SAVED] 3JTC: 3jtc_mhc.pdb
[SAVED] 7MX4: 7mx4_mhc.pdb
[SAVED] 7C9V: 7c9v_mhc.pdb
[SAVED] 1KCG: 1kcg_mhc.pdb
[SAVED] 4S0U: 4s0u_mhc.pdb
[SAVED] 1B3J: 1b3j_mhc.pdb
[SAVED] 3U0P: 3u0p_mhc.pdb
[SAVED] 1XZ0: 1xz0_mhc.pdb
[SAVED] 4WW2: 4ww2_mhc.pdb
[SAVED] 6V7Z: 6v7z_mhc.pdb
[SAVED] 1LQV: 1lqv_mhc.pdb
[SAVED] 8DV4: 8dv4_mhc.pdb
[SAVED] 4LHU: 4lhu_mhc.pdb
[SAVED] 8SGM: 8sgm_mhc.pdb
[SAVED] 3HUJ: 3huj_mhc.pdb
[SAVED] 6SNY: 6sny_mhc.pdb
[SAVED] 8DV3: 8dv3_mhc.pdb
[SAVED] 3D2U: 3d2u_mhc.pdb
[SAVED] 3VWK: 3vwk_mhc.pdb
[SAVED] 7RYO: 7ryo_mhc.pdb
[SAVED] 3TZV: 3tzv_mhc.pdb
[SAVED] 1L8J: 1l8j_mhc.pdb
[SAVED] 7FI9: 7fi9_mhc.pdb
[SAVED] 7RYN: 7ryn_mhc.pdb
[SAVED] 8GLE: 8gle_mhc.pdb
[SAVED] 4MNG: 4mng_mhc.pdb
[SAVED] 7MXH: 7mxh_mhc.pdb
[SAVED] 7FI6: 7fi6_mhc.pdb
[SAVED] 8GLF: 8glf_mhc.pdb
[SAVED] 5L2J: 5l2j_mhc.pdb
[SAVED] 4EN3: 4en3_mhc.pdb
[SAVED] 7KP1: 7kp1_mhc.pdb
[SAVED] 7OKS: 7oks_mhc.pdb
[SAVED] 8SGB: 8sgb_mhc.pdb
[SAVED] 6NUX: 6nux_mhc.pdb
[SAVED] 1GZP: 1gzp_mhc.pdb
[SAVED] 1HYR: 1hyr_mhc.pdb
[SAVED] 8GLH: 8glh_mhc.pdb
[SAVED] 7FI5: 7fi5_mhc.pdb
[SAVED] 7KP0: 7kp0_mhc.pdb
[SAVED] 5C9J: 5c9j_mhc.pdb
[SAVED] 4X6D: 4x6d_mhc.pdb
[SAVED] 4V3E: 4v3e_mhc.pdb
[SAVED] 5WL1: 5wl1_mhc.pdb
[SAVED] 3OV6: 3ov6_mhc.pdb
[SAVED] 7OKU: 7oku_mhc.pdb
[SAVED] 7RYM: 7rym_mhc.pdb
[SAVED] 8GLI: 8gli_mhc.pdb
[SAVED] 3T8X: 3t8x_mhc.pdb
[SAVED] 6D64: 6d64_mhc.pdb
[SAVED] 7SH4: 7sh4_mhc.pdb
[SAVED] 4V3D: 4v3d_mhc.pdb
[SAVED] 6C09: 6c09_mhc.pdb
[SAVED] 8GLG: 8glg_mhc.pdb
[SAVED] 2PO6: 2po6_mhc.pdb
[SAVED] 4X6E: 4x6e_mhc.pdb
[SAVED] 7OKV: 7okv_mhc.pdb
[SAVED] 4ONO: 4ono_mhc.pdb
[SAVED] 7FI7: 7fi7_mhc.pdb
[SAVED] 6CUG: 6cug_mhc.pdb
[SAVED] 1GZQ: 1gzq_mhc.pdb
[SAVED] 7Q5D: 7q5d_mhc.pdb
[SAVED] 2H26: 2h26_mhc.pdb
[SAVED] 4WWK: 4wwk_mhc.pdb
[SAVED] 5L2K: 5l2k_mhc.pdb
[SAVED] 7OKT: 7okt_mhc.pdb
[SAVED] 3VWJ: 3vwj_mhc.pdb
[SAVED] 5J1A: 5j1a_mhc.pdb
[SAVED] 5WKE: 5wke_mhc.pdb
[SAVED] 5WKG: 5wkg_mhc.pdb
[SAVED] 1ZT4: 1zt4_mhc.pdb
[SAVED] 6V80: 6v80_mhc.pdb
[SAVED] 4MQ7: 4mq7_mhc.pdb
[SAVED] 7FI8: 7fi8_mhc.pdb
[SAVED] 5WKI: 5wki_mhc.pdb
[SAVED] 8ZOX: 8zox_mhc.pdb
[SAVED] 7KOZ: 7koz_mhc.pdb
[SAVED] 8C44: 8c44_mhc.pdb
[SAVED] 1UQS: 1uqs_mhc.pdb
[SAVED] 4X6F: 4x6f_mhc.pdb
[SAVED] 4X6C: 4x6c_mhc.pdb
[SAVED] 4FFE: 4ffe_mhc.pdb
[SAVED] 6C15: 6c15_mhc.pdb
[SAVED] 7XXA: 7xxa_mhc.pdb
[SAVED] 3S6C: 3s6c_mhc.pdb
[SAVED] 4PDC: 4pdc_mhc.pdb
[SAVED] 3IT8: 3it8_mhc.pdb
[DONE] saved=1165 skipped=0
[OUT] /mnt/c/Users/gio/Documents/foldseek_nefertari/filter/ligands_pipeline/step3/pdb/1_mhc_only
